Archive member included to satisfy reference by file (symbol)

e:/st/stm32cubeide_1.12.0/stm32cubeide/plugins/com.st.stm32cube.ide.mcu.externaltools.gnu-tools-for-stm32.10.3-2021.10.win32_1.0.200.202301161003/tools/bin/../lib/gcc/arm-none-eabi/10.3.1/../../../../arm-none-eabi/lib/thumb/v7e-m+fp/hard\libc_nano.a(lib_a-calloc.o)
                              ./Middlewares/Third_Party/mbedTLS/library/asn1parse.o (calloc)
e:/st/stm32cubeide_1.12.0/stm32cubeide/plugins/com.st.stm32cube.ide.mcu.externaltools.gnu-tools-for-stm32.10.3-2021.10.win32_1.0.200.202301161003/tools/bin/../lib/gcc/arm-none-eabi/10.3.1/../../../../arm-none-eabi/lib/thumb/v7e-m+fp/hard\libc_nano.a(lib_a-errno.o)
                              ./Core/Src/syscalls.o (__errno)
e:/st/stm32cubeide_1.12.0/stm32cubeide/plugins/com.st.stm32cube.ide.mcu.externaltools.gnu-tools-for-stm32.10.3-2021.10.win32_1.0.200.202301161003/tools/bin/../lib/gcc/arm-none-eabi/10.3.1/../../../../arm-none-eabi/lib/thumb/v7e-m+fp/hard\libc_nano.a(lib_a-exit.o)
                              e:/st/stm32cubeide_1.12.0/stm32cubeide/plugins/com.st.stm32cube.ide.mcu.externaltools.gnu-tools-for-stm32.10.3-2021.10.win32_1.0.200.202301161003/tools/bin/../lib/gcc/arm-none-eabi/10.3.1/../../../../arm-none-eabi/lib/thumb/v7e-m+fp/hard/crt0.o (exit)
e:/st/stm32cubeide_1.12.0/stm32cubeide/plugins/com.st.stm32cube.ide.mcu.externaltools.gnu-tools-for-stm32.10.3-2021.10.win32_1.0.200.202301161003/tools/bin/../lib/gcc/arm-none-eabi/10.3.1/../../../../arm-none-eabi/lib/thumb/v7e-m+fp/hard\libc_nano.a(lib_a-impure.o)
                              e:/st/stm32cubeide_1.12.0/stm32cubeide/plugins/com.st.stm32cube.ide.mcu.externaltools.gnu-tools-for-stm32.10.3-2021.10.win32_1.0.200.202301161003/tools/bin/../lib/gcc/arm-none-eabi/10.3.1/../../../../arm-none-eabi/lib/thumb/v7e-m+fp/hard\libc_nano.a(lib_a-exit.o) (_global_impure_ptr)
e:/st/stm32cubeide_1.12.0/stm32cubeide/plugins/com.st.stm32cube.ide.mcu.externaltools.gnu-tools-for-stm32.10.3-2021.10.win32_1.0.200.202301161003/tools/bin/../lib/gcc/arm-none-eabi/10.3.1/../../../../arm-none-eabi/lib/thumb/v7e-m+fp/hard\libc_nano.a(lib_a-init.o)
                              e:/st/stm32cubeide_1.12.0/stm32cubeide/plugins/com.st.stm32cube.ide.mcu.externaltools.gnu-tools-for-stm32.10.3-2021.10.win32_1.0.200.202301161003/tools/bin/../lib/gcc/arm-none-eabi/10.3.1/../../../../arm-none-eabi/lib/thumb/v7e-m+fp/hard/crt0.o (__libc_init_array)
e:/st/stm32cubeide_1.12.0/stm32cubeide/plugins/com.st.stm32cube.ide.mcu.externaltools.gnu-tools-for-stm32.10.3-2021.10.win32_1.0.200.202301161003/tools/bin/../lib/gcc/arm-none-eabi/10.3.1/../../../../arm-none-eabi/lib/thumb/v7e-m+fp/hard\libc_nano.a(lib_a-malloc.o)
                              ./Middlewares/Third_Party/mbedTLS/library/asn1parse.o (free)
e:/st/stm32cubeide_1.12.0/stm32cubeide/plugins/com.st.stm32cube.ide.mcu.externaltools.gnu-tools-for-stm32.10.3-2021.10.win32_1.0.200.202301161003/tools/bin/../lib/gcc/arm-none-eabi/10.3.1/../../../../arm-none-eabi/lib/thumb/v7e-m+fp/hard\libc_nano.a(lib_a-memcmp.o)
                              ./Middlewares/Third_Party/mbedTLS/library/asn1parse.o (memcmp)
e:/st/stm32cubeide_1.12.0/stm32cubeide/plugins/com.st.stm32cube.ide.mcu.externaltools.gnu-tools-for-stm32.10.3-2021.10.win32_1.0.200.202301161003/tools/bin/../lib/gcc/arm-none-eabi/10.3.1/../../../../arm-none-eabi/lib/thumb/v7e-m+fp/hard\libc_nano.a(lib_a-memcpy-stub.o)
                              ./Middlewares/Third_Party/FreeRTOS/Source/CMSIS_RTOS_V2/cmsis_os2.o (memcpy)
e:/st/stm32cubeide_1.12.0/stm32cubeide/plugins/com.st.stm32cube.ide.mcu.externaltools.gnu-tools-for-stm32.10.3-2021.10.win32_1.0.200.202301161003/tools/bin/../lib/gcc/arm-none-eabi/10.3.1/../../../../arm-none-eabi/lib/thumb/v7e-m+fp/hard\libc_nano.a(lib_a-memmove.o)
                              ./Middlewares/Third_Party/mbedTLS/library/bignum.o (memmove)
e:/st/stm32cubeide_1.12.0/stm32cubeide/plugins/com.st.stm32cube.ide.mcu.externaltools.gnu-tools-for-stm32.10.3-2021.10.win32_1.0.200.202301161003/tools/bin/../lib/gcc/arm-none-eabi/10.3.1/../../../../arm-none-eabi/lib/thumb/v7e-m+fp/hard\libc_nano.a(lib_a-memset.o)
                              e:/st/stm32cubeide_1.12.0/stm32cubeide/plugins/com.st.stm32cube.ide.mcu.externaltools.gnu-tools-for-stm32.10.3-2021.10.win32_1.0.200.202301161003/tools/bin/../lib/gcc/arm-none-eabi/10.3.1/../../../../arm-none-eabi/lib/thumb/v7e-m+fp/hard/crt0.o (memset)
e:/st/stm32cubeide_1.12.0/stm32cubeide/plugins/com.st.stm32cube.ide.mcu.externaltools.gnu-tools-for-stm32.10.3-2021.10.win32_1.0.200.202301161003/tools/bin/../lib/gcc/arm-none-eabi/10.3.1/../../../../arm-none-eabi/lib/thumb/v7e-m+fp/hard\libc_nano.a(lib_a-nano-callocr.o)
[...]
Memory Configuration

Name             Origin             Length             Attributes
RAM              0x0000000020000000 0x0000000000020000 xrw
FLASH            0x0000000008000000 0x0000000000080000 xr
*default*        0x0000000000000000 0xffffffffffffffff

Linker script and memory map

LOAD e:/st/stm32cubeide_1.12.0/stm32cubeide/plugins/com.st.stm32cube.ide.mcu.externaltools.gnu-tools-for-stm32.10.3-2021.10.win32_1.0.200.202301161003/tools/bin/../lib/gcc/arm-none-eabi/10.3.1/thumb/v7e-m+fp/hard/crti.o
LOAD e:/st/stm32cubeide_1.12.0/stm32cubeide/plugins/com.st.stm32cube.ide.mcu.externaltools.gnu-tools-for-stm32.10.3-2021.10.win32_1.0.200.202301161003/tools/bin/../lib/gcc/arm-none-eabi/10.3.1/thumb/v7e-m+fp/hard/crtbegin.o
LOAD e:/st/stm32cubeide_1.12.0/stm32cubeide/plugins/com.st.stm32cube.ide.mcu.externaltools.gnu-tools-for-stm32.10.3-2021.10.win32_1.0.200.202301161003/tools/bin/../lib/gcc/arm-none-eabi/10.3.1/../../../../arm-none-eabi/lib/thumb/v7e-m+fp/hard/crt0.o
LOAD ./Core/Src/freertos.o
LOAD ./Core/Src/main.o
LOAD ./Core/Src/stm32f4xx_hal_msp.o
LOAD ./Core/Src/stm32f4xx_it.o
LOAD ./Core/Src/syscalls.o
LOAD ./Core/Src/sysmem.o
LOAD ./Core/Src/system_stm32f4xx.o
LOAD ./Core/Startup/startup_stm32f446retx.o
LOAD ./Drivers/STM32F4xx_HAL_Driver/Src/stm32f4xx_hal.o
LOAD ./Drivers/STM32F4xx_HAL_Driver/Src/stm32f4xx_hal_cortex.o
LOAD ./Drivers/STM32F4xx_HAL_Driver/Src/stm32f4xx_hal_dma.o
LOAD ./Drivers/STM32F4xx_HAL_Driver/Src/stm32f4xx_hal_dma_ex.o
LOAD ./Drivers/STM32F4xx_HAL_Driver/Src/stm32f4xx_hal_exti.o
LOAD ./Drivers/STM32F4xx_HAL_Driver/Src/stm32f4xx_hal_flash.o
LOAD ./Drivers/STM32F4xx_HAL_Driver/Src/stm32f4xx_hal_flash_ex.o
LOAD ./Drivers/STM32F4xx_HAL_Driver/Src/stm32f4xx_hal_flash_ramfunc.o
LOAD ./Drivers/STM32F4xx_HAL_Driver/Src/stm32f4xx_hal_gpio.o
LOAD ./Drivers/STM32F4xx_HAL_Driver/Src/stm32f4xx_hal_i2s.o
LOAD ./Drivers/STM32F4xx_HAL_Driver/Src/stm32f4xx_hal_i2s_ex.o
LOAD ./Drivers/STM32F4xx_HAL_Driver/Src/stm32f4xx_hal_pwr.o
LOAD ./Drivers/STM32F4xx_HAL_Driver/Src/stm32f4xx_hal_pwr_ex.o
LOAD ./Drivers/STM32F4xx_HAL_Driver/Src/stm32f4xx_hal_rcc.o
LOAD ./Drivers/STM32F4xx_HAL_Driver/Src/stm32f4xx_hal_rcc_ex.o
LOAD ./MBEDTLS/App/mbedtls.o
LOAD ./Middlewares/Third_Party/FreeRTOS/Source/CMSIS_RTOS_V2/cmsis_os2.o
LOAD ./Middlewares/Third_Party/FreeRTOS/Source/croutine.o
LOAD ./Middlewares/Third_Party/FreeRTOS/Source/event_groups.o
LOAD ./Middlewares/Third_Party/FreeRTOS/Source/list.o
LOAD ./Middlewares/Third_Party/FreeRTOS/Source/queue.o
LOAD ./Middlewares/Third_Party/FreeRTOS/Source/stream_buffer.o
LOAD ./Middlewares/Third_Party/FreeRTOS/Source/tasks.o
LOAD ./Middlewares/Third_Party/FreeRTOS/Source/timers.o
LOAD ./Middlewares/Third_Party/FreeRTOS/Source/portable/GCC/ARM_CM4F/port.o
LOAD ./Middlewares/Third_Party/FreeRTOS/Source/portable/MemMang/heap_4.o
LOAD ./Middlewares/Third_Party/mbedTLS/library/aes.o
LOAD ./Middlewares/Third_Party/mbedTLS/library/asn1parse.o
LOAD ./Middlewares/Third_Party/mbedTLS/library/asn1write.o
LOAD ./Middlewares/Third_Party/mbedTLS/library/base64.o
LOAD ./Middlewares/Third_Party/mbedTLS/library/bignum.o
LOAD ./Middlewares/Third_Party/mbedTLS/library/camellia.o
LOAD ./Middlewares/Third_Party/mbedTLS/library/certs.o
LOAD ./Middlewares/Third_Party/mbedTLS/library/chacha20.o
LOAD ./Middlewares/Third_Party/mbedTLS/library/chachapoly.o
LOAD ./Middlewares/Third_Party/mbedTLS/library/cipher.o
LOAD ./Middlewares/Third_Party/mbedTLS/library/cipher_wrap.o
LOAD ./Middlewares/Third_Party/mbedTLS/library/ctr_drbg.o
LOAD ./Middlewares/Third_Party/mbedTLS/library/dhm.o
LOAD ./Middlewares/Third_Party/mbedTLS/library/ecdh.o
LOAD ./Middlewares/Third_Party/mbedTLS/library/ecdsa.o
LOAD ./Middlewares/Third_Party/mbedTLS/library/ecp.o
LOAD ./Middlewares/Third_Party/mbedTLS/library/ecp_curves.o
LOAD ./Middlewares/Third_Party/mbedTLS/library/entropy.o
LOAD ./Middlewares/Third_Party/mbedTLS/library/entropy_poll.o
LOAD ./Middlewares/Third_Party/mbedTLS/library/gcm.o
LOAD ./Middlewares/Third_Party/mbedTLS/library/hkdf.o
LOAD ./Middlewares/Third_Party/mbedTLS/library/md.o
LOAD ./Middlewares/Third_Party/mbedTLS/library/md_wrap.o
LOAD ./Middlewares/Third_Party/mbedTLS/library/memory_buffer_alloc.o
LOAD ./Middlewares/Third_Party/mbedTLS/library/oid.o
LOAD ./Middlewares/Third_Party/mbedTLS/library/pem.o
LOAD ./Middlewares/Third_Party/mbedTLS/library/pk.o
LOAD ./Middlewares/Third_Party/mbedTLS/library/pk_wrap.o
LOAD ./Middlewares/Third_Party/mbedTLS/library/pkparse.o
LOAD ./Middlewares/Third_Party/mbedTLS/library/platform.o
LOAD ./Middlewares/Third_Party/mbedTLS/library/platform_util.o
LOAD ./Middlewares/Third_Party/mbedTLS/library/poly1305.o
LOAD ./Middlewares/Third_Party/mbedTLS/library/rsa_internal.o
LOAD ./Middlewares/Third_Party/mbedTLS/library/sha256.o
LOAD ./Middlewares/Third_Party/mbedTLS/library/sha512.o
LOAD ./Middlewares/Third_Party/mbedTLS/library/ssl_ciphersuites.o
LOAD ./Middlewares/Third_Party/mbedTLS/library/version_features.o
LOAD ./Middlewares/Third_Party/mbedTLS/library/x509.o
LOAD ./Middlewares/Third_Party/mbedTLS/library/x509_crt.o
LOAD ../Middlewares/ST/ARM/DSP/Lib\libarm_cortexM4lf_math.a
START GROUP
LOAD e:/st/stm32cubeide_1.12.0/stm32cubeide/plugins/com.st.stm32cube.ide.mcu.externaltools.gnu-tools-for-stm32.10.3-2021.10.win32_1.0.200.202301161003/tools/bin/../lib/gcc/arm-none-eabi/10.3.1/../../../../arm-none-eabi/lib/thumb/v7e-m+fp/hard\libc_nano.a
LOAD e:/st/stm32cubeide_1.12.0/stm32cubeide/plugins/com.st.stm32cube.ide.mcu.externaltools.gnu-tools-for-stm32.10.3-2021.10.win32_1.0.200.202301161003/tools/bin/../lib/gcc/arm-none-eabi/10.3.1/../../../../arm-none-eabi/lib/thumb/v7e-m+fp/hard\libm.a
END GROUP
START GROUP
LOAD e:/st/stm32cubeide_1.12.0/stm32cubeide/plugins/com.st.stm32cube.ide.mcu.externaltools.gnu-tools-for-stm32.10.3-2021.10.win32_1.0.200.202301161003/tools/bin/../lib/gcc/arm-none-eabi/10.3.1/thumb/v7e-m+fp/hard\libgcc.a
LOAD e:/st/stm32cubeide_1.12.0/stm32cubeide/plugins/com.st.stm32cube.ide.mcu.externaltools.gnu-tools-for-stm32.10.3-2021.10.win32_1.0.200.202301161003/tools/bin/../lib/gcc/arm-none-eabi/10.3.1/../../../../arm-none-eabi/lib/thumb/v7e-m+fp/hard\libc_nano.a
END GROUP
START GROUP
LOAD e:/st/stm32cubeide_1.12.0/stm32cubeide/plugins/com.st.stm32cube.ide.mcu.externaltools.gnu-tools-for-stm32.10.3-2021.10.win32_1.0.200.202301161003/tools/bin/../lib/gcc/arm-none-eabi/10.3.1/thumb/v7e-m+fp/hard\libgcc.a
LOAD e:/st/stm32cubeide_1.12.0/stm32cubeide/plugins/com.st.stm32cube.ide.mcu.externaltools.gnu-tools-for-stm32.10.3-2021.10.win32_1.0.200.202301161003/tools/bin/../lib/gcc/arm-none-eabi/10.3.1/../../../../arm-none-eabi/lib/thumb/v7e-m+fp/hard\libc_nano.a
LOAD e:/st/stm32cubeide_1.12.0/stm32cubeide/plugins/com.st.stm32cube.ide.mcu.externaltools.gnu-tools-for-stm32.10.3-2021.10.win32_1.0.200.202301161003/tools/bin/../lib/gcc/arm-none-eabi/10.3.1/../../../../arm-none-eabi/lib/thumb/v7e-m+fp/hard\libnosys.a
END GROUP
START GROUP
LOAD e:/st/stm32cubeide_1.12.0/stm32cubeide/plugins/com.st.stm32cube.ide.mcu.externaltools.gnu-tools-for-stm32.10.3-2021.10.win32_1.0.200.202301161003/tools/bin/../lib/gcc/arm-none-eabi/10.3.1/thumb/v7e-m+fp/hard\libgcc.a
LOAD e:/st/stm32cubeide_1.12.0/stm32cubeide/plugins/com.st.stm32cube.ide.mcu.externaltools.gnu-tools-for-stm32.10.3-2021.10.win32_1.0.200.202301161003/tools/bin/../lib/gcc/arm-none-eabi/10.3.1/../../../../arm-none-eabi/lib/thumb/v7e-m+fp/hard\libc_nano.a
LOAD e:/st/stm32cubeide_1.12.0/stm32cubeide/plugins/com.st.stm32cube.ide.mcu.externaltools.gnu-tools-for-stm32.10.3-2021.10.win32_1.0.200.202301161003/tools/bin/../lib/gcc/arm-none-eabi/10.3.1/../../../../arm-none-eabi/lib/thumb/v7e-m+fp/hard\libnosys.a
END GROUP
LOAD e:/st/stm32cubeide_1.12.0/stm32cubeide/plugins/com.st.stm32cube.ide.mcu.externaltools.gnu-tools-for-stm32.10.3-2021.10.win32_1.0.200.202301161003/tools/bin/../lib/gcc/arm-none-eabi/10.3.1/thumb/v7e-m+fp/hard/crtend.o
LOAD e:/st/stm32cubeide_1.12.0/stm32cubeide/plugins/com.st.stm32cube.ide.mcu.externaltools.gnu-tools-for-stm32.10.3-2021.10.win32_1.0.200.202301161003/tools/bin/../lib/gcc/arm-none-eabi/10.3.1/thumb/v7e-m+fp/hard/crtn.o
                0x0000000020020000                _estack = (ORIGIN (RAM) + LENGTH (RAM))
                0x0000000000000200                _Min_Heap_Size = 0x200
                0x0000000000000400                _Min_Stack_Size = 0x400

.isr_vector     0x0000000008000000      0x1c4
                0x0000000008000000                . = ALIGN (0x4)
 *(.isr_vector)
 .isr_vector    0x0000000008000000      0x1c4 ./Core/Startup/startup_stm32f446retx.o
                0x0000000008000000                g_pfnVectors
                0x00000000080001c4                . = ALIGN (0x4)

.text           0x00000000080001d0     0x5ec8
                0x00000000080001d0                . = ALIGN (0x4)
 *(.text)
 .text          0x00000000080001d0       0x40 e:/st/stm32cubeide_1.12.0/stm32cubeide/plugins/com.st.stm32cube.ide.mcu.externaltools.gnu-tools-for-stm32.10.3-2021.10.win32_1.0.200.202301161003/tools/bin/../lib/gcc/arm-none-eabi/10.3.1/thumb/v7e-m+fp/hard/crtbegin.o
 .text          0x0000000008000210       0x30 e:/st/stm32cubeide_1.12.0/stm32cubeide/plugins/com.st.stm32cube.ide.mcu.externaltools.gnu-tools-for-stm32.10.3-2021.10.win32_1.0.200.202301161003/tools/bin/../lib/gcc/arm-none-eabi/10.3.1/thumb/v7e-m+fp/hard\libgcc.a(_aeabi_uldivmod.o)
                0x0000000008000210                __aeabi_uldivmod
 .text          0x0000000008000240      0x2d0 e:/st/stm32cubeide_1.12.0/stm32cubeide/plugins/com.st.stm32cube.ide.mcu.externaltools.gnu-tools-for-stm32.10.3-2021.10.win32_1.0.200.202301161003/tools/bin/../lib/gcc/arm-none-eabi/10.3.1/thumb/v7e-m+fp/hard\libgcc.a(_udivmoddi4.o)
                0x0000000008000240                __udivmoddi4
 .text          0x0000000008000510        0x4 e:/st/stm32cubeide_1.12.0/stm32cubeide/plugins/com.st.stm32cube.ide.mcu.externaltools.gnu-tools-for-stm32.10.3-2021.10.win32_1.0.200.202301161003/tools/bin/../lib/gcc/arm-none-eabi/10.3.1/thumb/v7e-m+fp/hard\libgcc.a(_dvmd_tls.o)
                0x0000000008000510                __aeabi_idiv0
                0x0000000008000510                __aeabi_ldiv0
 *(.text*)
 .text.main     0x0000000008000514       0x58 ./Core/Src/main.o
                0x0000000008000514                main
 .text.SystemClock_Config
                0x000000000800056c       0xe4 ./Core/Src/main.o
                0x000000000800056c                SystemClock_Config
 .text.MX_I2S2_Init
                0x0000000008000650       0x5c ./Core/Src/main.o
 .text.MX_DMA_Init
                0x00000000080006ac       0x40 ./Core/Src/main.o
 .text.MX_GPIO_Init
                0x00000000080006ec       0xf8 ./Core/Src/main.o
 .text.HAL_I2S_RxCpltCallback
                0x00000000080007e4       0x28 ./Core/Src/main.o
                0x00000000080007e4                HAL_I2S_RxCpltCallback
 .text.StartDefaultTask
                0x000000000800080c       0x10 ./Core/Src/main.o
                0x000000000800080c                StartDefaultTask
 .text.Error_Handler
                0x000000000800081c        0xa ./Core/Src/main.o
                0x000000000800081c                Error_Handler
 *fill*         0x0000000008000826        0x2 
 .text.HAL_MspInit
                0x0000000008000828       0x58 ./Core/Src/stm32f4xx_hal_msp.o
                0x0000000008000828                HAL_MspInit
 .text.HAL_I2S_MspInit
                0x0000000008000880      0x184 ./Core/Src/stm32f4xx_hal_msp.o
                0x0000000008000880                HAL_I2S_MspInit
 .text.NMI_Handler
                0x0000000008000a04        0x6 ./Core/Src/stm32f4xx_it.o
                0x0000000008000a04                NMI_Handler
 .text.HardFault_Handler
                0x0000000008000a0a        0x6 ./Core/Src/stm32f4xx_it.o
                0x0000000008000a0a                HardFault_Handler
 .text.MemManage_Handler
                0x0000000008000a10        0x6 ./Core/Src/stm32f4xx_it.o
                0x0000000008000a10                MemManage_Handler
 .text.BusFault_Handler
                0x0000000008000a16        0x6 ./Core/Src/stm32f4xx_it.o
                0x0000000008000a16                BusFault_Handler
 .text.UsageFault_Handler
                0x0000000008000a1c        0x6 ./Core/Src/stm32f4xx_it.o
                0x0000000008000a1c                UsageFault_Handler
 .text.DebugMon_Handler
                0x0000000008000a22        0xe ./Core/Src/stm32f4xx_it.o
                0x0000000008000a22                DebugMon_Handler
 .text.SysTick_Handler
                0x0000000008000a30       0x1a ./Core/Src/stm32f4xx_it.o
                0x0000000008000a30                SysTick_Handler
 *fill*         0x0000000008000a4a        0x2 
 .text.DMA1_Stream3_IRQHandler
                0x0000000008000a4c       0x14 ./Core/Src/stm32f4xx_it.o
                0x0000000008000a4c                DMA1_Stream3_IRQHandler
 .text.SystemInit
                0x0000000008000a60       0x24 ./Core/Src/system_stm32f4xx.o
                0x0000000008000a60                SystemInit
 .text.Reset_Handler
                0x0000000008000a84       0x50 ./Core/Startup/startup_stm32f446retx.o
                0x0000000008000a84                Reset_Handler
 .text.Default_Handler
                0x0000000008000ad4        0x2 ./Core/Startup/startup_stm32f446retx.o
                0x0000000008000ad4                RTC_Alarm_IRQHandler
                0x0000000008000ad4                EXTI2_IRQHandler
                0x0000000008000ad4                TIM8_CC_IRQHandler
                0x0000000008000ad4                FMPI2C1_EV_IRQHandler
                0x0000000008000ad4                SPI4_IRQHandler
                0x0000000008000ad4                TIM1_CC_IRQHandler
                0x0000000008000ad4                DMA2_Stream5_IRQHandler
                0x0000000008000ad4                DMA1_Stream5_IRQHandler
                0x0000000008000ad4                PVD_IRQHandler
                0x0000000008000ad4                SDIO_IRQHandler
                0x0000000008000ad4                TAMP_STAMP_IRQHandler
                0x0000000008000ad4                CAN2_RX1_IRQHandler
                0x0000000008000ad4                EXTI3_IRQHandler
                0x0000000008000ad4                TIM8_TRG_COM_TIM14_IRQHandler
                0x0000000008000ad4                TIM1_UP_TIM10_IRQHandler
                0x0000000008000ad4                TIM8_UP_TIM13_IRQHandler
                0x0000000008000ad4                I2C3_ER_IRQHandler
                0x0000000008000ad4                EXTI0_IRQHandler
                0x0000000008000ad4                I2C2_EV_IRQHandler
                0x0000000008000ad4                DMA1_Stream2_IRQHandler
                0x0000000008000ad4                CAN1_RX0_IRQHandler
                0x0000000008000ad4                FPU_IRQHandler
                0x0000000008000ad4                OTG_HS_WKUP_IRQHandler
                0x0000000008000ad4                CAN2_SCE_IRQHandler
                0x0000000008000ad4                DMA2_Stream2_IRQHandler
                0x0000000008000ad4                SPI1_IRQHandler
                0x0000000008000ad4                TIM6_DAC_IRQHandler
                0x0000000008000ad4                TIM1_BRK_TIM9_IRQHandler
                0x0000000008000ad4                DCMI_IRQHandler
                0x0000000008000ad4                CAN2_RX0_IRQHandler
                0x0000000008000ad4                DMA2_Stream3_IRQHandler
                0x0000000008000ad4                SAI2_IRQHandler
                0x0000000008000ad4                USART6_IRQHandler
                0x0000000008000ad4                USART3_IRQHandler
                0x0000000008000ad4                CAN1_RX1_IRQHandler
                0x0000000008000ad4                UART5_IRQHandler
                0x0000000008000ad4                DMA2_Stream0_IRQHandler
                0x0000000008000ad4                TIM4_IRQHandler
                0x0000000008000ad4                QUADSPI_IRQHandler
                0x0000000008000ad4                I2C1_EV_IRQHandler
                0x0000000008000ad4                DMA1_Stream6_IRQHandler
                0x0000000008000ad4                DMA1_Stream1_IRQHandler
                0x0000000008000ad4                UART4_IRQHandler
                0x0000000008000ad4                TIM3_IRQHandler
                0x0000000008000ad4                RCC_IRQHandler
                0x0000000008000ad4                TIM8_BRK_TIM12_IRQHandler
                0x0000000008000ad4                Default_Handler
                0x0000000008000ad4                CEC_IRQHandler
                0x0000000008000ad4                EXTI15_10_IRQHandler
                0x0000000008000ad4                ADC_IRQHandler
                0x0000000008000ad4                DMA1_Stream7_IRQHandler
                0x0000000008000ad4                TIM7_IRQHandler
                0x0000000008000ad4                CAN2_TX_IRQHandler
                0x0000000008000ad4                TIM5_IRQHandler
                0x0000000008000ad4                DMA2_Stream7_IRQHandler
                0x0000000008000ad4                I2C3_EV_IRQHandler
                0x0000000008000ad4                EXTI9_5_IRQHandler
                0x0000000008000ad4                RTC_WKUP_IRQHandler
                0x0000000008000ad4                SPDIF_RX_IRQHandler
                0x0000000008000ad4                SPI2_IRQHandler
                0x0000000008000ad4                OTG_HS_EP1_IN_IRQHandler
                0x0000000008000ad4                DMA1_Stream0_IRQHandler
                0x0000000008000ad4                CAN1_TX_IRQHandler
                0x0000000008000ad4                FMPI2C1_ER_IRQHandler
                0x0000000008000ad4                EXTI4_IRQHandler
                0x0000000008000ad4                OTG_HS_EP1_OUT_IRQHandler
                0x0000000008000ad4                WWDG_IRQHandler
                0x0000000008000ad4                TIM2_IRQHandler
                0x0000000008000ad4                OTG_FS_WKUP_IRQHandler
                0x0000000008000ad4                TIM1_TRG_COM_TIM11_IRQHandler
                0x0000000008000ad4                OTG_HS_IRQHandler
                0x0000000008000ad4                EXTI1_IRQHandler
                0x0000000008000ad4                USART2_IRQHandler
                0x0000000008000ad4                I2C2_ER_IRQHandler
                0x0000000008000ad4                DMA2_Stream1_IRQHandler
                0x0000000008000ad4                CAN1_SCE_IRQHandler
                0x0000000008000ad4                FLASH_IRQHandler
                0x0000000008000ad4                DMA2_Stream4_IRQHandler
                0x0000000008000ad4                USART1_IRQHandler
                0x0000000008000ad4                OTG_FS_IRQHandler
                0x0000000008000ad4                SPI3_IRQHandler
                0x0000000008000ad4                DMA1_Stream4_IRQHandler
                0x0000000008000ad4                I2C1_ER_IRQHandler
                0x0000000008000ad4                FMC_IRQHandler
                0x0000000008000ad4                DMA2_Stream6_IRQHandler
                0x0000000008000ad4                SAI1_IRQHandler
 *fill*         0x0000000008000ad6        0x2 
 .text.HAL_Init
                0x0000000008000ad8       0x44 ./Drivers/STM32F4xx_HAL_Driver/Src/stm32f4xx_hal.o
                0x0000000008000ad8                HAL_Init
 .text.HAL_InitTick
                0x0000000008000b1c       0x60 ./Drivers/STM32F4xx_HAL_Driver/Src/stm32f4xx_hal.o
                0x0000000008000b1c                HAL_InitTick
 .text.HAL_IncTick
                0x0000000008000b7c       0x28 ./Drivers/STM32F4xx_HAL_Driver/Src/stm32f4xx_hal.o
                0x0000000008000b7c                HAL_IncTick
 .text.HAL_GetTick
                0x0000000008000ba4       0x18 ./Drivers/STM32F4xx_HAL_Driver/Src/stm32f4xx_hal.o
                0x0000000008000ba4                HAL_GetTick
 .text.__NVIC_SetPriorityGrouping
                0x0000000008000bbc       0x48 ./Drivers/STM32F4xx_HAL_Driver/Src/stm32f4xx_hal_cortex.o
 .text.__NVIC_GetPriorityGrouping
                0x0000000008000c04       0x1c ./Drivers/STM32F4xx_HAL_Driver/Src/stm32f4xx_hal_cortex.o
 .text.__NVIC_EnableIRQ
                0x0000000008000c20       0x3c ./Drivers/STM32F4xx_HAL_Driver/Src/stm32f4xx_hal_cortex.o
 .text.__NVIC_SetPriority
                0x0000000008000c5c       0x54 ./Drivers/STM32F4xx_HAL_Driver/Src/stm32f4xx_hal_cortex.o
 .text.NVIC_EncodePriority
                0x0000000008000cb0       0x66 ./Drivers/STM32F4xx_HAL_Driver/Src/stm32f4xx_hal_cortex.o
 *fill*         0x0000000008000d16        0x2 
 .text.SysTick_Config
                0x0000000008000d18       0x44 ./Drivers/STM32F4xx_HAL_Driver/Src/stm32f4xx_hal_cortex.o
 .text.HAL_NVIC_SetPriorityGrouping
                0x0000000008000d5c       0x16 ./Drivers/STM32F4xx_HAL_Driver/Src/stm32f4xx_hal_cortex.o
                0x0000000008000d5c                HAL_NVIC_SetPriorityGrouping
 .text.HAL_NVIC_SetPriority
                0x0000000008000d72       0x38 ./Drivers/STM32F4xx_HAL_Driver/Src/stm32f4xx_hal_cortex.o
                0x0000000008000d72                HAL_NVIC_SetPriority
 .text.HAL_NVIC_EnableIRQ
                0x0000000008000daa       0x1c ./Drivers/STM32F4xx_HAL_Driver/Src/stm32f4xx_hal_cortex.o
                0x0000000008000daa                HAL_NVIC_EnableIRQ
 .text.HAL_SYSTICK_Config
                0x0000000008000dc6       0x18 ./Drivers/STM32F4xx_HAL_Driver/Src/stm32f4xx_hal_cortex.o
                0x0000000008000dc6                HAL_SYSTICK_Config
 *fill*         0x0000000008000dde        0x2 
 .text.HAL_DMA_Init
                0x0000000008000de0      0x15c ./Drivers/STM32F4xx_HAL_Driver/Src/stm32f4xx_hal_dma.o
                0x0000000008000de0                HAL_DMA_Init
 .text.HAL_DMA_Start_IT
                0x0000000008000f3c       0xb0 ./Drivers/STM32F4xx_HAL_Driver/Src/stm32f4xx_hal_dma.o
                0x0000000008000f3c                HAL_DMA_Start_IT
 .text.HAL_DMA_IRQHandler
                0x0000000008000fec      0x314 ./Drivers/STM32F4xx_HAL_Driver/Src/stm32f4xx_hal_dma.o
                0x0000000008000fec                HAL_DMA_IRQHandler
 .text.DMA_SetConfig
                0x0000000008001300       0x5c ./Drivers/STM32F4xx_HAL_Driver/Src/stm32f4xx_hal_dma.o
 .text.DMA_CalcBaseAndBitshift
                0x000000000800135c       0x6c ./Drivers/STM32F4xx_HAL_Driver/Src/stm32f4xx_hal_dma.o
 .text.DMA_CheckFifoParam
                0x00000000080013c8       0xf8 ./Drivers/STM32F4xx_HAL_Driver/Src/stm32f4xx_hal_dma.o
 .text.HAL_GPIO_Init
                0x00000000080014c0      0x328 ./Drivers/STM32F4xx_HAL_Driver/Src/stm32f4xx_hal_gpio.o
                0x00000000080014c0                HAL_GPIO_Init
 .text.HAL_I2S_Init
                0x00000000080017e8      0x1f0 ./Drivers/STM32F4xx_HAL_Driver/Src/stm32f4xx_hal_i2s.o
                0x00000000080017e8                HAL_I2S_Init
 .text.HAL_I2S_Receive_DMA
                0x00000000080019d8      0x178 ./Drivers/STM32F4xx_HAL_Driver/Src/stm32f4xx_hal_i2s.o
                0x00000000080019d8                HAL_I2S_Receive_DMA
 .text.HAL_I2S_TxCpltCallback
                0x0000000008001b50       0x14 ./Drivers/STM32F4xx_HAL_Driver/Src/stm32f4xx_hal_i2s.o
                0x0000000008001b50                HAL_I2S_TxCpltCallback
 .text.HAL_I2S_RxHalfCpltCallback
                0x0000000008001b64       0x14 ./Drivers/STM32F4xx_HAL_Driver/Src/stm32f4xx_hal_i2s.o
                0x0000000008001b64                HAL_I2S_RxHalfCpltCallback
 .text.HAL_I2S_ErrorCallback
                0x0000000008001b78       0x14 ./Drivers/STM32F4xx_HAL_Driver/Src/stm32f4xx_hal_i2s.o
                0x0000000008001b78                HAL_I2S_ErrorCallback
 .text.I2S_DMARxCplt
                0x0000000008001b8c       0x42 ./Drivers/STM32F4xx_HAL_Driver/Src/stm32f4xx_hal_i2s.o
 .text.I2S_DMARxHalfCplt
                0x0000000008001bce       0x1c ./Drivers/STM32F4xx_HAL_Driver/Src/stm32f4xx_hal_i2s.o
 .text.I2S_DMAError
                0x0000000008001bea       0x4c ./Drivers/STM32F4xx_HAL_Driver/Src/stm32f4xx_hal_i2s.o
 .text.I2S_Transmit_IT
                0x0000000008001c36       0x5c ./Drivers/STM32F4xx_HAL_Driver/Src/stm32f4xx_hal_i2s.o
 .text.I2S_Receive_IT
                0x0000000008001c92       0x5e ./Drivers/STM32F4xx_HAL_Driver/Src/stm32f4xx_hal_i2s.o
 .text.I2S_IRQHandler
                0x0000000008001cf0      0x114 ./Drivers/STM32F4xx_HAL_Driver/Src/stm32f4xx_hal_i2s.o
 .text.HAL_PWREx_EnableOverDrive
                0x0000000008001e04       0xa0 ./Drivers/STM32F4xx_HAL_Driver/Src/stm32f4xx_hal_pwr_ex.o
                0x0000000008001e04                HAL_PWREx_EnableOverDrive
 .text.HAL_RCC_ClockConfig
                0x0000000008001ea4      0x1cc ./Drivers/STM32F4xx_HAL_Driver/Src/stm32f4xx_hal_rcc.o
                0x0000000008001ea4                HAL_RCC_ClockConfig
 .text.HAL_RCCEx_PeriphCLKConfig
                0x0000000008002070      0x654 ./Drivers/STM32F4xx_HAL_Driver/Src/stm32f4xx_hal_rcc_ex.o
                0x0000000008002070                HAL_RCCEx_PeriphCLKConfig
 .text.HAL_RCCEx_GetPeriphCLKFreq
                0x00000000080026c4      0x490 ./Drivers/STM32F4xx_HAL_Driver/Src/stm32f4xx_hal_rcc_ex.o
                0x00000000080026c4                HAL_RCCEx_GetPeriphCLKFreq
 .text.HAL_RCC_GetSysClockFreq
                0x0000000008002b54      0x460 ./Drivers/STM32F4xx_HAL_Driver/Src/stm32f4xx_hal_rcc_ex.o
                0x0000000008002b54                HAL_RCC_GetSysClockFreq
 .text.HAL_RCC_OscConfig
                0x0000000008002fb4      0x53c ./Drivers/STM32F4xx_HAL_Driver/Src/stm32f4xx_hal_rcc_ex.o
                0x0000000008002fb4                HAL_RCC_OscConfig
 .text.MX_MBEDTLS_Init
                0x00000000080034f0        0xe ./MBEDTLS/App/mbedtls.o
                0x00000000080034f0                MX_MBEDTLS_Init
 *fill*         0x00000000080034fe        0x2 
 .text.__NVIC_SetPriority
                0x0000000008003500       0x54 ./Middlewares/Third_Party/FreeRTOS/Source/CMSIS_RTOS_V2/cmsis_os2.o
 .text.SVC_Setup
                0x0000000008003554       0x12 ./Middlewares/Third_Party/FreeRTOS/Source/CMSIS_RTOS_V2/cmsis_os2.o
 *fill*         0x0000000008003566        0x2 
 .text.osKernelInitialize
                0x0000000008003568       0x48 ./Middlewares/Third_Party/FreeRTOS/Source/CMSIS_RTOS_V2/cmsis_os2.o
                0x0000000008003568                osKernelInitialize
 .text.osKernelStart
                0x00000000080035b0       0x4c ./Middlewares/Third_Party/FreeRTOS/Source/CMSIS_RTOS_V2/cmsis_os2.o
                0x00000000080035b0                osKernelStart
 .text.osThreadNew
                0x00000000080035fc      0x124 ./Middlewares/Third_Party/FreeRTOS/Source/CMSIS_RTOS_V2/cmsis_os2.o
                0x00000000080035fc                osThreadNew
 .text.osDelay  0x0000000008003720       0x36 ./Middlewares/Third_Party/FreeRTOS/Source/CMSIS_RTOS_V2/cmsis_os2.o
                0x0000000008003720                osDelay
 *fill*         0x0000000008003756        0x2 
 .text.vApplicationGetIdleTaskMemory
                0x0000000008003758       0x34 ./Middlewares/Third_Party/FreeRTOS/Source/CMSIS_RTOS_V2/cmsis_os2.o
                0x0000000008003758                vApplicationGetIdleTaskMemory
 .text.vApplicationGetTimerTaskMemory
                0x000000000800378c       0x34 ./Middlewares/Third_Party/FreeRTOS/Source/CMSIS_RTOS_V2/cmsis_os2.o
                0x000000000800378c                vApplicationGetTimerTaskMemory
 .text.vListInitialise
                0x00000000080037c0       0x40 ./Middlewares/Third_Party/FreeRTOS/Source/list.o
                0x00000000080037c0                vListInitialise
 .text.vListInitialiseItem
                0x0000000008003800       0x1a ./Middlewares/Third_Party/FreeRTOS/Source/list.o
                0x0000000008003800                vListInitialiseItem
 .text.vListInsertEnd
                0x000000000800381a       0x48 ./Middlewares/Third_Party/FreeRTOS/Source/list.o
                0x000000000800381a                vListInsertEnd
 .text.vListInsert
                0x0000000008003862       0x72 ./Middlewares/Third_Party/FreeRTOS/Source/list.o
                0x0000000008003862                vListInsert
 .text.uxListRemove
                0x00000000080038d4       0x54 ./Middlewares/Third_Party/FreeRTOS/Source/list.o
                0x00000000080038d4                uxListRemove
 .text.xQueueGenericReset
                0x0000000008003928       0xd0 ./Middlewares/Third_Party/FreeRTOS/Source/queue.o
                0x0000000008003928                xQueueGenericReset
 .text.xQueueGenericCreateStatic
                0x00000000080039f8       0xf0 ./Middlewares/Third_Party/FreeRTOS/Source/queue.o
                0x00000000080039f8                xQueueGenericCreateStatic
 .text.prvInitialiseNewQueue
                0x0000000008003ae8       0x46 ./Middlewares/Third_Party/FreeRTOS/Source/queue.o
 *fill*         0x0000000008003b2e        0x2 
 .text.xQueueGenericSend
                0x0000000008003b30      0x1fc ./Middlewares/Third_Party/FreeRTOS/Source/queue.o
                0x0000000008003b30                xQueueGenericSend
 .text.xQueueGenericSendFromISR
                0x0000000008003d2c      0x136 ./Middlewares/Third_Party/FreeRTOS/Source/queue.o
                0x0000000008003d2c                xQueueGenericSendFromISR
 *fill*         0x0000000008003e62        0x2 
 .text.xQueueReceive
                0x0000000008003e64      0x1c0 ./Middlewares/Third_Party/FreeRTOS/Source/queue.o
                0x0000000008003e64                xQueueReceive
 .text.prvCopyDataToQueue
                0x0000000008004024       0xd4 ./Middlewares/Third_Party/FreeRTOS/Source/queue.o
 .text.prvCopyDataFromQueue
                0x00000000080040f8       0x4c ./Middlewares/Third_Party/FreeRTOS/Source/queue.o
 .text.prvUnlockQueue
                0x0000000008004144       0xa4 ./Middlewares/Third_Party/FreeRTOS/Source/queue.o
 .text.prvIsQueueEmpty
                0x00000000080041e8       0x2c ./Middlewares/Third_Party/FreeRTOS/Source/queue.o
 .text.prvIsQueueFull
                0x0000000008004214       0x30 ./Middlewares/Third_Party/FreeRTOS/Source/queue.o
 .text.vQueueAddToRegistry
                0x0000000008004244       0x54 ./Middlewares/Third_Party/FreeRTOS/Source/queue.o
                0x0000000008004244                vQueueAddToRegistry
 .text.vQueueWaitForMessageRestricted
                0x0000000008004298       0x68 ./Middlewares/Third_Party/FreeRTOS/Source/queue.o
                0x0000000008004298                vQueueWaitForMessageRestricted
 .text.xTaskCreateStatic
                0x0000000008004300       0xba ./Middlewares/Third_Party/FreeRTOS/Source/tasks.o
                0x0000000008004300                xTaskCreateStatic
 .text.xTaskCreate
                0x00000000080043ba       0x8a ./Middlewares/Third_Party/FreeRTOS/Source/tasks.o
                0x00000000080043ba                xTaskCreate
 .text.prvInitialiseNewTask
                0x0000000008004444      0x11e ./Middlewares/Third_Party/FreeRTOS/Source/tasks.o
 *fill*         0x0000000008004562        0x2 
 .text.prvAddNewTaskToReadyList
                0x0000000008004564       0xe0 ./Middlewares/Third_Party/FreeRTOS/Source/tasks.o
 .text.vTaskDelay
                0x0000000008004644       0x68 ./Middlewares/Third_Party/FreeRTOS/Source/tasks.o
                0x0000000008004644                vTaskDelay
 .text.vTaskStartScheduler
                0x00000000080046ac       0xcc ./Middlewares/Third_Party/FreeRTOS/Source/tasks.o
                0x00000000080046ac                vTaskStartScheduler
 .text.vTaskSuspendAll
                0x0000000008004778       0x1c ./Middlewares/Third_Party/FreeRTOS/Source/tasks.o
                0x0000000008004778                vTaskSuspendAll
 .text.xTaskResumeAll
                0x0000000008004794      0x13c ./Middlewares/Third_Party/FreeRTOS/Source/tasks.o
                0x0000000008004794                xTaskResumeAll
 .text.xTaskGetTickCount
                0x00000000080048d0       0x20 ./Middlewares/Third_Party/FreeRTOS/Source/tasks.o
                0x00000000080048d0                xTaskGetTickCount
 .text.xTaskIncrementTick
                0x00000000080048f0      0x174 ./Middlewares/Third_Party/FreeRTOS/Source/tasks.o
                0x00000000080048f0                xTaskIncrementTick
 .text.vTaskSwitchContext
                0x0000000008004a64       0xbc ./Middlewares/Third_Party/FreeRTOS/Source/tasks.o
                0x0000000008004a64                vTaskSwitchContext
 .text.vTaskPlaceOnEventList
                0x0000000008004b20       0x48 ./Middlewares/Third_Party/FreeRTOS/Source/tasks.o
                0x0000000008004b20                vTaskPlaceOnEventList
 .text.vTaskPlaceOnEventListRestricted
                0x0000000008004b68       0x58 ./Middlewares/Third_Party/FreeRTOS/Source/tasks.o
                0x0000000008004b68                vTaskPlaceOnEventListRestricted
 .text.xTaskRemoveFromEventList
                0x0000000008004bc0       0xc8 ./Middlewares/Third_Party/FreeRTOS/Source/tasks.o
                0x0000000008004bc0                xTaskRemoveFromEventList
 .text.vTaskInternalSetTimeOutState
                0x0000000008004c88       0x2c ./Middlewares/Third_Party/FreeRTOS/Source/tasks.o
                0x0000000008004c88                vTaskInternalSetTimeOutState
 .text.xTaskCheckForTimeOut
                0x0000000008004cb4       0xc4 ./Middlewares/Third_Party/FreeRTOS/Source/tasks.o
                0x0000000008004cb4                xTaskCheckForTimeOut
 .text.vTaskMissedYield
                0x0000000008004d78       0x18 ./Middlewares/Third_Party/FreeRTOS/Source/tasks.o
                0x0000000008004d78                vTaskMissedYield
 .text.prvIdleTask
                0x0000000008004d90       0x30 ./Middlewares/Third_Party/FreeRTOS/Source/tasks.o
 .text.prvInitialiseTaskLists
                0x0000000008004dc0       0x80 ./Middlewares/Third_Party/FreeRTOS/Source/tasks.o
 .text.prvCheckTasksWaitingTermination
                0x0000000008004e40       0x5c ./Middlewares/Third_Party/FreeRTOS/Source/tasks.o
 .text.prvDeleteTCB
                0x0000000008004e9c       0x5e ./Middlewares/Third_Party/FreeRTOS/Source/tasks.o
 *fill*         0x0000000008004efa        0x2 
 .text.prvResetNextTaskUnblockTime
                0x0000000008004efc       0x40 ./Middlewares/Third_Party/FreeRTOS/Source/tasks.o
 .text.xTaskGetSchedulerState
                0x0000000008004f3c       0x3c ./Middlewares/Third_Party/FreeRTOS/Source/tasks.o
                0x0000000008004f3c                xTaskGetSchedulerState
 .text.xTaskPriorityDisinherit
                0x0000000008004f78       0xdc ./Middlewares/Third_Party/FreeRTOS/Source/tasks.o
                0x0000000008004f78                xTaskPriorityDisinherit
 .text.prvAddCurrentTaskToDelayedList
                0x0000000008005054       0xa8 ./Middlewares/Third_Party/FreeRTOS/Source/tasks.o
 .text.xTimerCreateTimerTask
                0x00000000080050fc       0x90 ./Middlewares/Third_Party/FreeRTOS/Source/timers.o
                0x00000000080050fc                xTimerCreateTimerTask
 .text.xTimerGenericCommand
                0x000000000800518c       0x9c ./Middlewares/Third_Party/FreeRTOS/Source/timers.o
                0x000000000800518c                xTimerGenericCommand
 .text.prvProcessExpiredTimer
                0x0000000008005228       0x98 ./Middlewares/Third_Party/FreeRTOS/Source/timers.o
 .text.prvTimerTask
                0x00000000080052c0       0x24 ./Middlewares/Third_Party/FreeRTOS/Source/timers.o
 .text.prvProcessTimerOrBlockTask
                0x00000000080052e4       0x9c ./Middlewares/Third_Party/FreeRTOS/Source/timers.o
 .text.prvGetNextExpireTime
                0x0000000008005380       0x48 ./Middlewares/Third_Party/FreeRTOS/Source/timers.o
 .text.prvSampleTimeNow
                0x00000000080053c8       0x40 ./Middlewares/Third_Party/FreeRTOS/Source/timers.o
 .text.prvInsertTimerInActiveList
                0x0000000008005408       0x84 ./Middlewares/Third_Party/FreeRTOS/Source/timers.o
 .text.prvProcessReceivedCommands
                0x000000000800548c      0x1c4 ./Middlewares/Third_Party/FreeRTOS/Source/timers.o
 .text.prvSwitchTimerLists
                0x0000000008005650       0xc8 ./Middlewares/Third_Party/FreeRTOS/Source/timers.o
 .text.prvCheckForValidListAndQueue
                0x0000000008005718       0x80 ./Middlewares/Third_Party/FreeRTOS/Source/timers.o
 .text.pxPortInitialiseStack
                0x0000000008005798       0x68 ./Middlewares/Third_Party/FreeRTOS/Source/portable/GCC/ARM_CM4F/port.o
                0x0000000008005798                pxPortInitialiseStack
 .text.prvTaskExitError
                0x0000000008005800       0x58 ./Middlewares/Third_Party/FreeRTOS/Source/portable/GCC/ARM_CM4F/port.o
 *fill*         0x0000000008005858        0x8 
 .text.SVC_Handler
                0x0000000008005860       0x28 ./Middlewares/Third_Party/FreeRTOS/Source/portable/GCC/ARM_CM4F/port.o
                0x0000000008005860                SVC_Handler
 .text.prvPortStartFirstTask
                0x0000000008005888       0x28 ./Middlewares/Third_Party/FreeRTOS/Source/portable/GCC/ARM_CM4F/port.o
 .text.xPortStartScheduler
                0x00000000080058b0      0x144 ./Middlewares/Third_Party/FreeRTOS/Source/portable/GCC/ARM_CM4F/port.o
                0x00000000080058b0                xPortStartScheduler
 .text.vPortEnterCritical
                0x00000000080059f4       0x60 ./Middlewares/Third_Party/FreeRTOS/Source/portable/GCC/ARM_CM4F/port.o
                0x00000000080059f4                vPortEnterCritical
 .text.vPortExitCritical
                0x0000000008005a54       0x54 ./Middlewares/Third_Party/FreeRTOS/Source/portable/GCC/ARM_CM4F/port.o
                0x0000000008005a54                vPortExitCritical
 *fill*         0x0000000008005aa8        0x8 
 .text.PendSV_Handler
                0x0000000008005ab0       0x68 ./Middlewares/Third_Party/FreeRTOS/Source/portable/GCC/ARM_CM4F/port.o
                0x0000000008005ab0                PendSV_Handler
 .text.xPortSysTickHandler
                0x0000000008005b18       0x44 ./Middlewares/Third_Party/FreeRTOS/Source/portable/GCC/ARM_CM4F/port.o
                0x0000000008005b18                xPortSysTickHandler
 .text.vPortSetupTimerInterrupt
                0x0000000008005b5c       0x48 ./Middlewares/Third_Party/FreeRTOS/Source/portable/GCC/ARM_CM4F/port.o
                0x0000000008005b5c                vPortSetupTimerInterrupt
 .text.vPortEnableVFP
                0x0000000008005ba4       0x14 ./Middlewares/Third_Party/FreeRTOS/Source/portable/GCC/ARM_CM4F/port.o
 .text.vPortValidateInterruptPriority
                0x0000000008005bb8       0x80 ./Middlewares/Third_Party/FreeRTOS/Source/portable/GCC/ARM_CM4F/port.o
                0x0000000008005bb8                vPortValidateInterruptPriority
 .text.pvPortMalloc
                0x0000000008005c38      0x198 ./Middlewares/Third_Party/FreeRTOS/Source/portable/MemMang/heap_4.o
                0x0000000008005c38                pvPortMalloc
 .text.vPortFree
                0x0000000008005dd0       0xc4 ./Middlewares/Third_Party/FreeRTOS/Source/portable/MemMang/heap_4.o
                0x0000000008005dd0                vPortFree
 .text.prvHeapInit
                0x0000000008005e94       0xc4 ./Middlewares/Third_Party/FreeRTOS/Source/portable/MemMang/heap_4.o
 .text.prvInsertBlockIntoFreeList
                0x0000000008005f58       0xb4 ./Middlewares/Third_Party/FreeRTOS/Source/portable/MemMang/heap_4.o
 .text.__libc_init_array
                0x000000000800600c       0x48 e:/st/stm32cubeide_1.12.0/stm32cubeide/plugins/com.st.stm32cube.ide.mcu.externaltools.gnu-tools-for-stm32.10.3-2021.10.win32_1.0.200.202301161003/tools/bin/../lib/gcc/arm-none-eabi/10.3.1/../../../../arm-none-eabi/lib/thumb/v7e-m+fp/hard\libc_nano.a(lib_a-init.o)
                0x000000000800600c                __libc_init_array
 .text.memcpy   0x0000000008006054       0x1c e:/st/stm32cubeide_1.12.0/stm32cubeide/plugins/com.st.stm32cube.ide.mcu.externaltools.gnu-tools-for-stm32.10.3-2021.10.win32_1.0.200.202301161003/tools/bin/../lib/gcc/arm-none-eabi/10.3.1/../../../../arm-none-eabi/lib/thumb/v7e-m+fp/hard\libc_nano.a(lib_a-memcpy-stub.o)
                0x0000000008006054                memcpy
 .text.memset   0x0000000008006070       0x10 e:/st/stm32cubeide_1.12.0/stm32cubeide/plugins/com.st.stm32cube.ide.mcu.externaltools.gnu-tools-for-stm32.10.3-2021.10.win32_1.0.200.202301161003/tools/bin/../lib/gcc/arm-none-eabi/10.3.1/../../../../arm-none-eabi/lib/thumb/v7e-m+fp/hard\libc_nano.a(lib_a-memset.o)
                0x0000000008006070                memset
 *(.glue_7)
 .glue_7        0x0000000008006080        0x0 linker stubs
 *(.glue_7t)
 .glue_7t       0x0000000008006080        0x0 linker stubs
 *(.eh_frame)
 .eh_frame      0x0000000008006080        0x0 e:/st/stm32cubeide_1.12.0/stm32cubeide/plugins/com.st.stm32cube.ide.mcu.externaltools.gnu-tools-for-stm32.10.3-2021.10.win32_1.0.200.202301161003/tools/bin/../lib/gcc/arm-none-eabi/10.3.1/thumb/v7e-m+fp/hard/crtbegin.o
 *(.init)
 .init          0x0000000008006080        0x4 e:/st/stm32cubeide_1.12.0/stm32cubeide/plugins/com.st.stm32cube.ide.mcu.externaltools.gnu-tools-for-stm32.10.3-2021.10.win32_1.0.200.202301161003/tools/bin/../lib/gcc/arm-none-eabi/10.3.1/thumb/v7e-m+fp/hard/crti.o
                0x0000000008006080                _init
 .init          0x0000000008006084        0x8 e:/st/stm32cubeide_1.12.0/stm32cubeide/plugins/com.st.stm32cube.ide.mcu.externaltools.gnu-tools-for-stm32.10.3-2021.10.win32_1.0.200.202301161003/tools/bin/../lib/gcc/arm-none-eabi/10.3.1/thumb/v7e-m+fp/hard/crtn.o
 *(.fini)
 .fini          0x000000000800608c        0x4 e:/st/stm32cubeide_1.12.0/stm32cubeide/plugins/com.st.stm32cube.ide.mcu.externaltools.gnu-tools-for-stm32.10.3-2021.10.win32_1.0.200.202301161003/tools/bin/../lib/gcc/arm-none-eabi/10.3.1/thumb/v7e-m+fp/hard/crti.o
                0x000000000800608c                _fini
 .fini          0x0000000008006090        0x8 e:/st/stm32cubeide_1.12.0/stm32cubeide/plugins/com.st.stm32cube.ide.mcu.externaltools.gnu-tools-for-stm32.10.3-2021.10.win32_1.0.200.202301161003/tools/bin/../lib/gcc/arm-none-eabi/10.3.1/thumb/v7e-m+fp/hard/crtn.o
                0x0000000008006098                . = ALIGN (0x4)
                0x0000000008006098                _etext = .

.vfp11_veneer   0x0000000008006098        0x0
 .vfp11_veneer  0x0000000008006098        0x0 linker stubs

.v4_bx          0x0000000008006098        0x0
 .v4_bx         0x0000000008006098        0x0 linker stubs

.iplt           0x0000000008006098        0x0
 .iplt          0x0000000008006098        0x0 e:/st/stm32cubeide_1.12.0/stm32cubeide/plugins/com.st.stm32cube.ide.mcu.externaltools.gnu-tools-for-stm32.10.3-2021.10.win32_1.0.200.202301161003/tools/bin/../lib/gcc/arm-none-eabi/10.3.1/thumb/v7e-m+fp/hard/crtbegin.o

.rodata         0x0000000008006098       0x60
                0x0000000008006098                . = ALIGN (0x4)
 *(.rodata)
 .rodata        0x0000000008006098        0xc ./Core/Src/main.o
 .rodata        0x00000000080060a4        0x5 ./Middlewares/Third_Party/FreeRTOS/Source/tasks.o
 *fill*         0x00000000080060a9        0x3 
 .rodata        0x00000000080060ac        0xd ./Middlewares/Third_Party/FreeRTOS/Source/timers.o
 *(.rodata*)
 *fill*         0x00000000080060b9        0x3 
 .rodata.defaultTask_attributes
                0x00000000080060bc       0x24 ./Core/Src/main.o
                0x00000000080060bc                defaultTask_attributes
 .rodata.AHBPrescTable
                0x00000000080060e0       0x10 ./Core/Src/system_stm32f4xx.o
                0x00000000080060e0                AHBPrescTable
 .rodata.flagBitshiftOffset.0
                0x00000000080060f0        0x8 ./Drivers/STM32F4xx_HAL_Driver/Src/stm32f4xx_hal_dma.o
                0x00000000080060f8                . = ALIGN (0x4)

.ARM.extab      0x00000000080060f8        0x0
                0x00000000080060f8                . = ALIGN (0x4)
 *(.ARM.extab* .gnu.linkonce.armextab.*)
                0x00000000080060f8                . = ALIGN (0x4)

.ARM            0x00000000080060f8        0x8
                0x00000000080060f8                . = ALIGN (0x4)
                0x00000000080060f8                __exidx_start = .
 *(.ARM.exidx*)
 .ARM.exidx     0x00000000080060f8        0x8 e:/st/stm32cubeide_1.12.0/stm32cubeide/plugins/com.st.stm32cube.ide.mcu.externaltools.gnu-tools-for-stm32.10.3-2021.10.win32_1.0.200.202301161003/tools/bin/../lib/gcc/arm-none-eabi/10.3.1/thumb/v7e-m+fp/hard\libgcc.a(_udivmoddi4.o)
                0x0000000008006100                __exidx_end = .
                0x0000000008006100                . = ALIGN (0x4)

.rel.dyn        0x0000000008006100        0x0
 .rel.iplt      0x0000000008006100        0x0 e:/st/stm32cubeide_1.12.0/stm32cubeide/plugins/com.st.stm32cube.ide.mcu.externaltools.gnu-tools-for-stm32.10.3-2021.10.win32_1.0.200.202301161003/tools/bin/../lib/gcc/arm-none-eabi/10.3.1/thumb/v7e-m+fp/hard/crtbegin.o

.preinit_array  0x0000000008006100        0x0
                0x0000000008006100                . = ALIGN (0x4)
                0x0000000008006100                PROVIDE (__preinit_array_start = .)
 *(.preinit_array*)
                0x0000000008006100                PROVIDE (__preinit_array_end = .)
                0x0000000008006100                . = ALIGN (0x4)

.init_array     0x0000000008006100        0x4
                0x0000000008006100                . = ALIGN (0x4)
                0x0000000008006100                PROVIDE (__init_array_start = .)
 *(SORT_BY_NAME(.init_array.*))
 *(.init_array*)
 .init_array    0x0000000008006100        0x4 e:/st/stm32cubeide_1.12.0/stm32cubeide/plugins/com.st.stm32cube.ide.mcu.externaltools.gnu-tools-for-stm32.10.3-2021.10.win32_1.0.200.202301161003/tools/bin/../lib/gcc/arm-none-eabi/10.3.1/thumb/v7e-m+fp/hard/crtbegin.o
                0x0000000008006104                PROVIDE (__init_array_end = .)
                0x0000000008006104                . = ALIGN (0x4)

.fini_array     0x0000000008006104        0x4
                0x0000000008006104                . = ALIGN (0x4)
                [!provide]                        PROVIDE (__fini_array_start = .)
 *(SORT_BY_NAME(.fini_array.*))
 *(.fini_array*)
 .fini_array    0x0000000008006104        0x4 e:/st/stm32cubeide_1.12.0/stm32cubeide/plugins/com.st.stm32cube.ide.mcu.externaltools.gnu-tools-for-stm32.10.3-2021.10.win32_1.0.200.202301161003/tools/bin/../lib/gcc/arm-none-eabi/10.3.1/thumb/v7e-m+fp/hard/crtbegin.o
                [!provide]                        PROVIDE (__fini_array_end = .)
                0x0000000008006108                . = ALIGN (0x4)
                0x0000000008006108                _sidata = LOADADDR (.data)

.data           0x0000000020000000       0x10 load address 0x0000000008006108
                0x0000000020000000                . = ALIGN (0x4)
                0x0000000020000000                _sdata = .
 *(.data)
 *(.data*)
 .data.SystemCoreClock
                0x0000000020000000        0x4 ./Core/Src/system_stm32f4xx.o
                0x0000000020000000                SystemCoreClock
 .data.uwTickPrio
                0x0000000020000004        0x4 ./Drivers/STM32F4xx_HAL_Driver/Src/stm32f4xx_hal.o
                0x0000000020000004                uwTickPrio
 .data.uwTickFreq
                0x0000000020000008        0x1 ./Drivers/STM32F4xx_HAL_Driver/Src/stm32f4xx_hal.o
                0x0000000020000008                uwTickFreq
 *fill*         0x0000000020000009        0x3 
 .data.uxCriticalNesting
                0x000000002000000c        0x4 ./Middlewares/Third_Party/FreeRTOS/Source/portable/GCC/ARM_CM4F/port.o
 *(.RamFunc)
 *(.RamFunc*)
                0x0000000020000010                . = ALIGN (0x4)
                0x0000000020000010                _edata = .

.igot.plt       0x0000000020000010        0x0 load address 0x0000000008006118
 .igot.plt      0x0000000020000010        0x0 e:/st/stm32cubeide_1.12.0/stm32cubeide/plugins/com.st.stm32cube.ide.mcu.externaltools.gnu-tools-for-stm32.10.3-2021.10.win32_1.0.200.202301161003/tools/bin/../lib/gcc/arm-none-eabi/10.3.1/thumb/v7e-m+fp/hard/crtbegin.o
                0x0000000020000010                . = ALIGN (0x4)

.bss            0x0000000020000010     0x4ae8 load address 0x0000000008006118
                0x0000000020000010                _sbss = .
                0x0000000020000010                __bss_start__ = _sbss
 *(.bss)
 .bss           0x0000000020000010       0x1c e:/st/stm32cubeide_1.12.0/stm32cubeide/plugins/com.st.stm32cube.ide.mcu.externaltools.gnu-tools-for-stm32.10.3-2021.10.win32_1.0.200.202301161003/tools/bin/../lib/gcc/arm-none-eabi/10.3.1/thumb/v7e-m+fp/hard/crtbegin.o
 *(.bss*)
 .bss.hi2s2     0x000000002000002c       0x48 ./Core/Src/main.o
                0x000000002000002c                hi2s2
 .bss.hdma_spi2_rx
                0x0000000020000074       0x60 ./Core/Src/main.o
                0x0000000020000074                hdma_spi2_rx
 .bss.defaultTaskHandle
                0x00000000200000d4        0x4 ./Core/Src/main.o
                0x00000000200000d4                defaultTaskHandle
 .bss.data_i2s  0x00000000200000d8       0xc8 ./Core/Src/main.o
                0x00000000200000d8                data_i2s
 .bss.sample_i2s
                0x00000000200001a0        0x2 ./Core/Src/main.o
                0x00000000200001a0                sample_i2s
 *fill*         0x00000000200001a2        0x2 
 .bss.uwTick    0x00000000200001a4        0x4 ./Drivers/STM32F4xx_HAL_Driver/Src/stm32f4xx_hal.o
                0x00000000200001a4                uwTick
 .bss.KernelState
                0x00000000200001a8        0x4 ./Middlewares/Third_Party/FreeRTOS/Source/CMSIS_RTOS_V2/cmsis_os2.o
 .bss.Idle_TCB.3
                0x00000000200001ac       0x5c ./Middlewares/Third_Party/FreeRTOS/Source/CMSIS_RTOS_V2/cmsis_os2.o
 .bss.Idle_Stack.2
                0x0000000020000208      0x200 ./Middlewares/Third_Party/FreeRTOS/Source/CMSIS_RTOS_V2/cmsis_os2.o
 .bss.Timer_TCB.1
                0x0000000020000408       0x5c ./Middlewares/Third_Party/FreeRTOS/Source/CMSIS_RTOS_V2/cmsis_os2.o
 .bss.Timer_Stack.0
                0x0000000020000464      0x400 ./Middlewares/Third_Party/FreeRTOS/Source/CMSIS_RTOS_V2/cmsis_os2.o
 .bss.xQueueRegistry
                0x0000000020000864       0x40 ./Middlewares/Third_Party/FreeRTOS/Source/queue.o
                0x0000000020000864                xQueueRegistry
 .bss.pxCurrentTCB
                0x00000000200008a4        0x4 ./Middlewares/Third_Party/FreeRTOS/Source/tasks.o
                0x00000000200008a4                pxCurrentTCB
 .bss.pxReadyTasksLists
                0x00000000200008a8      0x460 ./Middlewares/Third_Party/FreeRTOS/Source/tasks.o
 .bss.xDelayedTaskList1
                0x0000000020000d08       0x14 ./Middlewares/Third_Party/FreeRTOS/Source/tasks.o
 .bss.xDelayedTaskList2
                0x0000000020000d1c       0x14 ./Middlewares/Third_Party/FreeRTOS/Source/tasks.o
 .bss.pxDelayedTaskList
                0x0000000020000d30        0x4 ./Middlewares/Third_Party/FreeRTOS/Source/tasks.o
 .bss.pxOverflowDelayedTaskList
                0x0000000020000d34        0x4 ./Middlewares/Third_Party/FreeRTOS/Source/tasks.o
 .bss.xPendingReadyList
                0x0000000020000d38       0x14 ./Middlewares/Third_Party/FreeRTOS/Source/tasks.o
 .bss.xTasksWaitingTermination
                0x0000000020000d4c       0x14 ./Middlewares/Third_Party/FreeRTOS/Source/tasks.o
 .bss.uxDeletedTasksWaitingCleanUp
                0x0000000020000d60        0x4 ./Middlewares/Third_Party/FreeRTOS/Source/tasks.o
 .bss.xSuspendedTaskList
                0x0000000020000d64       0x14 ./Middlewares/Third_Party/FreeRTOS/Source/tasks.o
 .bss.uxCurrentNumberOfTasks
                0x0000000020000d78        0x4 ./Middlewares/Third_Party/FreeRTOS/Source/tasks.o
 .bss.xTickCount
                0x0000000020000d7c        0x4 ./Middlewares/Third_Party/FreeRTOS/Source/tasks.o
 .bss.uxTopReadyPriority
                0x0000000020000d80        0x4 ./Middlewares/Third_Party/FreeRTOS/Source/tasks.o
 .bss.xSchedulerRunning
                0x0000000020000d84        0x4 ./Middlewares/Third_Party/FreeRTOS/Source/tasks.o
 .bss.xPendedTicks
                0x0000000020000d88        0x4 ./Middlewares/Third_Party/FreeRTOS/Source/tasks.o
 .bss.xYieldPending
                0x0000000020000d8c        0x4 ./Middlewares/Third_Party/FreeRTOS/Source/tasks.o
 .bss.xNumOfOverflows
                0x0000000020000d90        0x4 ./Middlewares/Third_Party/FreeRTOS/Source/tasks.o
 .bss.uxTaskNumber
                0x0000000020000d94        0x4 ./Middlewares/Third_Party/FreeRTOS/Source/tasks.o
 .bss.xNextTaskUnblockTime
                0x0000000020000d98        0x4 ./Middlewares/Third_Party/FreeRTOS/Source/tasks.o
 .bss.xIdleTaskHandle
                0x0000000020000d9c        0x4 ./Middlewares/Third_Party/FreeRTOS/Source/tasks.o
 .bss.uxSchedulerSuspended
                0x0000000020000da0        0x4 ./Middlewares/Third_Party/FreeRTOS/Source/tasks.o
 .bss.xActiveTimerList1
                0x0000000020000da4       0x14 ./Middlewares/Third_Party/FreeRTOS/Source/timers.o
 .bss.xActiveTimerList2
                0x0000000020000db8       0x14 ./Middlewares/Third_Party/FreeRTOS/Source/timers.o
 .bss.pxCurrentTimerList
                0x0000000020000dcc        0x4 ./Middlewares/Third_Party/FreeRTOS/Source/timers.o
 .bss.pxOverflowTimerList
                0x0000000020000dd0        0x4 ./Middlewares/Third_Party/FreeRTOS/Source/timers.o
 .bss.xTimerQueue
                0x0000000020000dd4        0x4 ./Middlewares/Third_Party/FreeRTOS/Source/timers.o
 .bss.xTimerTaskHandle
                0x0000000020000dd8        0x4 ./Middlewares/Third_Party/FreeRTOS/Source/timers.o
 .bss.xLastTime.2
                0x0000000020000ddc        0x4 ./Middlewares/Third_Party/FreeRTOS/Source/timers.o
 .bss.ucStaticTimerQueueStorage.1
                0x0000000020000de0       0xa0 ./Middlewares/Third_Party/FreeRTOS/Source/timers.o
 .bss.xStaticTimerQueue.0
                0x0000000020000e80       0x50 ./Middlewares/Third_Party/FreeRTOS/Source/timers.o
 .bss.ucMaxSysCallPriority
                0x0000000020000ed0        0x1 ./Middlewares/Third_Party/FreeRTOS/Source/portable/GCC/ARM_CM4F/port.o
 *fill*         0x0000000020000ed1        0x3 
 .bss.ulMaxPRIGROUPValue
                0x0000000020000ed4        0x4 ./Middlewares/Third_Party/FreeRTOS/Source/portable/GCC/ARM_CM4F/port.o
 .bss.ucHeap    0x0000000020000ed8     0x3c00 ./Middlewares/Third_Party/FreeRTOS/Source/portable/MemMang/heap_4.o
 .bss.xStart    0x0000000020004ad8        0x8 ./Middlewares/Third_Party/FreeRTOS/Source/portable/MemMang/heap_4.o
 .bss.pxEnd     0x0000000020004ae0        0x4 ./Middlewares/Third_Party/FreeRTOS/Source/portable/MemMang/heap_4.o
 .bss.xFreeBytesRemaining
                0x0000000020004ae4        0x4 ./Middlewares/Third_Party/FreeRTOS/Source/portable/MemMang/heap_4.o
 .bss.xMinimumEverFreeBytesRemaining
                0x0000000020004ae8        0x4 ./Middlewares/Third_Party/FreeRTOS/Source/portable/MemMang/heap_4.o
 .bss.xNumberOfSuccessfulAllocations
                0x0000000020004aec        0x4 ./Middlewares/Third_Party/FreeRTOS/Source/portable/MemMang/heap_4.o
 .bss.xNumberOfSuccessfulFrees
                0x0000000020004af0        0x4 ./Middlewares/Third_Party/FreeRTOS/Source/portable/MemMang/heap_4.o
 .bss.xBlockAllocatedBit
                0x0000000020004af4        0x4 ./Middlewares/Third_Party/FreeRTOS/Source/portable/MemMang/heap_4.o
 *(COMMON)
                0x0000000020004af8                . = ALIGN (0x4)
                0x0000000020004af8                _ebss = .
                0x0000000020004af8                __bss_end__ = _ebss

._user_heap_stack
                0x0000000020004af8      0x600 load address 0x0000000008006118
                0x0000000020004af8                . = ALIGN (0x8)
                [!provide]                        PROVIDE (end = .)
                0x0000000020004af8                PROVIDE (_end = .)
                0x0000000020004cf8                . = (. + _Min_Heap_Size)
 *fill*         0x0000000020004af8      0x200 
                0x00000000200050f8                . = (. + _Min_Stack_Size)
 *fill*         0x0000000020004cf8      0x400 
                0x00000000200050f8                . = ALIGN (0x8)

/DISCARD/
 libc.a(*)
 libm.a(*)
 libgcc.a(*)

.ARM.attributes
                0x0000000000000000       0x30
 *(.ARM.attributes)
 .ARM.attributes
                0x0000000000000000       0x1e e:/st/stm32cubeide_1.12.0/stm32cubeide/plugins/com.st.stm32cube.ide.mcu.externaltools.gnu-tools-for-stm32.10.3-2021.10.win32_1.0.200.202301161003/tools/bin/../lib/gcc/arm-none-eabi/10.3.1/thumb/v7e-m+fp/hard/crti.o
 .ARM.attributes
                0x000000000000001e       0x34 e:/st/stm32cubeide_1.12.0/stm32cubeide/plugins/com.st.stm32cube.ide.mcu.externaltools.gnu-tools-for-stm32.10.3-2021.10.win32_1.0.200.202301161003/tools/bin/../lib/gcc/arm-none-eabi/10.3.1/thumb/v7e-m+fp/hard/crtbegin.o
 .ARM.attributes
                0x0000000000000052       0x34 ./Core/Src/main.o
 .ARM.attributes
                0x0000000000000086       0x34 ./Core/Src/stm32f4xx_hal_msp.o
 .ARM.attributes
                0x00000000000000ba       0x34 ./Core/Src/stm32f4xx_it.o
 .ARM.attributes
                0x00000000000000ee       0x34 ./Core/Src/system_stm32f4xx.o
 .ARM.attributes
                0x0000000000000122       0x21 ./Core/Startup/startup_stm32f446retx.o
 .ARM.attributes
                0x0000000000000143       0x34 ./Drivers/STM32F4xx_HAL_Driver/Src/stm32f4xx_hal.o
 .ARM.attributes
                0x0000000000000177       0x34 ./Drivers/STM32F4xx_HAL_Driver/Src/stm32f4xx_hal_cortex.o
 .ARM.attributes
                0x00000000000001ab       0x34 ./Drivers/STM32F4xx_HAL_Driver/Src/stm32f4xx_hal_dma.o
 .ARM.attributes
                0x00000000000001df       0x34 ./Drivers/STM32F4xx_HAL_Driver/Src/stm32f4xx_hal_gpio.o
 .ARM.attributes
                0x0000000000000213       0x34 ./Drivers/STM32F4xx_HAL_Driver/Src/stm32f4xx_hal_i2s.o
 .ARM.attributes
                0x0000000000000247       0x34 ./Drivers/STM32F4xx_HAL_Driver/Src/stm32f4xx_hal_pwr_ex.o
 .ARM.attributes
                0x000000000000027b       0x34 ./Drivers/STM32F4xx_HAL_Driver/Src/stm32f4xx_hal_rcc.o
 .ARM.attributes
                0x00000000000002af       0x34 ./Drivers/STM32F4xx_HAL_Driver/Src/stm32f4xx_hal_rcc_ex.o
 .ARM.attributes
                0x00000000000002e3       0x34 ./MBEDTLS/App/mbedtls.o
 .ARM.attributes
                0x0000000000000317       0x34 ./Middlewares/Third_Party/FreeRTOS/Source/CMSIS_RTOS_V2/cmsis_os2.o
 .ARM.attributes
                0x000000000000034b       0x34 ./Middlewares/Third_Party/FreeRTOS/Source/list.o
 .ARM.attributes
                0x000000000000037f       0x34 ./Middlewares/Third_Party/FreeRTOS/Source/queue.o
 .ARM.attributes
                0x00000000000003b3       0x34 ./Middlewares/Third_Party/FreeRTOS/Source/tasks.o
 .ARM.attributes
                0x00000000000003e7       0x34 ./Middlewares/Third_Party/FreeRTOS/Source/timers.o
 .ARM.attributes
                0x000000000000041b       0x34 ./Middlewares/Third_Party/FreeRTOS/Source/portable/GCC/ARM_CM4F/port.o
 .ARM.attributes
                0x000000000000044f       0x34 ./Middlewares/Third_Party/FreeRTOS/Source/portable/MemMang/heap_4.o
 .ARM.attributes
                0x0000000000000483       0x34 e:/st/stm32cubeide_1.12.0/stm32cubeide/plugins/com.st.stm32cube.ide.mcu.externaltools.gnu-tools-for-stm32.10.3-2021.10.win32_1.0.200.202301161003/tools/bin/../lib/gcc/arm-none-eabi/10.3.1/../../../../arm-none-eabi/lib/thumb/v7e-m+fp/hard\libc_nano.a(lib_a-init.o)
 .ARM.attributes
                0x00000000000004b7       0x34 e:/st/stm32cubeide_1.12.0/stm32cubeide/plugins/com.st.stm32cube.ide.mcu.externaltools.gnu-tools-for-stm32.10.3-2021.10.win32_1.0.200.202301161003/tools/bin/../lib/gcc/arm-none-eabi/10.3.1/../../../../arm-none-eabi/lib/thumb/v7e-m+fp/hard\libc_nano.a(lib_a-memcpy-stub.o)
 .ARM.attributes
                0x00000000000004eb       0x34 e:/st/stm32cubeide_1.12.0/stm32cubeide/plugins/com.st.stm32cube.ide.mcu.externaltools.gnu-tools-for-stm32.10.3-2021.10.win32_1.0.200.202301161003/tools/bin/../lib/gcc/arm-none-eabi/10.3.1/../../../../arm-none-eabi/lib/thumb/v7e-m+fp/hard\libc_nano.a(lib_a-memset.o)
 .ARM.attributes
                0x000000000000051f       0x1e e:/st/stm32cubeide_1.12.0/stm32cubeide/plugins/com.st.stm32cube.ide.mcu.externaltools.gnu-tools-for-stm32.10.3-2021.10.win32_1.0.200.202301161003/tools/bin/../lib/gcc/arm-none-eabi/10.3.1/thumb/v7e-m+fp/hard\libgcc.a(_aeabi_uldivmod.o)
 .ARM.attributes
                0x000000000000053d       0x34 e:/st/stm32cubeide_1.12.0/stm32cubeide/plugins/com.st.stm32cube.ide.mcu.externaltools.gnu-tools-for-stm32.10.3-2021.10.win32_1.0.200.202301161003/tools/bin/../lib/gcc/arm-none-eabi/10.3.1/thumb/v7e-m+fp/hard\libgcc.a(_udivmoddi4.o)
 .ARM.attributes
                0x0000000000000571       0x1e e:/st/stm32cubeide_1.12.0/stm32cubeide/plugins/com.st.stm32cube.ide.mcu.externaltools.gnu-tools-for-stm32.10.3-2021.10.win32_1.0.200.202301161003/tools/bin/../lib/gcc/arm-none-eabi/10.3.1/thumb/v7e-m+fp/hard\libgcc.a(_dvmd_tls.o)
 .ARM.attributes
                0x000000000000058f       0x1e e:/st/stm32cubeide_1.12.0/stm32cubeide/plugins/com.st.stm32cube.ide.mcu.externaltools.gnu-tools-for-stm32.10.3-2021.10.win32_1.0.200.202301161003/tools/bin/../lib/gcc/arm-none-eabi/10.3.1/thumb/v7e-m+fp/hard/crtn.o
OUTPUT(I2s.elf elf32-littlearm)
LOAD linker stubs
LOAD e:/st/stm32cubeide_1.12.0/stm32cubeide/plugins/com.st.stm32cube.ide.mcu.externaltools.gnu-tools-for-stm32.10.3-2021.10.win32_1.0.200.202301161003/tools/bin/../lib/gcc/arm-none-eabi/10.3.1/../../../../arm-none-eabi/lib/thumb/v7e-m+fp/hard\libc.a
LOAD e:/st/stm32cubeide_1.12.0/stm32cubeide/plugins/com.st.stm32cube.ide.mcu.externaltools.gnu-tools-for-stm32.10.3-2021.10.win32_1.0.200.202301161003/tools/bin/../lib/gcc/arm-none-eabi/10.3.1/../../../../arm-none-eabi/lib/thumb/v7e-m+fp/hard\libm.a
LOAD e:/st/stm32cubeide_1.12.0/stm32cubeide/plugins/com.st.stm32cube.ide.mcu.externaltools.gnu-tools-for-stm32.10.3-2021.10.win32_1.0.200.202301161003/tools/bin/../lib/gcc/arm-none-eabi/10.3.1/thumb/v7e-m+fp/hard\libgcc.a

.debug_info     0x0000000000000000    0x11bf5
 .debug_info    0x0000000000000000     0x12e7 ./Core/Src/main.o
 .debug_info    0x00000000000012e7      0xe75 ./Core/Src/stm32f4xx_hal_msp.o
 .debug_info    0x000000000000215c      0x3f0 ./Core/Src/stm32f4xx_it.o
 .debug_info    0x000000000000254c      0x55b ./Core/Src/system_stm32f4xx.o
 .debug_info    0x0000000000002aa7       0x22 ./Core/Startup/startup_stm32f446retx.o
 .debug_info    0x0000000000002ac9      0x9d2 ./Drivers/STM32F4xx_HAL_Driver/Src/stm32f4xx_hal.o
 .debug_info    0x000000000000349b      0xe39 ./Drivers/STM32F4xx_HAL_Driver/Src/stm32f4xx_hal_cortex.o
 .debug_info    0x00000000000042d4      0x94f ./Drivers/STM32F4xx_HAL_Driver/Src/stm32f4xx_hal_dma.o
 .debug_info    0x0000000000004c23      0x7be ./Drivers/STM32F4xx_HAL_Driver/Src/stm32f4xx_hal_gpio.o
 .debug_info    0x00000000000053e1      0xe48 ./Drivers/STM32F4xx_HAL_Driver/Src/stm32f4xx_hal_i2s.o
 .debug_info    0x0000000000006229      0x702 ./Drivers/STM32F4xx_HAL_Driver/Src/stm32f4xx_hal_pwr_ex.o
 .debug_info    0x000000000000692b      0x9ab ./Drivers/STM32F4xx_HAL_Driver/Src/stm32f4xx_hal_rcc.o
 .debug_info    0x00000000000072d6      0x9ec ./Drivers/STM32F4xx_HAL_Driver/Src/stm32f4xx_hal_rcc_ex.o
 .debug_info    0x0000000000007cc2       0x89 ./MBEDTLS/App/mbedtls.o
 .debug_info    0x0000000000007d4b     0x3c34 ./Middlewares/Third_Party/FreeRTOS/Source/CMSIS_RTOS_V2/cmsis_os2.o
 .debug_info    0x000000000000b97f      0x2d1 ./Middlewares/Third_Party/FreeRTOS/Source/list.o
 .debug_info    0x000000000000bc50     0x1cbf ./Middlewares/Third_Party/FreeRTOS/Source/queue.o
 .debug_info    0x000000000000d90f     0x2362 ./Middlewares/Third_Party/FreeRTOS/Source/tasks.o
 .debug_info    0x000000000000fc71     0x1572 ./Middlewares/Third_Party/FreeRTOS/Source/timers.o
 .debug_info    0x00000000000111e3      0x507 ./Middlewares/Third_Party/FreeRTOS/Source/portable/GCC/ARM_CM4F/port.o
 .debug_info    0x00000000000116ea      0x50b ./Middlewares/Third_Party/FreeRTOS/Source/portable/MemMang/heap_4.o

.debug_abbrev   0x0000000000000000     0x2e3d
 .debug_abbrev  0x0000000000000000      0x2e2 ./Core/Src/main.o
 .debug_abbrev  0x00000000000002e2      0x1ef ./Core/Src/stm32f4xx_hal_msp.o
 .debug_abbrev  0x00000000000004d1      0x174 ./Core/Src/stm32f4xx_it.o
 .debug_abbrev  0x0000000000000645      0x116 ./Core/Src/system_stm32f4xx.o
 .debug_abbrev  0x000000000000075b       0x12 ./Core/Startup/startup_stm32f446retx.o
 .debug_abbrev  0x000000000000076d      0x20d ./Drivers/STM32F4xx_HAL_Driver/Src/stm32f4xx_hal.o
 .debug_abbrev  0x000000000000097a      0x316 ./Drivers/STM32F4xx_HAL_Driver/Src/stm32f4xx_hal_cortex.o
 .debug_abbrev  0x0000000000000c90      0x25b ./Drivers/STM32F4xx_HAL_Driver/Src/stm32f4xx_hal_dma.o
 .debug_abbrev  0x0000000000000eeb      0x1c4 ./Drivers/STM32F4xx_HAL_Driver/Src/stm32f4xx_hal_gpio.o
 .debug_abbrev  0x00000000000010af      0x232 ./Drivers/STM32F4xx_HAL_Driver/Src/stm32f4xx_hal_i2s.o
 .debug_abbrev  0x00000000000012e1      0x1c9 ./Drivers/STM32F4xx_HAL_Driver/Src/stm32f4xx_hal_pwr_ex.o
 .debug_abbrev  0x00000000000014aa      0x2aa ./Drivers/STM32F4xx_HAL_Driver/Src/stm32f4xx_hal_rcc.o
 .debug_abbrev  0x0000000000001754      0x1fb ./Drivers/STM32F4xx_HAL_Driver/Src/stm32f4xx_hal_rcc_ex.o
 .debug_abbrev  0x000000000000194f       0x47 ./MBEDTLS/App/mbedtls.o
 .debug_abbrev  0x0000000000001996      0x4e6 ./Middlewares/Third_Party/FreeRTOS/Source/CMSIS_RTOS_V2/cmsis_os2.o
 .debug_abbrev  0x0000000000001e7c       0xf2 ./Middlewares/Third_Party/FreeRTOS/Source/list.o
 .debug_abbrev  0x0000000000001f6e      0x3a1 ./Middlewares/Third_Party/FreeRTOS/Source/queue.o
 .debug_abbrev  0x000000000000230f      0x37d ./Middlewares/Third_Party/FreeRTOS/Source/tasks.o
 .debug_abbrev  0x000000000000268c      0x346 ./Middlewares/Third_Party/FreeRTOS/Source/timers.o
 .debug_abbrev  0x00000000000029d2      0x259 ./Middlewares/Third_Party/FreeRTOS/Source/portable/GCC/ARM_CM4F/port.o
 .debug_abbrev  0x0000000000002c2b      0x212 ./Middlewares/Third_Party/FreeRTOS/Source/portable/MemMang/heap_4.o

.debug_aranges  0x0000000000000000      0xeb8
 .debug_aranges
                0x0000000000000000       0x58 ./Core/Src/main.o
 .debug_aranges
                0x0000000000000058       0x30 ./Core/Src/stm32f4xx_hal_msp.o
 .debug_aranges
                0x0000000000000088       0x58 ./Core/Src/stm32f4xx_it.o
 .debug_aranges
                0x00000000000000e0       0x28 ./Core/Src/system_stm32f4xx.o
 .debug_aranges
                0x0000000000000108       0x28 ./Core/Startup/startup_stm32f446retx.o
 .debug_aranges
                0x0000000000000130       0xf0 ./Drivers/STM32F4xx_HAL_Driver/Src/stm32f4xx_hal.o
 .debug_aranges
                0x0000000000000220      0x118 ./Drivers/STM32F4xx_HAL_Driver/Src/stm32f4xx_hal_cortex.o
 .debug_aranges
                0x0000000000000338       0x90 ./Drivers/STM32F4xx_HAL_Driver/Src/stm32f4xx_hal_dma.o
 .debug_aranges
                0x00000000000003c8       0x58 ./Drivers/STM32F4xx_HAL_Driver/Src/stm32f4xx_hal_gpio.o
 .debug_aranges
                0x0000000000000420      0x108 ./Drivers/STM32F4xx_HAL_Driver/Src/stm32f4xx_hal_i2s.o
 .debug_aranges
                0x0000000000000528       0x60 ./Drivers/STM32F4xx_HAL_Driver/Src/stm32f4xx_hal_pwr_ex.o
 .debug_aranges
                0x0000000000000588       0x88 ./Drivers/STM32F4xx_HAL_Driver/Src/stm32f4xx_hal_rcc.o
 .debug_aranges
                0x0000000000000610       0x78 ./Drivers/STM32F4xx_HAL_Driver/Src/stm32f4xx_hal_rcc_ex.o
 .debug_aranges
                0x0000000000000688       0x20 ./MBEDTLS/App/mbedtls.o
 .debug_aranges
                0x00000000000006a8      0x2a8 ./Middlewares/Third_Party/FreeRTOS/Source/CMSIS_RTOS_V2/cmsis_os2.o
 .debug_aranges
                0x0000000000000950       0x40 ./Middlewares/Third_Party/FreeRTOS/Source/list.o
 .debug_aranges
                0x0000000000000990      0x158 ./Middlewares/Third_Party/FreeRTOS/Source/queue.o
 .debug_aranges
                0x0000000000000ae8      0x208 ./Middlewares/Third_Party/FreeRTOS/Source/tasks.o
 .debug_aranges
                0x0000000000000cf0       0xf0 ./Middlewares/Third_Party/FreeRTOS/Source/timers.o
 .debug_aranges
                0x0000000000000de0       0x80 ./Middlewares/Third_Party/FreeRTOS/Source/portable/GCC/ARM_CM4F/port.o
 .debug_aranges
                0x0000000000000e60       0x58 ./Middlewares/Third_Party/FreeRTOS/Source/portable/MemMang/heap_4.o

.debug_ranges   0x0000000000000000      0xd70
 .debug_ranges  0x0000000000000000       0x48 ./Core/Src/main.o
 .debug_ranges  0x0000000000000048       0x20 ./Core/Src/stm32f4xx_hal_msp.o
 .debug_ranges  0x0000000000000068       0x48 ./Core/Src/stm32f4xx_it.o
 .debug_ranges  0x00000000000000b0       0x18 ./Core/Src/system_stm32f4xx.o
 .debug_ranges  0x00000000000000c8       0x20 ./Core/Startup/startup_stm32f446retx.o
 .debug_ranges  0x00000000000000e8       0xe0 ./Drivers/STM32F4xx_HAL_Driver/Src/stm32f4xx_hal.o
 .debug_ranges  0x00000000000001c8      0x108 ./Drivers/STM32F4xx_HAL_Driver/Src/stm32f4xx_hal_cortex.o
 .debug_ranges  0x00000000000002d0       0x80 ./Drivers/STM32F4xx_HAL_Driver/Src/stm32f4xx_hal_dma.o
 .debug_ranges  0x0000000000000350       0x48 ./Drivers/STM32F4xx_HAL_Driver/Src/stm32f4xx_hal_gpio.o
 .debug_ranges  0x0000000000000398       0xf8 ./Drivers/STM32F4xx_HAL_Driver/Src/stm32f4xx_hal_i2s.o
 .debug_ranges  0x0000000000000490       0x50 ./Drivers/STM32F4xx_HAL_Driver/Src/stm32f4xx_hal_pwr_ex.o
 .debug_ranges  0x00000000000004e0       0x78 ./Drivers/STM32F4xx_HAL_Driver/Src/stm32f4xx_hal_rcc.o
 .debug_ranges  0x0000000000000558       0x68 ./Drivers/STM32F4xx_HAL_Driver/Src/stm32f4xx_hal_rcc_ex.o
 .debug_ranges  0x00000000000005c0       0x10 ./MBEDTLS/App/mbedtls.o
 .debug_ranges  0x00000000000005d0      0x298 ./Middlewares/Third_Party/FreeRTOS/Source/CMSIS_RTOS_V2/cmsis_os2.o
 .debug_ranges  0x0000000000000868       0x30 ./Middlewares/Third_Party/FreeRTOS/Source/list.o
 .debug_ranges  0x0000000000000898      0x148 ./Middlewares/Third_Party/FreeRTOS/Source/queue.o
 .debug_ranges  0x00000000000009e0      0x1f8 ./Middlewares/Third_Party/FreeRTOS/Source/tasks.o
 .debug_ranges  0x0000000000000bd8       0xe0 ./Middlewares/Third_Party/FreeRTOS/Source/timers.o
 .debug_ranges  0x0000000000000cb8       0x70 ./Middlewares/Third_Party/FreeRTOS/Source/portable/GCC/ARM_CM4F/port.o
 .debug_ranges  0x0000000000000d28       0x48 ./Middlewares/Third_Party/FreeRTOS/Source/portable/MemMang/heap_4.o

.debug_macro    0x0000000000000000     0x3cb1
 .debug_macro   0x0000000000000000      0x3c5 ./Core/Src/main.o
 .debug_macro   0x00000000000003c5      0x169 ./Core/Src/main.o
 .debug_macro   0x000000000000052e       0x66 ./Core/Src/main.o
 .debug_macro   0x0000000000000594       0x74 ./Core/Src/main.o
 .debug_macro   0x0000000000000608       0xdd ./Core/Src/main.o
 .debug_macro   0x00000000000006e5      0x15e ./Core/Src/main.o
 .debug_macro   0x0000000000000843       0x52 ./Core/Src/main.o
 .debug_macro   0x0000000000000895      0x341 ./Core/Src/main.o
 .debug_macro   0x0000000000000bd6       0x7c ./Core/Src/main.o
 .debug_macro   0x0000000000000c52       0x17 ./Core/Src/main.o
 .debug_macro   0x0000000000000c69      0x118 ./Core/Src/main.o
 .debug_macro   0x0000000000000d81       0x12 ./Core/Src/main.o
 .debug_macro   0x0000000000000d93       0x12 ./Core/Src/main.o
 .debug_macro   0x0000000000000da5       0x1e ./Core/Src/main.o
 .debug_macro   0x0000000000000dc3       0x3c ./Core/Src/main.o
 .debug_macro   0x0000000000000dff       0x34 ./Core/Src/main.o
 .debug_macro   0x0000000000000e33       0x16 ./Core/Src/main.o
 .debug_macro   0x0000000000000e49       0x43 ./Core/Src/main.o
 .debug_macro   0x0000000000000e8c       0x34 ./Core/Src/main.o
 .debug_macro   0x0000000000000ec0       0x10 ./Core/Src/main.o
 .debug_macro   0x0000000000000ed0       0x58 ./Core/Src/main.o
 .debug_macro   0x0000000000000f28       0x71 ./Core/Src/main.o
 .debug_macro   0x0000000000000f99       0x1c ./Core/Src/main.o
 .debug_macro   0x0000000000000fb5      0x12a ./Core/Src/main.o
 .debug_macro   0x00000000000010df       0x10 ./Core/Src/main.o
 .debug_macro   0x00000000000010ef       0x35 ./Core/Src/main.o
 .debug_macro   0x0000000000001124       0x20 ./Core/Src/main.o
 .debug_macro   0x0000000000001144      0x19b ./Core/Src/main.o
 .debug_macro   0x00000000000012df       0xd6 ./Core/Src/main.o
 .debug_macro   0x00000000000013b5      0x1d9 ./Core/Src/stm32f4xx_hal_msp.o
 .debug_macro   0x000000000000158e      0x24b ./Core/Src/stm32f4xx_it.o
 .debug_macro   0x00000000000017d9      0x1ca ./Core/Src/system_stm32f4xx.o
 .debug_macro   0x00000000000019a3      0x22a ./Drivers/STM32F4xx_HAL_Driver/Src/stm32f4xx_hal.o
 .debug_macro   0x0000000000001bcd      0x1ca ./Drivers/STM32F4xx_HAL_Driver/Src/stm32f4xx_hal_cortex.o
 .debug_macro   0x0000000000001d97      0x1d0 ./Drivers/STM32F4xx_HAL_Driver/Src/stm32f4xx_hal_dma.o
 .debug_macro   0x0000000000001f67      0x1d0 ./Drivers/STM32F4xx_HAL_Driver/Src/stm32f4xx_hal_gpio.o
 .debug_macro   0x0000000000002137      0x1d2 ./Drivers/STM32F4xx_HAL_Driver/Src/stm32f4xx_hal_i2s.o
 .debug_macro   0x0000000000002309      0x1e2 ./Drivers/STM32F4xx_HAL_Driver/Src/stm32f4xx_hal_pwr_ex.o
 .debug_macro   0x00000000000024eb      0x1ee ./Drivers/STM32F4xx_HAL_Driver/Src/stm32f4xx_hal_rcc.o
 .debug_macro   0x00000000000026d9      0x1ca ./Drivers/STM32F4xx_HAL_Driver/Src/stm32f4xx_hal_rcc_ex.o
 .debug_macro   0x00000000000028a3       0xba ./MBEDTLS/App/mbedtls.o
 .debug_macro   0x000000000000295d      0x3c1 ./Middlewares/Third_Party/FreeRTOS/Source/CMSIS_RTOS_V2/cmsis_os2.o
 .debug_macro   0x0000000000002d1e       0x10 ./Middlewares/Third_Party/FreeRTOS/Source/CMSIS_RTOS_V2/cmsis_os2.o
 .debug_macro   0x0000000000002d2e       0xd3 ./Middlewares/Third_Party/FreeRTOS/Source/CMSIS_RTOS_V2/cmsis_os2.o
 .debug_macro   0x0000000000002e01       0x91 ./Middlewares/Third_Party/FreeRTOS/Source/CMSIS_RTOS_V2/cmsis_os2.o
 .debug_macro   0x0000000000002e92       0x8d ./Middlewares/Third_Party/FreeRTOS/Source/CMSIS_RTOS_V2/cmsis_os2.o
 .debug_macro   0x0000000000002f1f       0x9a ./Middlewares/Third_Party/FreeRTOS/Source/CMSIS_RTOS_V2/cmsis_os2.o
 .debug_macro   0x0000000000002fb9       0x22 ./Middlewares/Third_Party/FreeRTOS/Source/CMSIS_RTOS_V2/cmsis_os2.o
 .debug_macro   0x0000000000002fdb       0x56 ./Middlewares/Third_Party/FreeRTOS/Source/CMSIS_RTOS_V2/cmsis_os2.o
 .debug_macro   0x0000000000003031      0x187 ./Middlewares/Third_Party/FreeRTOS/Source/list.o
 .debug_macro   0x00000000000031b8      0x216 ./Middlewares/Third_Party/FreeRTOS/Source/queue.o
 .debug_macro   0x00000000000033ce       0x16 ./Middlewares/Third_Party/FreeRTOS/Source/queue.o
 .debug_macro   0x00000000000033e4       0x87 ./Middlewares/Third_Party/FreeRTOS/Source/queue.o
 .debug_macro   0x000000000000346b      0x27f ./Middlewares/Third_Party/FreeRTOS/Source/tasks.o
 .debug_macro   0x00000000000036ea       0x10 ./Middlewares/Third_Party/FreeRTOS/Source/tasks.o
 .debug_macro   0x00000000000036fa      0x1dc ./Middlewares/Third_Party/FreeRTOS/Source/timers.o
 .debug_macro   0x00000000000038d6       0x97 ./Middlewares/Third_Party/FreeRTOS/Source/timers.o
 .debug_macro   0x000000000000396d      0x196 ./Middlewares/Third_Party/FreeRTOS/Source/portable/GCC/ARM_CM4F/port.o
 .debug_macro   0x0000000000003b03      0x1ae ./Middlewares/Third_Party/FreeRTOS/Source/portable/MemMang/heap_4.o

.debug_line     0x0000000000000000    0x1103a
 .debug_line    0x0000000000000000      0xc66 ./Core/Src/main.o
 .debug_line    0x0000000000000c66      0x751 ./Core/Src/stm32f4xx_hal_msp.o
 .debug_line    0x00000000000013b7      0x86c ./Core/Src/stm32f4xx_it.o
 .debug_line    0x0000000000001c23      0x72d ./Core/Src/system_stm32f4xx.o
 .debug_line    0x0000000000002350       0x88 ./Core/Startup/startup_stm32f446retx.o
 .debug_line    0x00000000000023d8      0x993 ./Drivers/STM32F4xx_HAL_Driver/Src/stm32f4xx_hal.o
 .debug_line    0x0000000000002d6b      0xc42 ./Drivers/STM32F4xx_HAL_Driver/Src/stm32f4xx_hal_cortex.o
 .debug_line    0x00000000000039ad      0xef7 ./Drivers/STM32F4xx_HAL_Driver/Src/stm32f4xx_hal_dma.o
 .debug_line    0x00000000000048a4      0xaf3 ./Drivers/STM32F4xx_HAL_Driver/Src/stm32f4xx_hal_gpio.o
 .debug_line    0x0000000000005397     0x1069 ./Drivers/STM32F4xx_HAL_Driver/Src/stm32f4xx_hal_i2s.o
 .debug_line    0x0000000000006400      0x8c2 ./Drivers/STM32F4xx_HAL_Driver/Src/stm32f4xx_hal_pwr_ex.o
 .debug_line    0x0000000000006cc2      0xd1b ./Drivers/STM32F4xx_HAL_Driver/Src/stm32f4xx_hal_rcc.o
 .debug_line    0x00000000000079dd     0x13a6 ./Drivers/STM32F4xx_HAL_Driver/Src/stm32f4xx_hal_rcc_ex.o
 .debug_line    0x0000000000008d83      0x591 ./MBEDTLS/App/mbedtls.o
 .debug_line    0x0000000000009314     0x2384 ./Middlewares/Third_Party/FreeRTOS/Source/CMSIS_RTOS_V2/cmsis_os2.o
 .debug_line    0x000000000000b698      0x707 ./Middlewares/Third_Party/FreeRTOS/Source/list.o
 .debug_line    0x000000000000bd9f     0x16d1 ./Middlewares/Third_Party/FreeRTOS/Source/queue.o
 .debug_line    0x000000000000d470     0x1d86 ./Middlewares/Third_Party/FreeRTOS/Source/tasks.o
 .debug_line    0x000000000000f1f6      0xd67 ./Middlewares/Third_Party/FreeRTOS/Source/timers.o
 .debug_line    0x000000000000ff5d      0x7ac ./Middlewares/Third_Party/FreeRTOS/Source/portable/GCC/ARM_CM4F/port.o
 .debug_line    0x0000000000010709      0x931 ./Middlewares/Third_Party/FreeRTOS/Source/portable/MemMang/heap_4.o

.debug_str      0x0000000000000000    0xd26cd
 .debug_str     0x0000000000000000    0xcb27e ./Core/Src/main.o
                                      0xcb68f (size before relaxing)
 .debug_str     0x00000000000cb27e      0x215 ./Core/Src/stm32f4xx_hal_msp.o
                                      0xc2205 (size before relaxing)
 .debug_str     0x00000000000cb493      0x104 ./Core/Src/stm32f4xx_it.o
                                      0xc5563 (size before relaxing)
 .debug_str     0x00000000000cb597       0xdb ./Core/Src/system_stm32f4xx.o
                                      0xc1542 (size before relaxing)
 .debug_str     0x00000000000cb672       0x36 ./Core/Startup/startup_stm32f446retx.o
                                         0x6d (size before relaxing)
 .debug_str     0x00000000000cb6a8      0x617 ./Drivers/STM32F4xx_HAL_Driver/Src/stm32f4xx_hal.o
                                      0xc2107 (size before relaxing)
 .debug_str     0x00000000000cbcbf      0x331 ./Drivers/STM32F4xx_HAL_Driver/Src/stm32f4xx_hal_cortex.o
                                      0xc1e15 (size before relaxing)
 .debug_str     0x00000000000cbff0      0x2f3 ./Drivers/STM32F4xx_HAL_Driver/Src/stm32f4xx_hal_dma.o
                                      0xc1937 (size before relaxing)
 .debug_str     0x00000000000cc2e3      0x15d ./Drivers/STM32F4xx_HAL_Driver/Src/stm32f4xx_hal_gpio.o
                                      0xc16bd (size before relaxing)
 .debug_str     0x00000000000cc440      0x275 ./Drivers/STM32F4xx_HAL_Driver/Src/stm32f4xx_hal_i2s.o
                                      0xc1ae7 (size before relaxing)
 .debug_str     0x00000000000cc6b5      0x135 ./Drivers/STM32F4xx_HAL_Driver/Src/stm32f4xx_hal_pwr_ex.o
                                      0xc171a (size before relaxing)
 .debug_str     0x00000000000cc7ea      0x228 ./Drivers/STM32F4xx_HAL_Driver/Src/stm32f4xx_hal_rcc.o
                                      0xc197b (size before relaxing)
 .debug_str     0x00000000000cca12      0x17a ./Drivers/STM32F4xx_HAL_Driver/Src/stm32f4xx_hal_rcc_ex.o
                                      0xc19ae (size before relaxing)
 .debug_str     0x00000000000ccb8c       0x19 ./MBEDTLS/App/mbedtls.o
                                       0x532b (size before relaxing)
 .debug_str     0x00000000000ccba5     0x2fc7 ./Middlewares/Third_Party/FreeRTOS/Source/CMSIS_RTOS_V2/cmsis_os2.o
                                      0xcbe3d (size before relaxing)
 .debug_str     0x00000000000cfb6c      0x20f ./Middlewares/Third_Party/FreeRTOS/Source/list.o
                                       0xa6af (size before relaxing)
 .debug_str     0x00000000000cfd7b      0x892 ./Middlewares/Third_Party/FreeRTOS/Source/queue.o
                                       0xc1ef (size before relaxing)
 .debug_str     0x00000000000d060d     0x106a ./Middlewares/Third_Party/FreeRTOS/Source/tasks.o
                                       0xccac (size before relaxing)
 .debug_str     0x00000000000d1677      0x5af ./Middlewares/Third_Party/FreeRTOS/Source/timers.o
                                       0xc721 (size before relaxing)
 .debug_str     0x00000000000d1c26      0x783 ./Middlewares/Third_Party/FreeRTOS/Source/portable/GCC/ARM_CM4F/port.o
                                       0x8620 (size before relaxing)
 .debug_str     0x00000000000d23a9      0x324 ./Middlewares/Third_Party/FreeRTOS/Source/portable/MemMang/heap_4.o
                                       0xaff1 (size before relaxing)

.comment        0x0000000000000000       0x50
 .comment       0x0000000000000000       0x50 ./Core/Src/main.o
                                         0x51 (size before relaxing)
 .comment       0x0000000000000050       0x51 ./Core/Src/stm32f4xx_hal_msp.o
 .comment       0x0000000000000050       0x51 ./Core/Src/stm32f4xx_it.o
 .comment       0x0000000000000050       0x51 ./Core/Src/system_stm32f4xx.o
 .comment       0x0000000000000050       0x51 ./Drivers/STM32F4xx_HAL_Driver/Src/stm32f4xx_hal.o
 .comment       0x0000000000000050       0x51 ./Drivers/STM32F4xx_HAL_Driver/Src/stm32f4xx_hal_cortex.o
 .comment       0x0000000000000050       0x51 ./Drivers/STM32F4xx_HAL_Driver/Src/stm32f4xx_hal_dma.o
 .comment       0x0000000000000050       0x51 ./Drivers/STM32F4xx_HAL_Driver/Src/stm32f4xx_hal_gpio.o
 .comment       0x0000000000000050       0x51 ./Drivers/STM32F4xx_HAL_Driver/Src/stm32f4xx_hal_i2s.o
 .comment       0x0000000000000050       0x51 ./Drivers/STM32F4xx_HAL_Driver/Src/stm32f4xx_hal_pwr_ex.o
 .comment       0x0000000000000050       0x51 ./Drivers/STM32F4xx_HAL_Driver/Src/stm32f4xx_hal_rcc.o
 .comment       0x0000000000000050       0x51 ./Drivers/STM32F4xx_HAL_Driver/Src/stm32f4xx_hal_rcc_ex.o
 .comment       0x0000000000000050       0x51 ./MBEDTLS/App/mbedtls.o
 .comment       0x0000000000000050       0x51 ./Middlewares/Third_Party/FreeRTOS/Source/CMSIS_RTOS_V2/cmsis_os2.o
 .comment       0x0000000000000050       0x51 ./Middlewares/Third_Party/FreeRTOS/Source/list.o
 .comment       0x0000000000000050       0x51 ./Middlewares/Third_Party/FreeRTOS/Source/queue.o
 .comment       0x0000000000000050       0x51 ./Middlewares/Third_Party/FreeRTOS/Source/tasks.o
 .comment       0x0000000000000050       0x51 ./Middlewares/Third_Party/FreeRTOS/Source/timers.o
 .comment       0x0000000000000050       0x51 ./Middlewares/Third_Party/FreeRTOS/Source/portable/GCC/ARM_CM4F/port.o
 .comment       0x0000000000000050       0x51 ./Middlewares/Third_Party/FreeRTOS/Source/portable/MemMang/heap_4.o

.debug_frame    0x0000000000000000     0x3b6c
 .debug_frame   0x0000000000000000      0x114 ./Core/Src/main.o
 .debug_frame   0x0000000000000114       0x80 ./Core/Src/stm32f4xx_hal_msp.o
 .debug_frame   0x0000000000000194       0xe0 ./Core/Src/stm32f4xx_it.o
 .debug_frame   0x0000000000000274       0x58 ./Core/Src/system_stm32f4xx.o
 .debug_frame   0x00000000000002cc      0x374 ./Drivers/STM32F4xx_HAL_Driver/Src/stm32f4xx_hal.o
 .debug_frame   0x0000000000000640      0x498 ./Drivers/STM32F4xx_HAL_Driver/Src/stm32f4xx_hal_cortex.o
 .debug_frame   0x0000000000000ad8      0x250 ./Drivers/STM32F4xx_HAL_Driver/Src/stm32f4xx_hal_dma.o
 .debug_frame   0x0000000000000d28      0x14c ./Drivers/STM32F4xx_HAL_Driver/Src/stm32f4xx_hal_gpio.o
 .debug_frame   0x0000000000000e74      0x47c ./Drivers/STM32F4xx_HAL_Driver/Src/stm32f4xx_hal_i2s.o
 .debug_frame   0x00000000000012f0      0x14c ./Drivers/STM32F4xx_HAL_Driver/Src/stm32f4xx_hal_pwr_ex.o
 .debug_frame   0x000000000000143c      0x1f4 ./Drivers/STM32F4xx_HAL_Driver/Src/stm32f4xx_hal_rcc.o
 .debug_frame   0x0000000000001630      0x1e8 ./Drivers/STM32F4xx_HAL_Driver/Src/stm32f4xx_hal_rcc_ex.o
 .debug_frame   0x0000000000001818       0x30 ./MBEDTLS/App/mbedtls.o
 .debug_frame   0x0000000000001848      0xbc8 ./Middlewares/Third_Party/FreeRTOS/Source/CMSIS_RTOS_V2/cmsis_os2.o
 .debug_frame   0x0000000000002410       0xd8 ./Middlewares/Third_Party/FreeRTOS/Source/list.o
 .debug_frame   0x00000000000024e8      0x5ec ./Middlewares/Third_Party/FreeRTOS/Source/queue.o
 .debug_frame   0x0000000000002ad4      0x8f0 ./Middlewares/Third_Party/FreeRTOS/Source/tasks.o
 .debug_frame   0x00000000000033c4      0x400 ./Middlewares/Third_Party/FreeRTOS/Source/timers.o
 .debug_frame   0x00000000000037c4      0x1a8 ./Middlewares/Third_Party/FreeRTOS/Source/portable/GCC/ARM_CM4F/port.o
 .debug_frame   0x000000000000396c      0x12c ./Middlewares/Third_Party/FreeRTOS/Source/portable/MemMang/heap_4.o
 .debug_frame   0x0000000000003a98       0x2c e:/st/stm32cubeide_1.12.0/stm32cubeide/plugins/com.st.stm32cube.ide.mcu.externaltools.gnu-tools-for-stm32.10.3-2021.10.win32_1.0.200.202301161003/tools/bin/../lib/gcc/arm-none-eabi/10.3.1/../../../../arm-none-eabi/lib/thumb/v7e-m+fp/hard\libc_nano.a(lib_a-init.o)
 .debug_frame   0x0000000000003ac4       0x28 e:/st/stm32cubeide_1.12.0/stm32cubeide/plugins/com.st.stm32cube.ide.mcu.externaltools.gnu-tools-for-stm32.10.3-2021.10.win32_1.0.200.202301161003/tools/bin/../lib/gcc/arm-none-eabi/10.3.1/../../../../arm-none-eabi/lib/thumb/v7e-m+fp/hard\libc_nano.a(lib_a-memcpy-stub.o)
 .debug_frame   0x0000000000003aec       0x20 e:/st/stm32cubeide_1.12.0/stm32cubeide/plugins/com.st.stm32cube.ide.mcu.externaltools.gnu-tools-for-stm32.10.3-2021.10.win32_1.0.200.202301161003/tools/bin/../lib/gcc/arm-none-eabi/10.3.1/../../../../arm-none-eabi/lib/thumb/v7e-m+fp/hard\libc_nano.a(lib_a-memset.o)
 .debug_frame   0x0000000000003b0c       0x2c e:/st/stm32cubeide_1.12.0/stm32cubeide/plugins/com.st.stm32cube.ide.mcu.externaltools.gnu-tools-for-stm32.10.3-2021.10.win32_1.0.200.202301161003/tools/bin/../lib/gcc/arm-none-eabi/10.3.1/thumb/v7e-m+fp/hard\libgcc.a(_aeabi_uldivmod.o)
 .debug_frame   0x0000000000003b38       0x34 e:/st/stm32cubeide_1.12.0/stm32cubeide/plugins/com.st.stm32cube.ide.mcu.externaltools.gnu-tools-for-stm32.10.3-2021.10.win32_1.0.200.202301161003/tools/bin/../lib/gcc/arm-none-eabi/10.3.1/thumb/v7e-m+fp/hard\libgcc.a(_udivmoddi4.o)
