../Core/Src/main.c:84:1:__io_putchar	16	static
../Core/Src/main.c:91:6:HAL_I2S_RxCpltCallback	16	static
../Core/Src/main.c:102:5:main	16	static
../Core/Src/main.c:189:6:SystemClock_Config	88	static
../Core/Src/main.c:235:13:MX_CRC_Init	8	static
../Core/Src/main.c:261:13:MX_I2S3_Init	8	static
../Core/Src/main.c:295:13:MX_TIM1_Init	32	static
../Core/Src/main.c:341:13:MX_USART1_UART_Init	8	static
../Core/Src/main.c:372:13:MX_DMA_Init	16	static
../Core/Src/main.c:386:13:MX_FMC_Init	40	static
../Core/Src/main.c:437:13:MX_GPIO_Init	64	static
../Core/Src/main.c:612:6:StartDefaultTask	16	static
../Core/Src/main.c:633:6:HAL_TIM_PeriodElapsedCallback	16	static
../Core/Src/main.c:650:6:Error_Handler	4	static,ignoring_inline_asm
