../Core/Src/main.c:86:1:__io_putchar	16	static
../Core/Src/main.c:97:5:main	8	static
../Core/Src/main.c:173:6:SystemClock_Config	88	static
../Core/Src/main.c:219:13:MX_CRC_Init	8	static
../Core/Src/main.c:245:13:MX_DMA2D_Init	8	static
../Core/Src/main.c:282:13:MX_I2S3_Init	8	static
../Core/Src/main.c:316:13:MX_SPI5_Init	8	static
../Core/Src/main.c:354:13:MX_TIM1_Init	32	static
../Core/Src/main.c:400:13:MX_USART1_UART_Init	8	static
../Core/Src/main.c:429:13:MX_FMC_Init	40	static
../Core/Src/main.c:480:13:MX_GPIO_Init	64	static
../Core/Src/main.c:647:6:StartDefaultTask	16	static
../Core/Src/main.c:668:6:HAL_TIM_PeriodElapsedCallback	16	static
../Core/Src/main.c:685:6:Error_Handler	4	static,ignoring_inline_asm
