../Core/Src/stm32f4xx_hal_msp.c:63:6:HAL_MspInit	16	static
../Core/Src/stm32f4xx_hal_msp.c:87:6:HAL_CRC_MspInit	24	static
../Core/Src/stm32f4xx_hal_msp.c:109:6:HAL_CRC_MspDeInit	16	static
../Core/Src/stm32f4xx_hal_msp.c:131:6:HAL_DMA2D_MspInit	24	static
../Core/Src/stm32f4xx_hal_msp.c:156:6:HAL_DMA2D_MspDeInit	16	static
../Core/Src/stm32f4xx_hal_msp.c:181:6:HAL_I2S_MspInit	96	static
../Core/Src/stm32f4xx_hal_msp.c:238:6:HAL_I2S_MspDeInit	16	static
../Core/Src/stm32f4xx_hal_msp.c:270:6:HAL_SPI_MspInit	48	static
../Core/Src/stm32f4xx_hal_msp.c:307:6:HAL_SPI_MspDeInit	16	static
../Core/Src/stm32f4xx_hal_msp.c:337:6:HAL_TIM_Base_MspInit	24	static
../Core/Src/stm32f4xx_hal_msp.c:359:6:HAL_TIM_Base_MspDeInit	16	static
../Core/Src/stm32f4xx_hal_msp.c:381:6:HAL_UART_MspInit	48	static
../Core/Src/stm32f4xx_hal_msp.c:421:6:HAL_UART_MspDeInit	16	static
../Core/Src/stm32f4xx_hal_msp.c:450:13:HAL_FMC_MspInit	32	static
../Core/Src/stm32f4xx_hal_msp.c:556:6:HAL_SDRAM_MspInit	16	static
../Core/Src/stm32f4xx_hal_msp.c:568:13:HAL_FMC_MspDeInit	8	static
../Core/Src/stm32f4xx_hal_msp.c:642:6:HAL_SDRAM_MspDeInit	16	static
