../USB_HOST/Target/usbh_conf.c:62:6:HAL_HCD_MspInit	48	static
../USB_HOST/Target/usbh_conf.c:102:6:HAL_HCD_MspDeInit	8	static
../USB_HOST/Target/usbh_conf.c:134:6:HAL_HCD_SOF_Callback	0	static
../USB_HOST/Target/usbh_conf.c:144:6:HAL_HCD_Connect_Callback	0	static
../USB_HOST/Target/usbh_conf.c:154:6:HAL_HCD_Disconnect_Callback	0	static
../USB_HOST/Target/usbh_conf.c:166:6:HAL_HCD_HC_NotifyURBChange_Callback	0	static
../USB_HOST/Target/usbh_conf.c:178:6:HAL_HCD_PortEnabled_Callback	0	static
../USB_HOST/Target/usbh_conf.c:188:6:HAL_HCD_PortDisabled_Callback	0	static
../USB_HOST/Target/usbh_conf.c:202:20:USBH_LL_Init	8	static
../USB_HOST/Target/usbh_conf.c:285:19:USBH_LL_GetSpeed	8	static
../USB_HOST/Target/usbh_conf.c:333:10:USBH_LL_GetLastXferSize	0	static
../USB_HOST/Target/usbh_conf.c:437:22:USBH_LL_GetURBState	0	static
../USB_HOST/Target/usbh_conf.c:451:20:USBH_LL_DriverVBUS	8	static
../USB_HOST/Target/usbh_conf.c:472:20:USBH_LL_SetToggle	0	static
../USB_HOST/Target/usbh_conf.c:495:9:USBH_LL_GetToggle	0	static
../USB_HOST/Target/usbh_conf.c:517:6:USBH_Delay	0	static
../USB_HOST/Target/usbh_conf.c:527:20:USBH_Get_USB_Status	0	static
../USB_HOST/Target/usbh_conf.c:234:20:USBH_LL_DeInit	8	static
../USB_HOST/Target/usbh_conf.c:251:20:USBH_LL_Start	8	static
../USB_HOST/Target/usbh_conf.c:268:20:USBH_LL_Stop	8	static
../USB_HOST/Target/usbh_conf.c:315:20:USBH_LL_ResetPort	8	static
../USB_HOST/Target/usbh_conf.c:349:20:USBH_LL_OpenPipe	32	static
../USB_HOST/Target/usbh_conf.c:369:20:USBH_LL_ClosePipe	8	static
../USB_HOST/Target/usbh_conf.c:408:20:USBH_LL_SubmitURB	32	static
