Archive member included to satisfy reference by file (symbol)

c:/st/stm32cubeide_1.12.0/stm32cubeide/plugins/com.st.stm32cube.ide.mcu.externaltools.gnu-tools-for-stm32.10.3-2021.10.win32_1.0.200.202301161003/tools/bin/../lib/gcc/arm-none-eabi/10.3.1/../../../../arm-none-eabi/lib/thumb/v7e-m+fp/hard\libc_nano.a(lib_a-errno.o)
                              ./Core/Src/syscalls.o (__errno)
c:/st/stm32cubeide_1.12.0/stm32cubeide/plugins/com.st.stm32cube.ide.mcu.externaltools.gnu-tools-for-stm32.10.3-2021.10.win32_1.0.200.202301161003/tools/bin/../lib/gcc/arm-none-eabi/10.3.1/../../../../arm-none-eabi/lib/thumb/v7e-m+fp/hard\libc_nano.a(lib_a-exit.o)
                              c:/st/stm32cubeide_1.12.0/stm32cubeide/plugins/com.st.stm32cube.ide.mcu.externaltools.gnu-tools-for-stm32.10.3-2021.10.win32_1.0.200.202301161003/tools/bin/../lib/gcc/arm-none-eabi/10.3.1/../../../../arm-none-eabi/lib/thumb/v7e-m+fp/hard/crt0.o (exit)
c:/st/stm32cubeide_1.12.0/stm32cubeide/plugins/com.st.stm32cube.ide.mcu.externaltools.gnu-tools-for-stm32.10.3-2021.10.win32_1.0.200.202301161003/tools/bin/../lib/gcc/arm-none-eabi/10.3.1/../../../../arm-none-eabi/lib/thumb/v7e-m+fp/hard\libc_nano.a(lib_a-impure.o)
                              c:/st/stm32cubeide_1.12.0/stm32cubeide/plugins/com.st.stm32cube.ide.mcu.externaltools.gnu-tools-for-stm32.10.3-2021.10.win32_1.0.200.202301161003/tools/bin/../lib/gcc/arm-none-eabi/10.3.1/../../../../arm-none-eabi/lib/thumb/v7e-m+fp/hard\libc_nano.a(lib_a-exit.o) (_global_impure_ptr)
c:/st/stm32cubeide_1.12.0/stm32cubeide/plugins/com.st.stm32cube.ide.mcu.externaltools.gnu-tools-for-stm32.10.3-2021.10.win32_1.0.200.202301161003/tools/bin/../lib/gcc/arm-none-eabi/10.3.1/../../../../arm-none-eabi/lib/thumb/v7e-m+fp/hard\libc_nano.a(lib_a-init.o)
                              c:/st/stm32cubeide_1.12.0/stm32cubeide/plugins/com.st.stm32cube.ide.mcu.externaltools.gnu-tools-for-stm32.10.3-2021.10.win32_1.0.200.202301161003/tools/bin/../lib/gcc/arm-none-eabi/10.3.1/../../../../arm-none-eabi/lib/thumb/v7e-m+fp/hard/crt0.o (__libc_init_array)
c:/st/stm32cubeide_1.12.0/stm32cubeide/plugins/com.st.stm32cube.ide.mcu.externaltools.gnu-tools-for-stm32.10.3-2021.10.win32_1.0.200.202301161003/tools/bin/../lib/gcc/arm-none-eabi/10.3.1/../../../../arm-none-eabi/lib/thumb/v7e-m+fp/hard\libc_nano.a(lib_a-malloc.o)
                              ./Middlewares/ST/STM32_USB_Host_Library/Class/CDC/Src/usbh_cdc.o (malloc)
c:/st/stm32cubeide_1.12.0/stm32cubeide/plugins/com.st.stm32cube.ide.mcu.externaltools.gnu-tools-for-stm32.10.3-2021.10.win32_1.0.200.202301161003/tools/bin/../lib/gcc/arm-none-eabi/10.3.1/../../../../arm-none-eabi/lib/thumb/v7e-m+fp/hard\libc_nano.a(lib_a-memcpy-stub.o)
                              ./Middlewares/Third_Party/FreeRTOS/Source/queue.o (memcpy)
c:/st/stm32cubeide_1.12.0/stm32cubeide/plugins/com.st.stm32cube.ide.mcu.externaltools.gnu-tools-for-stm32.10.3-2021.10.win32_1.0.200.202301161003/tools/bin/../lib/gcc/arm-none-eabi/10.3.1/../../../../arm-none-eabi/lib/thumb/v7e-m+fp/hard\libc_nano.a(lib_a-memset.o)
                              c:/st/stm32cubeide_1.12.0/stm32cubeide/plugins/com.st.stm32cube.ide.mcu.externaltools.gnu-tools-for-stm32.10.3-2021.10.win32_1.0.200.202301161003/tools/bin/../lib/gcc/arm-none-eabi/10.3.1/../../../../arm-none-eabi/lib/thumb/v7e-m+fp/hard/crt0.o (memset)
c:/st/stm32cubeide_1.12.0/stm32cubeide/plugins/com.st.stm32cube.ide.mcu.externaltools.gnu-tools-for-stm32.10.3-2021.10.win32_1.0.200.202301161003/tools/bin/../lib/gcc/arm-none-eabi/10.3.1/../../../../arm-none-eabi/lib/thumb/v7e-m+fp/hard\libc_nano.a(lib_a-nano-freer.o)
                              c:/st/stm32cubeide_1.12.0/stm32cubeide/plugins/com.st.stm32cube.ide.mcu.externaltools.gnu-tools-for-stm32.10.3-2021.10.win32_1.0.200.202301161003/tools/bin/../lib/gcc/arm-none-eabi/10.3.1/../../../../arm-none-eabi/lib/thumb/v7e-m+fp/hard\libc_nano.a(lib_a-malloc.o) (_free_r)
c:/st/stm32cubeide_1.12.0/stm32cubeide/plugins/com.st.stm32cube.ide.mcu.externaltools.gnu-tools-for-stm32.10.3-2021.10.win32_1.0.200.202301161003/tools/bin/../lib/gcc/arm-none-eabi/10.3.1/../../../../arm-none-eabi/lib/thumb/v7e-m+fp/hard\libc_nano.a(lib_a-nano-mallocr.o)
                              c:/st/stm32cubeide_1.12.0/stm32cubeide/plugins/com.st.stm32cube.ide.mcu.externaltools.gnu-tools-for-stm32.10.3-2021.10.win32_1.0.200.202301161003/tools/bin/../lib/gcc/arm-none-eabi/10.3.1/../../../../arm-none-eabi/lib/thumb/v7e-m+fp/hard\libc_nano.a(lib_a-malloc.o) (_malloc_r)
c:/st/stm32cubeide_1.12.0/stm32cubeide/plugins/com.st.stm32cube.ide.mcu.externaltools.gnu-tools-for-stm32.10.3-2021.10.win32_1.0.200.202301161003/tools/bin/../lib/gcc/arm-none-eabi/10.3.1/../../../../arm-none-eabi/lib/thumb/v7e-m+fp/hard\libc_nano.a(lib_a-printf.o)
                              ./Core/Src/main.o (printf)
[...]
Memory Configuration

Name             Origin             Length             Attributes
CCMRAM           0x0000000010000000 0x0000000000010000 xrw
RAM              0x0000000020000000 0x0000000000030000 xrw
FLASH            0x0000000008000000 0x0000000000200000 xr
*default*        0x0000000000000000 0xffffffffffffffff

Linker script and memory map

LOAD c:/st/stm32cubeide_1.12.0/stm32cubeide/plugins/com.st.stm32cube.ide.mcu.externaltools.gnu-tools-for-stm32.10.3-2021.10.win32_1.0.200.202301161003/tools/bin/../lib/gcc/arm-none-eabi/10.3.1/thumb/v7e-m+fp/hard/crti.o
LOAD c:/st/stm32cubeide_1.12.0/stm32cubeide/plugins/com.st.stm32cube.ide.mcu.externaltools.gnu-tools-for-stm32.10.3-2021.10.win32_1.0.200.202301161003/tools/bin/../lib/gcc/arm-none-eabi/10.3.1/thumb/v7e-m+fp/hard/crtbegin.o
LOAD c:/st/stm32cubeide_1.12.0/stm32cubeide/plugins/com.st.stm32cube.ide.mcu.externaltools.gnu-tools-for-stm32.10.3-2021.10.win32_1.0.200.202301161003/tools/bin/../lib/gcc/arm-none-eabi/10.3.1/../../../../arm-none-eabi/lib/thumb/v7e-m+fp/hard/crt0.o
LOAD ./Core/Src/freertos.o
LOAD ./Core/Src/main.o
LOAD ./Core/Src/stm32f4xx_hal_msp.o
LOAD ./Core/Src/stm32f4xx_hal_timebase_tim.o
LOAD ./Core/Src/stm32f4xx_it.o
LOAD ./Core/Src/syscalls.o
LOAD ./Core/Src/sysmem.o
LOAD ./Core/Src/system_stm32f4xx.o
LOAD ./Core/Startup/startup_stm32f429zitx.o
LOAD ./Drivers/STM32F4xx_HAL_Driver/Src/stm32f4xx_hal.o
LOAD ./Drivers/STM32F4xx_HAL_Driver/Src/stm32f4xx_hal_cortex.o
LOAD ./Drivers/STM32F4xx_HAL_Driver/Src/stm32f4xx_hal_crc.o
LOAD ./Drivers/STM32F4xx_HAL_Driver/Src/stm32f4xx_hal_dma.o
LOAD ./Drivers/STM32F4xx_HAL_Driver/Src/stm32f4xx_hal_dma_ex.o
LOAD ./Drivers/STM32F4xx_HAL_Driver/Src/stm32f4xx_hal_exti.o
LOAD ./Drivers/STM32F4xx_HAL_Driver/Src/stm32f4xx_hal_flash.o
LOAD ./Drivers/STM32F4xx_HAL_Driver/Src/stm32f4xx_hal_flash_ex.o
LOAD ./Drivers/STM32F4xx_HAL_Driver/Src/stm32f4xx_hal_flash_ramfunc.o
LOAD ./Drivers/STM32F4xx_HAL_Driver/Src/stm32f4xx_hal_gpio.o
LOAD ./Drivers/STM32F4xx_HAL_Driver/Src/stm32f4xx_hal_hcd.o
LOAD ./Drivers/STM32F4xx_HAL_Driver/Src/stm32f4xx_hal_i2s.o
LOAD ./Drivers/STM32F4xx_HAL_Driver/Src/stm32f4xx_hal_i2s_ex.o
LOAD ./Drivers/STM32F4xx_HAL_Driver/Src/stm32f4xx_hal_pwr.o
LOAD ./Drivers/STM32F4xx_HAL_Driver/Src/stm32f4xx_hal_pwr_ex.o
LOAD ./Drivers/STM32F4xx_HAL_Driver/Src/stm32f4xx_hal_rcc.o
LOAD ./Drivers/STM32F4xx_HAL_Driver/Src/stm32f4xx_hal_rcc_ex.o
LOAD ./Drivers/STM32F4xx_HAL_Driver/Src/stm32f4xx_hal_sdram.o
LOAD ./Drivers/STM32F4xx_HAL_Driver/Src/stm32f4xx_hal_tim.o
LOAD ./Drivers/STM32F4xx_HAL_Driver/Src/stm32f4xx_hal_tim_ex.o
LOAD ./Drivers/STM32F4xx_HAL_Driver/Src/stm32f4xx_hal_uart.o
LOAD ./Drivers/STM32F4xx_HAL_Driver/Src/stm32f4xx_ll_fmc.o
LOAD ./Drivers/STM32F4xx_HAL_Driver/Src/stm32f4xx_ll_usb.o
LOAD ./Middlewares/ST/STM32_USB_Host_Library/Class/CDC/Src/usbh_cdc.o
LOAD ./Middlewares/ST/STM32_USB_Host_Library/Core/Src/usbh_core.o
LOAD ./Middlewares/ST/STM32_USB_Host_Library/Core/Src/usbh_ctlreq.o
LOAD ./Middlewares/ST/STM32_USB_Host_Library/Core/Src/usbh_ioreq.o
LOAD ./Middlewares/ST/STM32_USB_Host_Library/Core/Src/usbh_pipes.o
LOAD ./Middlewares/Third_Party/FreeRTOS/Source/CMSIS_RTOS/cmsis_os.o
LOAD ./Middlewares/Third_Party/FreeRTOS/Source/croutine.o
LOAD ./Middlewares/Third_Party/FreeRTOS/Source/event_groups.o
LOAD ./Middlewares/Third_Party/FreeRTOS/Source/list.o
LOAD ./Middlewares/Third_Party/FreeRTOS/Source/queue.o
LOAD ./Middlewares/Third_Party/FreeRTOS/Source/stream_buffer.o
LOAD ./Middlewares/Third_Party/FreeRTOS/Source/tasks.o
LOAD ./Middlewares/Third_Party/FreeRTOS/Source/timers.o
LOAD ./Middlewares/Third_Party/FreeRTOS/Source/portable/GCC/ARM_CM4F/port.o
LOAD ./Middlewares/Third_Party/FreeRTOS/Source/portable/MemMang/heap_4.o
LOAD ./USB_HOST/App/usb_host.o
LOAD ./USB_HOST/Target/usbh_conf.o
LOAD ./USB_HOST/Target/usbh_platform.o
START GROUP
LOAD c:/st/stm32cubeide_1.12.0/stm32cubeide/plugins/com.st.stm32cube.ide.mcu.externaltools.gnu-tools-for-stm32.10.3-2021.10.win32_1.0.200.202301161003/tools/bin/../lib/gcc/arm-none-eabi/10.3.1/../../../../arm-none-eabi/lib/thumb/v7e-m+fp/hard\libc_nano.a
LOAD c:/st/stm32cubeide_1.12.0/stm32cubeide/plugins/com.st.stm32cube.ide.mcu.externaltools.gnu-tools-for-stm32.10.3-2021.10.win32_1.0.200.202301161003/tools/bin/../lib/gcc/arm-none-eabi/10.3.1/../../../../arm-none-eabi/lib/thumb/v7e-m+fp/hard\libm.a
END GROUP
START GROUP
LOAD c:/st/stm32cubeide_1.12.0/stm32cubeide/plugins/com.st.stm32cube.ide.mcu.externaltools.gnu-tools-for-stm32.10.3-2021.10.win32_1.0.200.202301161003/tools/bin/../lib/gcc/arm-none-eabi/10.3.1/thumb/v7e-m+fp/hard\libgcc.a
LOAD c:/st/stm32cubeide_1.12.0/stm32cubeide/plugins/com.st.stm32cube.ide.mcu.externaltools.gnu-tools-for-stm32.10.3-2021.10.win32_1.0.200.202301161003/tools/bin/../lib/gcc/arm-none-eabi/10.3.1/../../../../arm-none-eabi/lib/thumb/v7e-m+fp/hard\libc_nano.a
END GROUP
START GROUP
LOAD c:/st/stm32cubeide_1.12.0/stm32cubeide/plugins/com.st.stm32cube.ide.mcu.externaltools.gnu-tools-for-stm32.10.3-2021.10.win32_1.0.200.202301161003/tools/bin/../lib/gcc/arm-none-eabi/10.3.1/thumb/v7e-m+fp/hard\libgcc.a
LOAD c:/st/stm32cubeide_1.12.0/stm32cubeide/plugins/com.st.stm32cube.ide.mcu.externaltools.gnu-tools-for-stm32.10.3-2021.10.win32_1.0.200.202301161003/tools/bin/../lib/gcc/arm-none-eabi/10.3.1/../../../../arm-none-eabi/lib/thumb/v7e-m+fp/hard\libc_nano.a
LOAD c:/st/stm32cubeide_1.12.0/stm32cubeide/plugins/com.st.stm32cube.ide.mcu.externaltools.gnu-tools-for-stm32.10.3-2021.10.win32_1.0.200.202301161003/tools/bin/../lib/gcc/arm-none-eabi/10.3.1/../../../../arm-none-eabi/lib/thumb/v7e-m+fp/hard\libnosys.a
END GROUP
START GROUP
LOAD c:/st/stm32cubeide_1.12.0/stm32cubeide/plugins/com.st.stm32cube.ide.mcu.externaltools.gnu-tools-for-stm32.10.3-2021.10.win32_1.0.200.202301161003/tools/bin/../lib/gcc/arm-none-eabi/10.3.1/thumb/v7e-m+fp/hard\libgcc.a
LOAD c:/st/stm32cubeide_1.12.0/stm32cubeide/plugins/com.st.stm32cube.ide.mcu.externaltools.gnu-tools-for-stm32.10.3-2021.10.win32_1.0.200.202301161003/tools/bin/../lib/gcc/arm-none-eabi/10.3.1/../../../../arm-none-eabi/lib/thumb/v7e-m+fp/hard\libc_nano.a
LOAD c:/st/stm32cubeide_1.12.0/stm32cubeide/plugins/com.st.stm32cube.ide.mcu.externaltools.gnu-tools-for-stm32.10.3-2021.10.win32_1.0.200.202301161003/tools/bin/../lib/gcc/arm-none-eabi/10.3.1/../../../../arm-none-eabi/lib/thumb/v7e-m+fp/hard\libnosys.a
END GROUP
LOAD c:/st/stm32cubeide_1.12.0/stm32cubeide/plugins/com.st.stm32cube.ide.mcu.externaltools.gnu-tools-for-stm32.10.3-2021.10.win32_1.0.200.202301161003/tools/bin/../lib/gcc/arm-none-eabi/10.3.1/thumb/v7e-m+fp/hard/crtend.o
LOAD c:/st/stm32cubeide_1.12.0/stm32cubeide/plugins/com.st.stm32cube.ide.mcu.externaltools.gnu-tools-for-stm32.10.3-2021.10.win32_1.0.200.202301161003/tools/bin/../lib/gcc/arm-none-eabi/10.3.1/thumb/v7e-m+fp/hard/crtn.o
                0x0000000020030000                _estack = (ORIGIN (RAM) + LENGTH (RAM))
                0x0000000000000200                _Min_Heap_Size = 0x200
                0x0000000000000400                _Min_Stack_Size = 0x400

.isr_vector     0x0000000008000000      0x1ac
                0x0000000008000000                . = ALIGN (0x4)
 *(.isr_vector)
 .isr_vector    0x0000000008000000      0x1ac ./Core/Startup/startup_stm32f429zitx.o
                0x0000000008000000                g_pfnVectors
                0x00000000080001ac                . = ALIGN (0x4)

.text           0x00000000080001b0     0x76ec
                0x00000000080001b0                . = ALIGN (0x4)
 *(.text)
 .text          0x00000000080001b0       0x40 c:/st/stm32cubeide_1.12.0/stm32cubeide/plugins/com.st.stm32cube.ide.mcu.externaltools.gnu-tools-for-stm32.10.3-2021.10.win32_1.0.200.202301161003/tools/bin/../lib/gcc/arm-none-eabi/10.3.1/thumb/v7e-m+fp/hard/crtbegin.o
 .text          0x00000000080001f0       0xa0 c:/st/stm32cubeide_1.12.0/stm32cubeide/plugins/com.st.stm32cube.ide.mcu.externaltools.gnu-tools-for-stm32.10.3-2021.10.win32_1.0.200.202301161003/tools/bin/../lib/gcc/arm-none-eabi/10.3.1/../../../../arm-none-eabi/lib/thumb/v7e-m+fp/hard\libc_nano.a(lib_a-memchr.o)
                0x00000000080001f0                memchr
 .text          0x0000000008000290      0x378 c:/st/stm32cubeide_1.12.0/stm32cubeide/plugins/com.st.stm32cube.ide.mcu.externaltools.gnu-tools-for-stm32.10.3-2021.10.win32_1.0.200.202301161003/tools/bin/../lib/gcc/arm-none-eabi/10.3.1/thumb/v7e-m+fp/hard\libgcc.a(_arm_addsubdf3.o)
                0x0000000008000290                __aeabi_drsub
                0x0000000008000298                __aeabi_dsub
                0x0000000008000298                __subdf3
                0x000000000800029c                __aeabi_dadd
                0x000000000800029c                __adddf3
                0x0000000008000514                __floatunsidf
                0x0000000008000514                __aeabi_ui2d
                0x0000000008000534                __floatsidf
                0x0000000008000534                __aeabi_i2d
                0x0000000008000558                __aeabi_f2d
                0x0000000008000558                __extendsfdf2
                0x000000000800059c                __floatundidf
                0x000000000800059c                __aeabi_ul2d
                0x00000000080005ac                __floatdidf
                0x00000000080005ac                __aeabi_l2d
 .text          0x0000000008000608       0x30 c:/st/stm32cubeide_1.12.0/stm32cubeide/plugins/com.st.stm32cube.ide.mcu.externaltools.gnu-tools-for-stm32.10.3-2021.10.win32_1.0.200.202301161003/tools/bin/../lib/gcc/arm-none-eabi/10.3.1/thumb/v7e-m+fp/hard\libgcc.a(_aeabi_uldivmod.o)
                0x0000000008000608                __aeabi_uldivmod
 .text          0x0000000008000638      0x2d0 c:/st/stm32cubeide_1.12.0/stm32cubeide/plugins/com.st.stm32cube.ide.mcu.externaltools.gnu-tools-for-stm32.10.3-2021.10.win32_1.0.200.202301161003/tools/bin/../lib/gcc/arm-none-eabi/10.3.1/thumb/v7e-m+fp/hard\libgcc.a(_udivmoddi4.o)
                0x0000000008000638                __udivmoddi4
 .text          0x0000000008000908        0x4 c:/st/stm32cubeide_1.12.0/stm32cubeide/plugins/com.st.stm32cube.ide.mcu.externaltools.gnu-tools-for-stm32.10.3-2021.10.win32_1.0.200.202301161003/tools/bin/../lib/gcc/arm-none-eabi/10.3.1/thumb/v7e-m+fp/hard\libgcc.a(_dvmd_tls.o)
                0x0000000008000908                __aeabi_idiv0
                0x0000000008000908                __aeabi_ldiv0
 *(.text*)
 .text.vApplicationIdleHook
                0x000000000800090c        0x2 ./Core/Src/freertos.o
                0x000000000800090c                vApplicationIdleHook
 .text.vApplicationStackOverflowHook
                0x000000000800090e        0x2 ./Core/Src/freertos.o
                0x000000000800090e                vApplicationStackOverflowHook
 .text.vApplicationMallocFailedHook
                0x0000000008000910        0x2 ./Core/Src/freertos.o
                0x0000000008000910                vApplicationMallocFailedHook
 *fill*         0x0000000008000912        0x2 
 .text.vApplicationGetIdleTaskMemory
                0x0000000008000914       0x18 ./Core/Src/freertos.o
                0x0000000008000914                vApplicationGetIdleTaskMemory
 .text.StartDefaultTask
                0x000000000800092c        0xe ./Core/Src/main.o
                0x000000000800092c                StartDefaultTask
 *fill*         0x000000000800093a        0x2 
 .text.__io_putchar
                0x000000000800093c       0x20 ./Core/Src/main.o
                0x000000000800093c                __io_putchar
 .text.SystemClock_Config
                0x000000000800095c       0xa4 ./Core/Src/main.o
                0x000000000800095c                SystemClock_Config
 .text.startup.main
                0x0000000008000a00      0x450 ./Core/Src/main.o
                0x0000000008000a00                main
 .text.HAL_TIM_PeriodElapsedCallback
                0x0000000008000e50       0x14 ./Core/Src/main.o
                0x0000000008000e50                HAL_TIM_PeriodElapsedCallback
 .text.Error_Handler
                0x0000000008000e64        0x4 ./Core/Src/main.o
                0x0000000008000e64                Error_Handler
 .text.HAL_MspInit
                0x0000000008000e68       0x40 ./Core/Src/stm32f4xx_hal_msp.o
                0x0000000008000e68                HAL_MspInit
 .text.HAL_CRC_MspInit
                0x0000000008000ea8       0x30 ./Core/Src/stm32f4xx_hal_msp.o
                0x0000000008000ea8                HAL_CRC_MspInit
 .text.HAL_I2S_MspInit
                0x0000000008000ed8      0x100 ./Core/Src/stm32f4xx_hal_msp.o
                0x0000000008000ed8                HAL_I2S_MspInit
 .text.HAL_TIM_Base_MspInit
                0x0000000008000fd8       0x30 ./Core/Src/stm32f4xx_hal_msp.o
                0x0000000008000fd8                HAL_TIM_Base_MspInit
 .text.HAL_UART_MspInit
                0x0000000008001008       0x6c ./Core/Src/stm32f4xx_hal_msp.o
                0x0000000008001008                HAL_UART_MspInit
 .text.HAL_SDRAM_MspInit
                0x0000000008001074       0xd8 ./Core/Src/stm32f4xx_hal_msp.o
                0x0000000008001074                HAL_SDRAM_MspInit
 .text.HAL_InitTick
                0x000000000800114c       0xa0 ./Core/Src/stm32f4xx_hal_timebase_tim.o
                0x000000000800114c                HAL_InitTick
 .text.NMI_Handler
                0x00000000080011ec        0x2 ./Core/Src/stm32f4xx_it.o
                0x00000000080011ec                NMI_Handler
 .text.HardFault_Handler
                0x00000000080011ee        0x2 ./Core/Src/stm32f4xx_it.o
                0x00000000080011ee                HardFault_Handler
 .text.MemManage_Handler
                0x00000000080011f0        0x2 ./Core/Src/stm32f4xx_it.o
                0x00000000080011f0                MemManage_Handler
 .text.BusFault_Handler
                0x00000000080011f2        0x2 ./Core/Src/stm32f4xx_it.o
                0x00000000080011f2                BusFault_Handler
 .text.UsageFault_Handler
                0x00000000080011f4        0x2 ./Core/Src/stm32f4xx_it.o
                0x00000000080011f4                UsageFault_Handler
 .text.DebugMon_Handler
                0x00000000080011f6        0x2 ./Core/Src/stm32f4xx_it.o
                0x00000000080011f6                DebugMon_Handler
 .text.DMA1_Stream0_IRQHandler
                0x00000000080011f8        0xc ./Core/Src/stm32f4xx_it.o
                0x00000000080011f8                DMA1_Stream0_IRQHandler
 .text.TIM6_DAC_IRQHandler
                0x0000000008001204        0xc ./Core/Src/stm32f4xx_it.o
                0x0000000008001204                TIM6_DAC_IRQHandler
 .text.OTG_HS_IRQHandler
                0x0000000008001210        0xc ./Core/Src/stm32f4xx_it.o
                0x0000000008001210                OTG_HS_IRQHandler
 .text._read    0x000000000800121c       0x1c ./Core/Src/syscalls.o
                0x000000000800121c                _read
 .text._write   0x0000000008001238       0x1c ./Core/Src/syscalls.o
                0x0000000008001238                _write
 .text._close   0x0000000008001254        0x6 ./Core/Src/syscalls.o
                0x0000000008001254                _close
 .text._fstat   0x000000000800125a        0xa ./Core/Src/syscalls.o
                0x000000000800125a                _fstat
 .text._isatty  0x0000000008001264        0x4 ./Core/Src/syscalls.o
                0x0000000008001264                _isatty
 .text._lseek   0x0000000008001268        0x4 ./Core/Src/syscalls.o
                0x0000000008001268                _lseek
 .text._sbrk    0x000000000800126c       0x40 ./Core/Src/sysmem.o
                0x000000000800126c                _sbrk
 .text.SystemInit
                0x00000000080012ac       0x14 ./Core/Src/system_stm32f4xx.o
                0x00000000080012ac                SystemInit
 .text.Reset_Handler
                0x00000000080012c0       0x50 ./Core/Startup/startup_stm32f429zitx.o
                0x00000000080012c0                Reset_Handler
 .text.Default_Handler
                0x0000000008001310        0x2 ./Core/Startup/startup_stm32f429zitx.o
                0x0000000008001310                RTC_Alarm_IRQHandler
                0x0000000008001310                HASH_RNG_IRQHandler
                0x0000000008001310                EXTI2_IRQHandler
                0x0000000008001310                TIM8_CC_IRQHandler
                0x0000000008001310                UART8_IRQHandler
                0x0000000008001310                SPI4_IRQHandler
                0x0000000008001310                TIM1_CC_IRQHandler
                0x0000000008001310                DMA2_Stream5_IRQHandler
                0x0000000008001310                DMA1_Stream5_IRQHandler
                0x0000000008001310                PVD_IRQHandler
                0x0000000008001310                SDIO_IRQHandler
                0x0000000008001310                TAMP_STAMP_IRQHandler
                0x0000000008001310                CAN2_RX1_IRQHandler
                0x0000000008001310                EXTI3_IRQHandler
                0x0000000008001310                TIM8_TRG_COM_TIM14_IRQHandler
                0x0000000008001310                TIM1_UP_TIM10_IRQHandler
                0x0000000008001310                TIM8_UP_TIM13_IRQHandler
                0x0000000008001310                I2C3_ER_IRQHandler
                0x0000000008001310                EXTI0_IRQHandler
                0x0000000008001310                I2C2_EV_IRQHandler
                0x0000000008001310                DMA1_Stream2_IRQHandler
                0x0000000008001310                CAN1_RX0_IRQHandler
                0x0000000008001310                FPU_IRQHandler
                0x0000000008001310                OTG_HS_WKUP_IRQHandler
                0x0000000008001310                LTDC_ER_IRQHandler
                0x0000000008001310                CAN2_SCE_IRQHandler
                0x0000000008001310                DMA2_Stream2_IRQHandler
                0x0000000008001310                SPI1_IRQHandler
                0x0000000008001310                TIM1_BRK_TIM9_IRQHandler
                0x0000000008001310                DCMI_IRQHandler
                0x0000000008001310                CAN2_RX0_IRQHandler
                0x0000000008001310                DMA2_Stream3_IRQHandler
                0x0000000008001310                USART6_IRQHandler
                0x0000000008001310                USART3_IRQHandler
                0x0000000008001310                CAN1_RX1_IRQHandler
                0x0000000008001310                UART5_IRQHandler
                0x0000000008001310                DMA2_Stream0_IRQHandler
                0x0000000008001310                TIM4_IRQHandler
                0x0000000008001310                I2C1_EV_IRQHandler
                0x0000000008001310                DMA1_Stream6_IRQHandler
                0x0000000008001310                DMA1_Stream1_IRQHandler
                0x0000000008001310                UART4_IRQHandler
                0x0000000008001310                TIM3_IRQHandler
                0x0000000008001310                RCC_IRQHandler
                0x0000000008001310                TIM8_BRK_TIM12_IRQHandler
                0x0000000008001310                Default_Handler
                0x0000000008001310                EXTI15_10_IRQHandler
                0x0000000008001310                ADC_IRQHandler
                0x0000000008001310                DMA1_Stream7_IRQHandler
                0x0000000008001310                SPI5_IRQHandler
                0x0000000008001310                TIM7_IRQHandler
                0x0000000008001310                CAN2_TX_IRQHandler
                0x0000000008001310                TIM5_IRQHandler
                0x0000000008001310                DMA2_Stream7_IRQHandler
                0x0000000008001310                I2C3_EV_IRQHandler
                0x0000000008001310                EXTI9_5_IRQHandler
                0x0000000008001310                RTC_WKUP_IRQHandler
                0x0000000008001310                LTDC_IRQHandler
                0x0000000008001310                ETH_WKUP_IRQHandler
                0x0000000008001310                SPI2_IRQHandler
                0x0000000008001310                OTG_HS_EP1_IN_IRQHandler
                0x0000000008001310                CAN1_TX_IRQHandler
                0x0000000008001310                EXTI4_IRQHandler
                0x0000000008001310                ETH_IRQHandler
                0x0000000008001310                OTG_HS_EP1_OUT_IRQHandler
                0x0000000008001310                WWDG_IRQHandler
                0x0000000008001310                SPI6_IRQHandler
                0x0000000008001310                TIM2_IRQHandler
                0x0000000008001310                OTG_FS_WKUP_IRQHandler
                0x0000000008001310                TIM1_TRG_COM_TIM11_IRQHandler
                0x0000000008001310                DMA2D_IRQHandler
                0x0000000008001310                EXTI1_IRQHandler
                0x0000000008001310                UART7_IRQHandler
                0x0000000008001310                USART2_IRQHandler
                0x0000000008001310                I2C2_ER_IRQHandler
                0x0000000008001310                DMA2_Stream1_IRQHandler
                0x0000000008001310                CAN1_SCE_IRQHandler
                0x0000000008001310                FLASH_IRQHandler
                0x0000000008001310                DMA2_Stream4_IRQHandler
                0x0000000008001310                USART1_IRQHandler
                0x0000000008001310                OTG_FS_IRQHandler
                0x0000000008001310                SPI3_IRQHandler
                0x0000000008001310                DMA1_Stream4_IRQHandler
                0x0000000008001310                I2C1_ER_IRQHandler
                0x0000000008001310                FMC_IRQHandler
                0x0000000008001310                DMA2_Stream6_IRQHandler
                0x0000000008001310                SAI1_IRQHandler
                0x0000000008001310                DMA1_Stream3_IRQHandler
 *fill*         0x0000000008001312        0x2 
 .text.HAL_Init
                0x0000000008001314       0x34 ./Drivers/STM32F4xx_HAL_Driver/Src/stm32f4xx_hal.o
                0x0000000008001314                HAL_Init
 .text.HAL_IncTick
                0x0000000008001348       0x18 ./Drivers/STM32F4xx_HAL_Driver/Src/stm32f4xx_hal.o
                0x0000000008001348                HAL_IncTick
 .text.HAL_GetTick
                0x0000000008001360        0xc ./Drivers/STM32F4xx_HAL_Driver/Src/stm32f4xx_hal.o
                0x0000000008001360                HAL_GetTick
 .text.HAL_Delay
                0x000000000800136c       0x28 ./Drivers/STM32F4xx_HAL_Driver/Src/stm32f4xx_hal.o
                0x000000000800136c                HAL_Delay
 .text.HAL_NVIC_SetPriorityGrouping
                0x0000000008001394       0x24 ./Drivers/STM32F4xx_HAL_Driver/Src/stm32f4xx_hal_cortex.o
                0x0000000008001394                HAL_NVIC_SetPriorityGrouping
 .text.HAL_NVIC_SetPriority
                0x00000000080013b8       0x64 ./Drivers/STM32F4xx_HAL_Driver/Src/stm32f4xx_hal_cortex.o
                0x00000000080013b8                HAL_NVIC_SetPriority
 .text.HAL_NVIC_EnableIRQ
                0x000000000800141c       0x1c ./Drivers/STM32F4xx_HAL_Driver/Src/stm32f4xx_hal_cortex.o
                0x000000000800141c                HAL_NVIC_EnableIRQ
 .text.HAL_CRC_Init
                0x0000000008001438       0x20 ./Drivers/STM32F4xx_HAL_Driver/Src/stm32f4xx_hal_crc.o
                0x0000000008001438                HAL_CRC_Init
 .text.DMA_CalcBaseAndBitshift
                0x0000000008001458       0x2c ./Drivers/STM32F4xx_HAL_Driver/Src/stm32f4xx_hal_dma.o
 .text.HAL_DMA_Init
                0x0000000008001484      0x100 ./Drivers/STM32F4xx_HAL_Driver/Src/stm32f4xx_hal_dma.o
                0x0000000008001484                HAL_DMA_Init
 .text.HAL_DMA_IRQHandler
                0x0000000008001584      0x17c ./Drivers/STM32F4xx_HAL_Driver/Src/stm32f4xx_hal_dma.o
                0x0000000008001584                HAL_DMA_IRQHandler
 .text.HAL_GPIO_Init
                0x0000000008001700      0x1cc ./Drivers/STM32F4xx_HAL_Driver/Src/stm32f4xx_hal_gpio.o
                0x0000000008001700                HAL_GPIO_Init
 .text.HAL_GPIO_WritePin
                0x00000000080018cc        0xa ./Drivers/STM32F4xx_HAL_Driver/Src/stm32f4xx_hal_gpio.o
                0x00000000080018cc                HAL_GPIO_WritePin
 .text.HAL_HCD_HC_Init
                0x00000000080018d6       0x6c ./Drivers/STM32F4xx_HAL_Driver/Src/stm32f4xx_hal_hcd.o
                0x00000000080018d6                HAL_HCD_HC_Init
 .text.HAL_HCD_HC_Halt
                0x0000000008001942       0x24 ./Drivers/STM32F4xx_HAL_Driver/Src/stm32f4xx_hal_hcd.o
                0x0000000008001942                HAL_HCD_HC_Halt
 .text.HAL_HCD_Init
                0x0000000008001966       0x98 ./Drivers/STM32F4xx_HAL_Driver/Src/stm32f4xx_hal_hcd.o
                0x0000000008001966                HAL_HCD_Init
 *fill*         0x00000000080019fe        0x2 
 .text.HAL_HCD_HC_SubmitRequest
                0x0000000008001a00       0xc8 ./Drivers/STM32F4xx_HAL_Driver/Src/stm32f4xx_hal_hcd.o
                0x0000000008001a00                HAL_HCD_HC_SubmitRequest
 .text.HAL_HCD_IRQHandler
                0x0000000008001ac8      0x5e4 ./Drivers/STM32F4xx_HAL_Driver/Src/stm32f4xx_hal_hcd.o
                0x0000000008001ac8                HAL_HCD_IRQHandler
 .text.HAL_HCD_Start
                0x00000000080020ac       0x2a ./Drivers/STM32F4xx_HAL_Driver/Src/stm32f4xx_hal_hcd.o
                0x00000000080020ac                HAL_HCD_Start
 .text.HAL_HCD_Stop
                0x00000000080020d6       0x24 ./Drivers/STM32F4xx_HAL_Driver/Src/stm32f4xx_hal_hcd.o
                0x00000000080020d6                HAL_HCD_Stop
 .text.HAL_HCD_ResetPort
                0x00000000080020fa        0x6 ./Drivers/STM32F4xx_HAL_Driver/Src/stm32f4xx_hal_hcd.o
                0x00000000080020fa                HAL_HCD_ResetPort
 .text.HAL_HCD_HC_GetURBState
                0x0000000008002100        0xc ./Drivers/STM32F4xx_HAL_Driver/Src/stm32f4xx_hal_hcd.o
                0x0000000008002100                HAL_HCD_HC_GetURBState
 .text.HAL_HCD_HC_GetXferCount
                0x000000000800210c        0xa ./Drivers/STM32F4xx_HAL_Driver/Src/stm32f4xx_hal_hcd.o
                0x000000000800210c                HAL_HCD_HC_GetXferCount
 .text.HAL_HCD_GetCurrentFrame
                0x0000000008002116        0x6 ./Drivers/STM32F4xx_HAL_Driver/Src/stm32f4xx_hal_hcd.o
                0x0000000008002116                HAL_HCD_GetCurrentFrame
 .text.HAL_HCD_GetCurrentSpeed
                0x000000000800211c        0x6 ./Drivers/STM32F4xx_HAL_Driver/Src/stm32f4xx_hal_hcd.o
                0x000000000800211c                HAL_HCD_GetCurrentSpeed
 .text.I2S_WaitFlagStateUntilTimeout
                0x0000000008002122       0x4a ./Drivers/STM32F4xx_HAL_Driver/Src/stm32f4xx_hal_i2s.o
 .text.HAL_I2S_Init
                0x000000000800216c      0x134 ./Drivers/STM32F4xx_HAL_Driver/Src/stm32f4xx_hal_i2s.o
                0x000000000800216c                HAL_I2S_Init
 .text.HAL_I2S_Receive
                0x00000000080022a0       0xec ./Drivers/STM32F4xx_HAL_Driver/Src/stm32f4xx_hal_i2s.o
                0x00000000080022a0                HAL_I2S_Receive
 .text.HAL_I2S_TxCpltCallback
                0x000000000800238c        0x2 ./Drivers/STM32F4xx_HAL_Driver/Src/stm32f4xx_hal_i2s.o
                0x000000000800238c                HAL_I2S_TxCpltCallback
 .text.HAL_I2S_RxCpltCallback
                0x000000000800238e        0x2 ./Drivers/STM32F4xx_HAL_Driver/Src/stm32f4xx_hal_i2s.o
                0x000000000800238e                HAL_I2S_RxCpltCallback
 .text.HAL_I2S_ErrorCallback
                0x0000000008002390        0x2 ./Drivers/STM32F4xx_HAL_Driver/Src/stm32f4xx_hal_i2s.o
                0x0000000008002390                HAL_I2S_ErrorCallback
 .text.I2S_IRQHandler
                0x0000000008002392       0xfa ./Drivers/STM32F4xx_HAL_Driver/Src/stm32f4xx_hal_i2s.o
 .text.HAL_I2SEx_TxRxCpltCallback
                0x000000000800248c        0x2 ./Drivers/STM32F4xx_HAL_Driver/Src/stm32f4xx_hal_i2s_ex.o
                0x000000000800248c                HAL_I2SEx_TxRxCpltCallback
 *fill*         0x000000000800248e        0x2 
 .text.HAL_I2SEx_FullDuplex_IRQHandler
                0x0000000008002490      0x248 ./Drivers/STM32F4xx_HAL_Driver/Src/stm32f4xx_hal_i2s_ex.o
                0x0000000008002490                HAL_I2SEx_FullDuplex_IRQHandler
 .text.HAL_RCC_OscConfig
                0x00000000080026d8      0x360 ./Drivers/STM32F4xx_HAL_Driver/Src/stm32f4xx_hal_rcc.o
                0x00000000080026d8                HAL_RCC_OscConfig
 .text.HAL_RCC_GetSysClockFreq
                0x0000000008002a38       0x5c ./Drivers/STM32F4xx_HAL_Driver/Src/stm32f4xx_hal_rcc.o
                0x0000000008002a38                HAL_RCC_GetSysClockFreq
 .text.HAL_RCC_ClockConfig
                0x0000000008002a94      0x138 ./Drivers/STM32F4xx_HAL_Driver/Src/stm32f4xx_hal_rcc.o
                0x0000000008002a94                HAL_RCC_ClockConfig
 .text.HAL_RCC_GetPCLK1Freq
                0x0000000008002bcc       0x20 ./Drivers/STM32F4xx_HAL_Driver/Src/stm32f4xx_hal_rcc.o
                0x0000000008002bcc                HAL_RCC_GetPCLK1Freq
 .text.HAL_RCC_GetPCLK2Freq
                0x0000000008002bec       0x20 ./Drivers/STM32F4xx_HAL_Driver/Src/stm32f4xx_hal_rcc.o
                0x0000000008002bec                HAL_RCC_GetPCLK2Freq
 .text.HAL_RCC_GetClockConfig
                0x0000000008002c0c       0x3c ./Drivers/STM32F4xx_HAL_Driver/Src/stm32f4xx_hal_rcc.o
                0x0000000008002c0c                HAL_RCC_GetClockConfig
 .text.HAL_RCCEx_PeriphCLKConfig
                0x0000000008002c48      0x254 ./Drivers/STM32F4xx_HAL_Driver/Src/stm32f4xx_hal_rcc_ex.o
                0x0000000008002c48                HAL_RCCEx_PeriphCLKConfig
 .text.HAL_RCCEx_GetPeriphCLKFreq
                0x0000000008002e9c       0x4c ./Drivers/STM32F4xx_HAL_Driver/Src/stm32f4xx_hal_rcc_ex.o
                0x0000000008002e9c                HAL_RCCEx_GetPeriphCLKFreq
 .text.HAL_SDRAM_Init
                0x0000000008002ee8       0x40 ./Drivers/STM32F4xx_HAL_Driver/Src/stm32f4xx_hal_sdram.o
                0x0000000008002ee8                HAL_SDRAM_Init
 .text.HAL_TIM_Base_Start_IT
                0x0000000008002f28       0x74 ./Drivers/STM32F4xx_HAL_Driver/Src/stm32f4xx_hal_tim.o
                0x0000000008002f28                HAL_TIM_Base_Start_IT
 .text.HAL_TIM_OC_DelayElapsedCallback
                0x0000000008002f9c        0x2 ./Drivers/STM32F4xx_HAL_Driver/Src/stm32f4xx_hal_tim.o
                0x0000000008002f9c                HAL_TIM_OC_DelayElapsedCallback
 .text.HAL_TIM_IC_CaptureCallback
                0x0000000008002f9e        0x2 ./Drivers/STM32F4xx_HAL_Driver/Src/stm32f4xx_hal_tim.o
                0x0000000008002f9e                HAL_TIM_IC_CaptureCallback
 .text.HAL_TIM_PWM_PulseFinishedCallback
                0x0000000008002fa0        0x2 ./Drivers/STM32F4xx_HAL_Driver/Src/stm32f4xx_hal_tim.o
                0x0000000008002fa0                HAL_TIM_PWM_PulseFinishedCallback
 .text.HAL_TIM_TriggerCallback
                0x0000000008002fa2        0x2 ./Drivers/STM32F4xx_HAL_Driver/Src/stm32f4xx_hal_tim.o
                0x0000000008002fa2                HAL_TIM_TriggerCallback
 .text.HAL_TIM_IRQHandler
                0x0000000008002fa4      0x144 ./Drivers/STM32F4xx_HAL_Driver/Src/stm32f4xx_hal_tim.o
                0x0000000008002fa4                HAL_TIM_IRQHandler
 .text.TIM_Base_SetConfig
                0x00000000080030e8       0xcc ./Drivers/STM32F4xx_HAL_Driver/Src/stm32f4xx_hal_tim.o
                0x00000000080030e8                TIM_Base_SetConfig
 .text.HAL_TIM_Base_Init
                0x00000000080031b4       0x58 ./Drivers/STM32F4xx_HAL_Driver/Src/stm32f4xx_hal_tim.o
                0x00000000080031b4                HAL_TIM_Base_Init
 .text.TIM_ETR_SetConfig
                0x000000000800320c       0x14 ./Drivers/STM32F4xx_HAL_Driver/Src/stm32f4xx_hal_tim.o
                0x000000000800320c                TIM_ETR_SetConfig
 .text.HAL_TIM_ConfigClockSource
                0x0000000008003220      0x138 ./Drivers/STM32F4xx_HAL_Driver/Src/stm32f4xx_hal_tim.o
                0x0000000008003220                HAL_TIM_ConfigClockSource
 .text.HAL_TIMEx_MasterConfigSynchronization
                0x0000000008003358       0x7c ./Drivers/STM32F4xx_HAL_Driver/Src/stm32f4xx_hal_tim_ex.o
                0x0000000008003358                HAL_TIMEx_MasterConfigSynchronization
 .text.HAL_TIMEx_CommutCallback
                0x00000000080033d4        0x2 ./Drivers/STM32F4xx_HAL_Driver/Src/stm32f4xx_hal_tim_ex.o
                0x00000000080033d4                HAL_TIMEx_CommutCallback
 .text.HAL_TIMEx_BreakCallback
                0x00000000080033d6        0x2 ./Drivers/STM32F4xx_HAL_Driver/Src/stm32f4xx_hal_tim_ex.o
                0x00000000080033d6                HAL_TIMEx_BreakCallback
 .text.UART_SetConfig
                0x00000000080033d8       0xbc ./Drivers/STM32F4xx_HAL_Driver/Src/stm32f4xx_hal_uart.o
 .text.UART_WaitOnFlagUntilTimeout.constprop.0
                0x0000000008003494       0x6c ./Drivers/STM32F4xx_HAL_Driver/Src/stm32f4xx_hal_uart.o
 .text.HAL_UART_Init
                0x0000000008003500       0x5c ./Drivers/STM32F4xx_HAL_Driver/Src/stm32f4xx_hal_uart.o
                0x0000000008003500                HAL_UART_Init
 .text.HAL_UART_Transmit
                0x000000000800355c       0xaa ./Drivers/STM32F4xx_HAL_Driver/Src/stm32f4xx_hal_uart.o
                0x000000000800355c                HAL_UART_Transmit
 .text.FMC_SDRAM_Init
                0x0000000008003606       0x76 ./Drivers/STM32F4xx_HAL_Driver/Src/stm32f4xx_ll_fmc.o
                0x0000000008003606                FMC_SDRAM_Init
 .text.FMC_SDRAM_Timing_Init
                0x000000000800367c       0x6c ./Drivers/STM32F4xx_HAL_Driver/Src/stm32f4xx_ll_fmc.o
                0x000000000800367c                FMC_SDRAM_Timing_Init
 .text.USB_CoreReset
                0x00000000080036e8       0x4c ./Drivers/STM32F4xx_HAL_Driver/Src/stm32f4xx_ll_usb.o
 .text.USB_CoreInit
                0x0000000008003734       0x80 ./Drivers/STM32F4xx_HAL_Driver/Src/stm32f4xx_ll_usb.o
                0x0000000008003734                USB_CoreInit
 .text.USB_EnableGlobalInt
                0x00000000080037b4        0xc ./Drivers/STM32F4xx_HAL_Driver/Src/stm32f4xx_ll_usb.o
                0x00000000080037b4                USB_EnableGlobalInt
 .text.USB_DisableGlobalInt
                0x00000000080037c0        0xc ./Drivers/STM32F4xx_HAL_Driver/Src/stm32f4xx_ll_usb.o
                0x00000000080037c0                USB_DisableGlobalInt
 .text.USB_SetCurrentMode
                0x00000000080037cc       0x60 ./Drivers/STM32F4xx_HAL_Driver/Src/stm32f4xx_ll_usb.o
                0x00000000080037cc                USB_SetCurrentMode
 .text.USB_FlushTxFifo
                0x000000000800382c       0x4c ./Drivers/STM32F4xx_HAL_Driver/Src/stm32f4xx_ll_usb.o
                0x000000000800382c                USB_FlushTxFifo
 .text.USB_FlushRxFifo
                0x0000000008003878       0x48 ./Drivers/STM32F4xx_HAL_Driver/Src/stm32f4xx_ll_usb.o
                0x0000000008003878                USB_FlushRxFifo
 .text.USB_WritePacket
                0x00000000080038c0       0x26 ./Drivers/STM32F4xx_HAL_Driver/Src/stm32f4xx_ll_usb.o
                0x00000000080038c0                USB_WritePacket
 .text.USB_ReadPacket
                0x00000000080038e6       0x40 ./Drivers/STM32F4xx_HAL_Driver/Src/stm32f4xx_ll_usb.o
                0x00000000080038e6                USB_ReadPacket
 .text.USB_ReadInterrupts
                0x0000000008003926        0x8 ./Drivers/STM32F4xx_HAL_Driver/Src/stm32f4xx_ll_usb.o
                0x0000000008003926                USB_ReadInterrupts
 .text.USB_GetMode
                0x000000000800392e        0x8 ./Drivers/STM32F4xx_HAL_Driver/Src/stm32f4xx_ll_usb.o
                0x000000000800392e                USB_GetMode
 *fill*         0x0000000008003936        0x2 
 .text.USB_HostInit
                0x0000000008003938       0xd8 ./Drivers/STM32F4xx_HAL_Driver/Src/stm32f4xx_ll_usb.o
                0x0000000008003938                USB_HostInit
 .text.USB_InitFSLSPClkSel
                0x0000000008003a10       0x38 ./Drivers/STM32F4xx_HAL_Driver/Src/stm32f4xx_ll_usb.o
                0x0000000008003a10                USB_InitFSLSPClkSel
 .text.USB_ResetPort
                0x0000000008003a48       0x3c ./Drivers/STM32F4xx_HAL_Driver/Src/stm32f4xx_ll_usb.o
                0x0000000008003a48                USB_ResetPort
 .text.USB_DriveVbus
                0x0000000008003a84       0x40 ./Drivers/STM32F4xx_HAL_Driver/Src/stm32f4xx_ll_usb.o
                0x0000000008003a84                USB_DriveVbus
 .text.USB_GetHostSpeed
                0x0000000008003ac4       0x16 ./Drivers/STM32F4xx_HAL_Driver/Src/stm32f4xx_ll_usb.o
                0x0000000008003ac4                USB_GetHostSpeed
 .text.USB_GetCurrentFrame
                0x0000000008003ada        0xa ./Drivers/STM32F4xx_HAL_Driver/Src/stm32f4xx_ll_usb.o
                0x0000000008003ada                USB_GetCurrentFrame
 .text.USB_HC_Init
                0x0000000008003ae4      0x114 ./Drivers/STM32F4xx_HAL_Driver/Src/stm32f4xx_ll_usb.o
                0x0000000008003ae4                USB_HC_Init
 .text.USB_HC_ReadInterrupt
                0x0000000008003bf8        0xa ./Drivers/STM32F4xx_HAL_Driver/Src/stm32f4xx_ll_usb.o
                0x0000000008003bf8                USB_HC_ReadInterrupt
 .text.USB_HC_Halt
                0x0000000008003c02       0xb8 ./Drivers/STM32F4xx_HAL_Driver/Src/stm32f4xx_ll_usb.o
                0x0000000008003c02                USB_HC_Halt
 *fill*         0x0000000008003cba        0x2 
 .text.USB_DoPing
                0x0000000008003cbc       0x24 ./Drivers/STM32F4xx_HAL_Driver/Src/stm32f4xx_ll_usb.o
                0x0000000008003cbc                USB_DoPing
 .text.USB_HC_StartXfer
                0x0000000008003ce0      0x14e ./Drivers/STM32F4xx_HAL_Driver/Src/stm32f4xx_ll_usb.o
                0x0000000008003ce0                USB_HC_StartXfer
 .text.USB_StopHost
                0x0000000008003e2e       0x80 ./Drivers/STM32F4xx_HAL_Driver/Src/stm32f4xx_ll_usb.o
                0x0000000008003e2e                USB_StopHost
 .text.USBH_CDC_SOFProcess
                0x0000000008003eae        0x4 ./Middlewares/ST/STM32_USB_Host_Library/Class/CDC/Src/usbh_cdc.o
 .text.USBH_CDC_InterfaceDeInit
                0x0000000008003eb2       0x62 ./Middlewares/ST/STM32_USB_Host_Library/Class/CDC/Src/usbh_cdc.o
 .text.USBH_CDC_InterfaceInit
                0x0000000008003f14      0x14e ./Middlewares/ST/STM32_USB_Host_Library/Class/CDC/Src/usbh_cdc.o
 .text.USBH_CDC_ClassRequest
                0x0000000008004062       0x30 ./Middlewares/ST/STM32_USB_Host_Library/Class/CDC/Src/usbh_cdc.o
 .text.USBH_CDC_TransmitCallback
                0x0000000008004092        0x2 ./Middlewares/ST/STM32_USB_Host_Library/Class/CDC/Src/usbh_cdc.o
                0x0000000008004092                USBH_CDC_TransmitCallback
 .text.USBH_CDC_ReceiveCallback
                0x0000000008004094        0x2 ./Middlewares/ST/STM32_USB_Host_Library/Class/CDC/Src/usbh_cdc.o
                0x0000000008004094                USBH_CDC_ReceiveCallback
 .text.USBH_CDC_LineCodingChanged
                0x0000000008004096        0x2 ./Middlewares/ST/STM32_USB_Host_Library/Class/CDC/Src/usbh_cdc.o
                0x0000000008004096                USBH_CDC_LineCodingChanged
 .text.USBH_CDC_Process
                0x0000000008004098      0x1a0 ./Middlewares/ST/STM32_USB_Host_Library/Class/CDC/Src/usbh_cdc.o
 .text.DeInitStateMachine.isra.0
                0x0000000008004238       0x3c ./Middlewares/ST/STM32_USB_Host_Library/Core/Src/usbh_core.o
 .text.USBH_Init
                0x0000000008004274       0x78 ./Middlewares/ST/STM32_USB_Host_Library/Core/Src/usbh_core.o
                0x0000000008004274                USBH_Init
 .text.USBH_RegisterClass
                0x00000000080042ec       0x1a ./Middlewares/ST/STM32_USB_Host_Library/Core/Src/usbh_core.o
                0x00000000080042ec                USBH_RegisterClass
 .text.USBH_SelectInterface
                0x0000000008004306       0x12 ./Middlewares/ST/STM32_USB_Host_Library/Core/Src/usbh_core.o
                0x0000000008004306                USBH_SelectInterface
 .text.USBH_FindInterface
                0x0000000008004318       0x38 ./Middlewares/ST/STM32_USB_Host_Library/Core/Src/usbh_core.o
                0x0000000008004318                USBH_FindInterface
 .text.USBH_Start
                0x0000000008004350       0x14 ./Middlewares/ST/STM32_USB_Host_Library/Core/Src/usbh_core.o
                0x0000000008004350                USBH_Start
 .text.USBH_Process
                0x0000000008004364      0x410 ./Middlewares/ST/STM32_USB_Host_Library/Core/Src/usbh_core.o
                0x0000000008004364                USBH_Process
 .text.USBH_Process_OS
                0x0000000008004774       0x20 ./Middlewares/ST/STM32_USB_Host_Library/Core/Src/usbh_core.o
 .text.USBH_LL_SetTimer
                0x0000000008004794        0x6 ./Middlewares/ST/STM32_USB_Host_Library/Core/Src/usbh_core.o
                0x0000000008004794                USBH_LL_SetTimer
 .text.USBH_LL_IncTimer
                0x000000000800479a       0x1c ./Middlewares/ST/STM32_USB_Host_Library/Core/Src/usbh_core.o
                0x000000000800479a                USBH_LL_IncTimer
 .text.USBH_LL_PortEnabled
                0x00000000080047b6       0x14 ./Middlewares/ST/STM32_USB_Host_Library/Core/Src/usbh_core.o
                0x00000000080047b6                USBH_LL_PortEnabled
 .text.USBH_LL_PortDisabled
                0x00000000080047ca        0x8 ./Middlewares/ST/STM32_USB_Host_Library/Core/Src/usbh_core.o
                0x00000000080047ca                USBH_LL_PortDisabled
 .text.USBH_LL_Connect
                0x00000000080047d2       0x24 ./Middlewares/ST/STM32_USB_Host_Library/Core/Src/usbh_core.o
                0x00000000080047d2                USBH_LL_Connect
 .text.USBH_LL_Disconnect
                0x00000000080047f6       0x3c ./Middlewares/ST/STM32_USB_Host_Library/Core/Src/usbh_core.o
                0x00000000080047f6                USBH_LL_Disconnect
 .text.USBH_LL_NotifyURBChange
                0x0000000008004832       0x16 ./Middlewares/ST/STM32_USB_Host_Library/Core/Src/usbh_core.o
                0x0000000008004832                USBH_LL_NotifyURBChange
 .text.USBH_CtlReq
                0x0000000008004848      0x23c ./Middlewares/ST/STM32_USB_Host_Library/Core/Src/usbh_ctlreq.o
                0x0000000008004848                USBH_CtlReq
 .text.USBH_GetDescriptor
                0x0000000008004a84       0x38 ./Middlewares/ST/STM32_USB_Host_Library/Core/Src/usbh_ctlreq.o
                0x0000000008004a84                USBH_GetDescriptor
 .text.USBH_Get_DevDesc
                0x0000000008004abc       0xba ./Middlewares/ST/STM32_USB_Host_Library/Core/Src/usbh_ctlreq.o
                0x0000000008004abc                USBH_Get_DevDesc
 .text.USBH_Get_CfgDesc
                0x0000000008004b76      0x1e4 ./Middlewares/ST/STM32_USB_Host_Library/Core/Src/usbh_ctlreq.o
                0x0000000008004b76                USBH_Get_CfgDesc
 .text.USBH_Get_StringDesc
                0x0000000008004d5a       0x4e ./Middlewares/ST/STM32_USB_Host_Library/Core/Src/usbh_ctlreq.o
                0x0000000008004d5a                USBH_Get_StringDesc
 .text.USBH_SetAddress
                0x0000000008004da8       0x1a ./Middlewares/ST/STM32_USB_Host_Library/Core/Src/usbh_ctlreq.o
                0x0000000008004da8                USBH_SetAddress
 .text.USBH_SetCfg
                0x0000000008004dc2       0x1a ./Middlewares/ST/STM32_USB_Host_Library/Core/Src/usbh_ctlreq.o
                0x0000000008004dc2                USBH_SetCfg
 .text.USBH_SetFeature
                0x0000000008004ddc       0x1a ./Middlewares/ST/STM32_USB_Host_Library/Core/Src/usbh_ctlreq.o
                0x0000000008004ddc                USBH_SetFeature
 .text.USBH_ClrFeature
                0x0000000008004df6       0x1a ./Middlewares/ST/STM32_USB_Host_Library/Core/Src/usbh_ctlreq.o
                0x0000000008004df6                USBH_ClrFeature
 .text.USBH_CtlSendSetup
                0x0000000008004e10       0x20 ./Middlewares/ST/STM32_USB_Host_Library/Core/Src/usbh_ioreq.o
                0x0000000008004e10                USBH_CtlSendSetup
 .text.USBH_CtlSendData
                0x0000000008004e30       0x2e ./Middlewares/ST/STM32_USB_Host_Library/Core/Src/usbh_ioreq.o
                0x0000000008004e30                USBH_CtlSendData
 .text.USBH_CtlReceiveData
                0x0000000008004e5e       0x20 ./Middlewares/ST/STM32_USB_Host_Library/Core/Src/usbh_ioreq.o
                0x0000000008004e5e                USBH_CtlReceiveData
 .text.USBH_BulkSendData
                0x0000000008004e7e       0x2e ./Middlewares/ST/STM32_USB_Host_Library/Core/Src/usbh_ioreq.o
                0x0000000008004e7e                USBH_BulkSendData
 .text.USBH_BulkReceiveData
                0x0000000008004eac       0x20 ./Middlewares/ST/STM32_USB_Host_Library/Core/Src/usbh_ioreq.o
                0x0000000008004eac                USBH_BulkReceiveData
 .text.USBH_OpenPipe
                0x0000000008004ecc       0x1e ./Middlewares/ST/STM32_USB_Host_Library/Core/Src/usbh_pipes.o
                0x0000000008004ecc                USBH_OpenPipe
 .text.USBH_ClosePipe
                0x0000000008004eea        0xa ./Middlewares/ST/STM32_USB_Host_Library/Core/Src/usbh_pipes.o
                0x0000000008004eea                USBH_ClosePipe
 .text.USBH_AllocPipe
                0x0000000008004ef4       0x30 ./Middlewares/ST/STM32_USB_Host_Library/Core/Src/usbh_pipes.o
                0x0000000008004ef4                USBH_AllocPipe
 .text.USBH_FreePipe
                0x0000000008004f24       0x1c ./Middlewares/ST/STM32_USB_Host_Library/Core/Src/usbh_pipes.o
                0x0000000008004f24                USBH_FreePipe
 .text.osKernelStart
                0x0000000008004f40        0xa ./Middlewares/Third_Party/FreeRTOS/Source/CMSIS_RTOS/cmsis_os.o
                0x0000000008004f40                osKernelStart
 .text.osThreadCreate
                0x0000000008004f4a       0x50 ./Middlewares/Third_Party/FreeRTOS/Source/CMSIS_RTOS/cmsis_os.o
                0x0000000008004f4a                osThreadCreate
 .text.osDelay  0x0000000008004f9a       0x10 ./Middlewares/Third_Party/FreeRTOS/Source/CMSIS_RTOS/cmsis_os.o
                0x0000000008004f9a                osDelay
 .text.osMessageCreate
                0x0000000008004faa       0x24 ./Middlewares/Third_Party/FreeRTOS/Source/CMSIS_RTOS/cmsis_os.o
                0x0000000008004faa                osMessageCreate
 .text.osMessagePut
                0x0000000008004fce       0x50 ./Middlewares/Third_Party/FreeRTOS/Source/CMSIS_RTOS/cmsis_os.o
                0x0000000008004fce                osMessagePut
 .text.osMessageGet
                0x000000000800501e       0x70 ./Middlewares/Third_Party/FreeRTOS/Source/CMSIS_RTOS/cmsis_os.o
                0x000000000800501e                osMessageGet
 .text.vListInitialise
                0x000000000800508e       0x16 ./Middlewares/Third_Party/FreeRTOS/Source/list.o
                0x000000000800508e                vListInitialise
 .text.vListInitialiseItem
                0x00000000080050a4        0x6 ./Middlewares/Third_Party/FreeRTOS/Source/list.o
                0x00000000080050a4                vListInitialiseItem
 .text.vListInsertEnd
                0x00000000080050aa       0x18 ./Middlewares/Third_Party/FreeRTOS/Source/list.o
                0x00000000080050aa                vListInsertEnd
 .text.vListInsert
                0x00000000080050c2       0x2e ./Middlewares/Third_Party/FreeRTOS/Source/list.o
                0x00000000080050c2                vListInsert
 .text.uxListRemove
                0x00000000080050f0       0x20 ./Middlewares/Third_Party/FreeRTOS/Source/list.o
                0x00000000080050f0                uxListRemove
 .text.prvIsQueueEmpty
                0x0000000008005110       0x16 ./Middlewares/Third_Party/FreeRTOS/Source/queue.o
 .text.prvCopyDataToQueue
                0x0000000008005126       0x6a ./Middlewares/Third_Party/FreeRTOS/Source/queue.o
 .text.prvCopyDataFromQueue
                0x0000000008005190       0x2c ./Middlewares/Third_Party/FreeRTOS/Source/queue.o
 .text.prvUnlockQueue
                0x00000000080051bc       0x70 ./Middlewares/Third_Party/FreeRTOS/Source/queue.o
 .text.xQueueGenericReset
                0x000000000800522c       0x7e ./Middlewares/Third_Party/FreeRTOS/Source/queue.o
                0x000000000800522c                xQueueGenericReset
 .text.xQueueGenericCreateStatic
                0x00000000080052aa       0x94 ./Middlewares/Third_Party/FreeRTOS/Source/queue.o
                0x00000000080052aa                xQueueGenericCreateStatic
 .text.xQueueGenericCreate
                0x000000000800533e       0x48 ./Middlewares/Third_Party/FreeRTOS/Source/queue.o
                0x000000000800533e                xQueueGenericCreate
 .text.xQueueGenericSend
                0x0000000008005386      0x166 ./Middlewares/Third_Party/FreeRTOS/Source/queue.o
                0x0000000008005386                xQueueGenericSend
 .text.xQueueGenericSendFromISR
                0x00000000080054ec       0xc4 ./Middlewares/Third_Party/FreeRTOS/Source/queue.o
                0x00000000080054ec                xQueueGenericSendFromISR
 .text.xQueueReceive
                0x00000000080055b0      0x13e ./Middlewares/Third_Party/FreeRTOS/Source/queue.o
                0x00000000080055b0                xQueueReceive
 .text.xQueueReceiveFromISR
                0x00000000080056ee       0x9e ./Middlewares/Third_Party/FreeRTOS/Source/queue.o
                0x00000000080056ee                xQueueReceiveFromISR
 .text.prvAddNewTaskToReadyList
                0x000000000800578c       0xfc ./Middlewares/Third_Party/FreeRTOS/Source/tasks.o
 .text.prvAddCurrentTaskToDelayedList
                0x0000000008005888       0x88 ./Middlewares/Third_Party/FreeRTOS/Source/tasks.o
 .text.prvResetNextTaskUnblockTime
                0x0000000008005910       0x24 ./Middlewares/Third_Party/FreeRTOS/Source/tasks.o
 .text.prvDeleteTCB
                0x0000000008005934       0x36 ./Middlewares/Third_Party/FreeRTOS/Source/tasks.o
 *fill*         0x000000000800596a        0x2 
 .text.prvIdleTask
                0x000000000800596c       0x64 ./Middlewares/Third_Party/FreeRTOS/Source/tasks.o
 .text.prvInitialiseNewTask.constprop.0
                0x00000000080059d0       0x9e ./Middlewares/Third_Party/FreeRTOS/Source/tasks.o
 .text.xTaskCreateStatic
                0x0000000008005a6e       0x70 ./Middlewares/Third_Party/FreeRTOS/Source/tasks.o
                0x0000000008005a6e                xTaskCreateStatic
 .text.xTaskCreate
                0x0000000008005ade       0x5a ./Middlewares/Third_Party/FreeRTOS/Source/tasks.o
                0x0000000008005ade                xTaskCreate
 .text.vTaskStartScheduler
                0x0000000008005b38       0x70 ./Middlewares/Third_Party/FreeRTOS/Source/tasks.o
                0x0000000008005b38                vTaskStartScheduler
 .text.vTaskSuspendAll
                0x0000000008005ba8       0x10 ./Middlewares/Third_Party/FreeRTOS/Source/tasks.o
                0x0000000008005ba8                vTaskSuspendAll
 .text.xTaskIncrementTick
                0x0000000008005bb8      0x130 ./Middlewares/Third_Party/FreeRTOS/Source/tasks.o
                0x0000000008005bb8                xTaskIncrementTick
 .text.xTaskResumeAll
                0x0000000008005ce8       0xf0 ./Middlewares/Third_Party/FreeRTOS/Source/tasks.o
                0x0000000008005ce8                xTaskResumeAll
 .text.vTaskDelay
                0x0000000008005dd8       0x48 ./Middlewares/Third_Party/FreeRTOS/Source/tasks.o
                0x0000000008005dd8                vTaskDelay
 .text.vTaskSwitchContext
                0x0000000008005e20       0xa4 ./Middlewares/Third_Party/FreeRTOS/Source/tasks.o
                0x0000000008005e20                vTaskSwitchContext
 .text.vTaskPlaceOnEventList
                0x0000000008005ec4       0x34 ./Middlewares/Third_Party/FreeRTOS/Source/tasks.o
                0x0000000008005ec4                vTaskPlaceOnEventList
 .text.xTaskRemoveFromEventList
                0x0000000008005ef8       0x88 ./Middlewares/Third_Party/FreeRTOS/Source/tasks.o
                0x0000000008005ef8                xTaskRemoveFromEventList
 .text.vTaskInternalSetTimeOutState
                0x0000000008005f80       0x18 ./Middlewares/Third_Party/FreeRTOS/Source/tasks.o
                0x0000000008005f80                vTaskInternalSetTimeOutState
 .text.xTaskCheckForTimeOut
                0x0000000008005f98       0x78 ./Middlewares/Third_Party/FreeRTOS/Source/tasks.o
                0x0000000008005f98                xTaskCheckForTimeOut
 .text.vTaskMissedYield
                0x0000000008006010        0xc ./Middlewares/Third_Party/FreeRTOS/Source/tasks.o
                0x0000000008006010                vTaskMissedYield
 .text.xTaskGetSchedulerState
                0x000000000800601c       0x20 ./Middlewares/Third_Party/FreeRTOS/Source/tasks.o
                0x000000000800601c                xTaskGetSchedulerState
 .text.xTaskPriorityDisinherit
                0x000000000800603c       0xa4 ./Middlewares/Third_Party/FreeRTOS/Source/tasks.o
                0x000000000800603c                xTaskPriorityDisinherit
 .text.prvPortStartFirstTask
                0x00000000080060e0       0x28 ./Middlewares/Third_Party/FreeRTOS/Source/portable/GCC/ARM_CM4F/port.o
 .text.vPortEnableVFP
                0x0000000008006108       0x14 ./Middlewares/Third_Party/FreeRTOS/Source/portable/GCC/ARM_CM4F/port.o
 .text.prvTaskExitError
                0x000000000800611c       0x40 ./Middlewares/Third_Party/FreeRTOS/Source/portable/GCC/ARM_CM4F/port.o
 .text.pxPortInitialiseStack
                0x000000000800615c       0x2c ./Middlewares/Third_Party/FreeRTOS/Source/portable/GCC/ARM_CM4F/port.o
                0x000000000800615c                pxPortInitialiseStack
 *fill*         0x0000000008006188        0x8 
 .text.SVC_Handler
                0x0000000008006190       0x24 ./Middlewares/Third_Party/FreeRTOS/Source/portable/GCC/ARM_CM4F/port.o
                0x0000000008006190                SVC_Handler
 .text.vPortEnterCritical
                0x00000000080061b4       0x40 ./Middlewares/Third_Party/FreeRTOS/Source/portable/GCC/ARM_CM4F/port.o
                0x00000000080061b4                vPortEnterCritical
 .text.vPortExitCritical
                0x00000000080061f4       0x28 ./Middlewares/Third_Party/FreeRTOS/Source/portable/GCC/ARM_CM4F/port.o
                0x00000000080061f4                vPortExitCritical
 *fill*         0x000000000800621c        0x4 
 .text.PendSV_Handler
                0x0000000008006220       0x64 ./Middlewares/Third_Party/FreeRTOS/Source/portable/GCC/ARM_CM4F/port.o
                0x0000000008006220                PendSV_Handler
 .text.SysTick_Handler
                0x0000000008006284       0x2c ./Middlewares/Third_Party/FreeRTOS/Source/portable/GCC/ARM_CM4F/port.o
                0x0000000008006284                SysTick_Handler
 .text.vPortSetupTimerInterrupt
                0x00000000080062b0       0x24 ./Middlewares/Third_Party/FreeRTOS/Source/portable/GCC/ARM_CM4F/port.o
                0x00000000080062b0                vPortSetupTimerInterrupt
 .text.xPortStartScheduler
                0x00000000080062d4      0x10c ./Middlewares/Third_Party/FreeRTOS/Source/portable/GCC/ARM_CM4F/port.o
                0x00000000080062d4                xPortStartScheduler
 .text.vPortValidateInterruptPriority
                0x00000000080063e0       0x5c ./Middlewares/Third_Party/FreeRTOS/Source/portable/GCC/ARM_CM4F/port.o
                0x00000000080063e0                vPortValidateInterruptPriority
 .text.prvInsertBlockIntoFreeList
                0x000000000800643c       0x48 ./Middlewares/Third_Party/FreeRTOS/Source/portable/MemMang/heap_4.o
 .text.pvPortMalloc
                0x0000000008006484      0x134 ./Middlewares/Third_Party/FreeRTOS/Source/portable/MemMang/heap_4.o
                0x0000000008006484                pvPortMalloc
 .text.vPortFree
                0x00000000080065b8       0x7c ./Middlewares/Third_Party/FreeRTOS/Source/portable/MemMang/heap_4.o
                0x00000000080065b8                vPortFree
 .text.USBH_UserProcess
                0x0000000008006634       0x24 ./USB_HOST/App/usb_host.o
 .text.MX_USB_HOST_Init
                0x0000000008006658       0x40 ./USB_HOST/App/usb_host.o
                0x0000000008006658                MX_USB_HOST_Init
 .text.HAL_HCD_MspInit
                0x0000000008006698       0x90 ./USB_HOST/Target/usbh_conf.o
                0x0000000008006698                HAL_HCD_MspInit
 .text.HAL_HCD_SOF_Callback
                0x0000000008006728        0x8 ./USB_HOST/Target/usbh_conf.o
                0x0000000008006728                HAL_HCD_SOF_Callback
 .text.HAL_HCD_Connect_Callback
                0x0000000008006730        0x8 ./USB_HOST/Target/usbh_conf.o
                0x0000000008006730                HAL_HCD_Connect_Callback
 .text.HAL_HCD_Disconnect_Callback
                0x0000000008006738        0x8 ./USB_HOST/Target/usbh_conf.o
                0x0000000008006738                HAL_HCD_Disconnect_Callback
 .text.HAL_HCD_HC_NotifyURBChange_Callback
                0x0000000008006740        0x8 ./USB_HOST/Target/usbh_conf.o
                0x0000000008006740                HAL_HCD_HC_NotifyURBChange_Callback
 .text.HAL_HCD_PortEnabled_Callback
                0x0000000008006748        0x8 ./USB_HOST/Target/usbh_conf.o
                0x0000000008006748                HAL_HCD_PortEnabled_Callback
 .text.HAL_HCD_PortDisabled_Callback
                0x0000000008006750        0x8 ./USB_HOST/Target/usbh_conf.o
                0x0000000008006750                HAL_HCD_PortDisabled_Callback
 .text.USBH_LL_Init
                0x0000000008006758       0x54 ./USB_HOST/Target/usbh_conf.o
                0x0000000008006758                USBH_LL_Init
 .text.USBH_LL_GetSpeed
                0x00000000080067ac       0x14 ./USB_HOST/Target/usbh_conf.o
                0x00000000080067ac                USBH_LL_GetSpeed
 .text.USBH_LL_GetLastXferSize
                0x00000000080067c0        0x8 ./USB_HOST/Target/usbh_conf.o
                0x00000000080067c0                USBH_LL_GetLastXferSize
 .text.USBH_LL_GetURBState
                0x00000000080067c8        0x8 ./USB_HOST/Target/usbh_conf.o
                0x00000000080067c8                USBH_LL_GetURBState
 .text.USBH_LL_DriverVBUS
                0x00000000080067d0       0x18 ./USB_HOST/Target/usbh_conf.o
                0x00000000080067d0                USBH_LL_DriverVBUS
 .text.USBH_LL_SetToggle
                0x00000000080067e8       0x1e ./USB_HOST/Target/usbh_conf.o
                0x00000000080067e8                USBH_LL_SetToggle
 .text.USBH_Delay
                0x0000000008006806        0x4 ./USB_HOST/Target/usbh_conf.o
                0x0000000008006806                USBH_Delay
 *fill*         0x000000000800680a        0x2 
 .text.USBH_Get_USB_Status
                0x000000000800680c       0x10 ./USB_HOST/Target/usbh_conf.o
                0x000000000800680c                USBH_Get_USB_Status
 .text.USBH_LL_Start
                0x000000000800681c       0x12 ./USB_HOST/Target/usbh_conf.o
                0x000000000800681c                USBH_LL_Start
 .text.USBH_LL_Stop
                0x000000000800682e       0x12 ./USB_HOST/Target/usbh_conf.o
                0x000000000800682e                USBH_LL_Stop
 .text.USBH_LL_ResetPort
                0x0000000008006840       0x12 ./USB_HOST/Target/usbh_conf.o
                0x0000000008006840                USBH_LL_ResetPort
 .text.USBH_LL_OpenPipe
                0x0000000008006852       0x26 ./USB_HOST/Target/usbh_conf.o
                0x0000000008006852                USBH_LL_OpenPipe
 .text.USBH_LL_ClosePipe
                0x0000000008006878       0x12 ./USB_HOST/Target/usbh_conf.o
                0x0000000008006878                USBH_LL_ClosePipe
 .text.USBH_LL_SubmitURB
                0x000000000800688a       0x2a ./USB_HOST/Target/usbh_conf.o
                0x000000000800688a                USBH_LL_SubmitURB
 .text.MX_DriverVbusHS
                0x00000000080068b4       0x14 ./USB_HOST/Target/usbh_platform.o
                0x00000000080068b4                MX_DriverVbusHS
 .text.__errno  0x00000000080068c8        0xc c:/st/stm32cubeide_1.12.0/stm32cubeide/plugins/com.st.stm32cube.ide.mcu.externaltools.gnu-tools-for-stm32.10.3-2021.10.win32_1.0.200.202301161003/tools/bin/../lib/gcc/arm-none-eabi/10.3.1/../../../../arm-none-eabi/lib/thumb/v7e-m+fp/hard\libc_nano.a(lib_a-errno.o)
                0x00000000080068c8                __errno
 .text.__libc_init_array
                0x00000000080068d4       0x48 c:/st/stm32cubeide_1.12.0/stm32cubeide/plugins/com.st.stm32cube.ide.mcu.externaltools.gnu-tools-for-stm32.10.3-2021.10.win32_1.0.200.202301161003/tools/bin/../lib/gcc/arm-none-eabi/10.3.1/../../../../arm-none-eabi/lib/thumb/v7e-m+fp/hard\libc_nano.a(lib_a-init.o)
                0x00000000080068d4                __libc_init_array
 .text.malloc   0x000000000800691c       0x10 c:/st/stm32cubeide_1.12.0/stm32cubeide/plugins/com.st.stm32cube.ide.mcu.externaltools.gnu-tools-for-stm32.10.3-2021.10.win32_1.0.200.202301161003/tools/bin/../lib/gcc/arm-none-eabi/10.3.1/../../../../arm-none-eabi/lib/thumb/v7e-m+fp/hard\libc_nano.a(lib_a-malloc.o)
                0x000000000800691c                malloc
 .text.free     0x000000000800692c       0x10 c:/st/stm32cubeide_1.12.0/stm32cubeide/plugins/com.st.stm32cube.ide.mcu.externaltools.gnu-tools-for-stm32.10.3-2021.10.win32_1.0.200.202301161003/tools/bin/../lib/gcc/arm-none-eabi/10.3.1/../../../../arm-none-eabi/lib/thumb/v7e-m+fp/hard\libc_nano.a(lib_a-malloc.o)
                0x000000000800692c                free
 .text.memcpy   0x000000000800693c       0x1c c:/st/stm32cubeide_1.12.0/stm32cubeide/plugins/com.st.stm32cube.ide.mcu.externaltools.gnu-tools-for-stm32.10.3-2021.10.win32_1.0.200.202301161003/tools/bin/../lib/gcc/arm-none-eabi/10.3.1/../../../../arm-none-eabi/lib/thumb/v7e-m+fp/hard\libc_nano.a(lib_a-memcpy-stub.o)
                0x000000000800693c                memcpy
 .text.memset   0x0000000008006958       0x10 c:/st/stm32cubeide_1.12.0/stm32cubeide/plugins/com.st.stm32cube.ide.mcu.externaltools.gnu-tools-for-stm32.10.3-2021.10.win32_1.0.200.202301161003/tools/bin/../lib/gcc/arm-none-eabi/10.3.1/../../../../arm-none-eabi/lib/thumb/v7e-m+fp/hard\libc_nano.a(lib_a-memset.o)
                0x0000000008006958                memset
 .text._free_r  0x0000000008006968       0x98 c:/st/stm32cubeide_1.12.0/stm32cubeide/plugins/com.st.stm32cube.ide.mcu.externaltools.gnu-tools-for-stm32.10.3-2021.10.win32_1.0.200.202301161003/tools/bin/../lib/gcc/arm-none-eabi/10.3.1/../../../../arm-none-eabi/lib/thumb/v7e-m+fp/hard\libc_nano.a(lib_a-nano-freer.o)
                0x0000000008006968                _free_r
 .text.sbrk_aligned
                0x0000000008006a00       0x40 c:/st/stm32cubeide_1.12.0/stm32cubeide/plugins/com.st.stm32cube.ide.mcu.externaltools.gnu-tools-for-stm32.10.3-2021.10.win32_1.0.200.202301161003/tools/bin/../lib/gcc/arm-none-eabi/10.3.1/../../../../arm-none-eabi/lib/thumb/v7e-m+fp/hard\libc_nano.a(lib_a-nano-mallocr.o)
 .text._malloc_r
                0x0000000008006a40       0xe8 c:/st/stm32cubeide_1.12.0/stm32cubeide/plugins/com.st.stm32cube.ide.mcu.externaltools.gnu-tools-for-stm32.10.3-2021.10.win32_1.0.200.202301161003/tools/bin/../lib/gcc/arm-none-eabi/10.3.1/../../../../arm-none-eabi/lib/thumb/v7e-m+fp/hard\libc_nano.a(lib_a-nano-mallocr.o)
                0x0000000008006a40                _malloc_r
 .text.printf   0x0000000008006b28       0x30 c:/st/stm32cubeide_1.12.0/stm32cubeide/plugins/com.st.stm32cube.ide.mcu.externaltools.gnu-tools-for-stm32.10.3-2021.10.win32_1.0.200.202301161003/tools/bin/../lib/gcc/arm-none-eabi/10.3.1/../../../../arm-none-eabi/lib/thumb/v7e-m+fp/hard\libc_nano.a(lib_a-printf.o)
                0x0000000008006b28                iprintf
                0x0000000008006b28                printf
 .text._sbrk_r  0x0000000008006b58       0x20 c:/st/stm32cubeide_1.12.0/stm32cubeide/plugins/com.st.stm32cube.ide.mcu.externaltools.gnu-tools-for-stm32.10.3-2021.10.win32_1.0.200.202301161003/tools/bin/../lib/gcc/arm-none-eabi/10.3.1/../../../../arm-none-eabi/lib/thumb/v7e-m+fp/hard\libc_nano.a(lib_a-sbrkr.o)
                0x0000000008006b58                _sbrk_r
 .text.std      0x0000000008006b78       0x48 c:/st/stm32cubeide_1.12.0/stm32cubeide/plugins/com.st.stm32cube.ide.mcu.externaltools.gnu-tools-for-stm32.10.3-2021.10.win32_1.0.200.202301161003/tools/bin/../lib/gcc/arm-none-eabi/10.3.1/../../../../arm-none-eabi/lib/thumb/v7e-m+fp/hard\libc_nano.a(lib_a-findfp.o)
 .text._cleanup_r
                0x0000000008006bc0        0xc c:/st/stm32cubeide_1.12.0/stm32cubeide/plugins/com.st.stm32cube.ide.mcu.externaltools.gnu-tools-for-stm32.10.3-2021.10.win32_1.0.200.202301161003/tools/bin/../lib/gcc/arm-none-eabi/10.3.1/../../../../arm-none-eabi/lib/thumb/v7e-m+fp/hard\libc_nano.a(lib_a-findfp.o)
                0x0000000008006bc0                _cleanup_r
 .text.__sfmoreglue
                0x0000000008006bcc       0x2c c:/st/stm32cubeide_1.12.0/stm32cubeide/plugins/com.st.stm32cube.ide.mcu.externaltools.gnu-tools-for-stm32.10.3-2021.10.win32_1.0.200.202301161003/tools/bin/../lib/gcc/arm-none-eabi/10.3.1/../../../../arm-none-eabi/lib/thumb/v7e-m+fp/hard\libc_nano.a(lib_a-findfp.o)
                0x0000000008006bcc                __sfmoreglue
 .text.__sfp_lock_acquire
                0x0000000008006bf8        0xc c:/st/stm32cubeide_1.12.0/stm32cubeide/plugins/com.st.stm32cube.ide.mcu.externaltools.gnu-tools-for-stm32.10.3-2021.10.win32_1.0.200.202301161003/tools/bin/../lib/gcc/arm-none-eabi/10.3.1/../../../../arm-none-eabi/lib/thumb/v7e-m+fp/hard\libc_nano.a(lib_a-findfp.o)
                0x0000000008006bf8                __sfp_lock_acquire
 .text.__sfp_lock_release
                0x0000000008006c04        0xc c:/st/stm32cubeide_1.12.0/stm32cubeide/plugins/com.st.stm32cube.ide.mcu.externaltools.gnu-tools-for-stm32.10.3-2021.10.win32_1.0.200.202301161003/tools/bin/../lib/gcc/arm-none-eabi/10.3.1/../../../../arm-none-eabi/lib/thumb/v7e-m+fp/hard\libc_nano.a(lib_a-findfp.o)
                0x0000000008006c04                __sfp_lock_release
 .text.__sinit_lock_acquire
                0x0000000008006c10        0xc c:/st/stm32cubeide_1.12.0/stm32cubeide/plugins/com.st.stm32cube.ide.mcu.externaltools.gnu-tools-for-stm32.10.3-2021.10.win32_1.0.200.202301161003/tools/bin/../lib/gcc/arm-none-eabi/10.3.1/../../../../arm-none-eabi/lib/thumb/v7e-m+fp/hard\libc_nano.a(lib_a-findfp.o)
                0x0000000008006c10                __sinit_lock_acquire
 .text.__sinit_lock_release
                0x0000000008006c1c        0xc c:/st/stm32cubeide_1.12.0/stm32cubeide/plugins/com.st.stm32cube.ide.mcu.externaltools.gnu-tools-for-stm32.10.3-2021.10.win32_1.0.200.202301161003/tools/bin/../lib/gcc/arm-none-eabi/10.3.1/../../../../arm-none-eabi/lib/thumb/v7e-m+fp/hard\libc_nano.a(lib_a-findfp.o)
                0x0000000008006c1c                __sinit_lock_release
 .text.__sinit  0x0000000008006c28       0x70 c:/st/stm32cubeide_1.12.0/stm32cubeide/plugins/com.st.stm32cube.ide.mcu.externaltools.gnu-tools-for-stm32.10.3-2021.10.win32_1.0.200.202301161003/tools/bin/../lib/gcc/arm-none-eabi/10.3.1/../../../../arm-none-eabi/lib/thumb/v7e-m+fp/hard\libc_nano.a(lib_a-findfp.o)
                0x0000000008006c28                __sinit
 .text.__sfp    0x0000000008006c98       0x8c c:/st/stm32cubeide_1.12.0/stm32cubeide/plugins/com.st.stm32cube.ide.mcu.externaltools.gnu-tools-for-stm32.10.3-2021.10.win32_1.0.200.202301161003/tools/bin/../lib/gcc/arm-none-eabi/10.3.1/../../../../arm-none-eabi/lib/thumb/v7e-m+fp/hard\libc_nano.a(lib_a-findfp.o)
                0x0000000008006c98                __sfp
 .text._fwalk_reent
                0x0000000008006d24       0x3e c:/st/stm32cubeide_1.12.0/stm32cubeide/plugins/com.st.stm32cube.ide.mcu.externaltools.gnu-tools-for-stm32.10.3-2021.10.win32_1.0.200.202301161003/tools/bin/../lib/gcc/arm-none-eabi/10.3.1/../../../../arm-none-eabi/lib/thumb/v7e-m+fp/hard\libc_nano.a(lib_a-fwalk.o)
                0x0000000008006d24                _fwalk_reent
 .text.__retarget_lock_init_recursive
                0x0000000008006d62        0x2 c:/st/stm32cubeide_1.12.0/stm32cubeide/plugins/com.st.stm32cube.ide.mcu.externaltools.gnu-tools-for-stm32.10.3-2021.10.win32_1.0.200.202301161003/tools/bin/../lib/gcc/arm-none-eabi/10.3.1/../../../../arm-none-eabi/lib/thumb/v7e-m+fp/hard\libc_nano.a(lib_a-lock.o)
                0x0000000008006d62                __retarget_lock_init_recursive
 .text.__retarget_lock_acquire_recursive
                0x0000000008006d64        0x2 c:/st/stm32cubeide_1.12.0/stm32cubeide/plugins/com.st.stm32cube.ide.mcu.externaltools.gnu-tools-for-stm32.10.3-2021.10.win32_1.0.200.202301161003/tools/bin/../lib/gcc/arm-none-eabi/10.3.1/../../../../arm-none-eabi/lib/thumb/v7e-m+fp/hard\libc_nano.a(lib_a-lock.o)
                0x0000000008006d64                __retarget_lock_acquire_recursive
 .text.__retarget_lock_release_recursive
                0x0000000008006d66        0x2 c:/st/stm32cubeide_1.12.0/stm32cubeide/plugins/com.st.stm32cube.ide.mcu.externaltools.gnu-tools-for-stm32.10.3-2021.10.win32_1.0.200.202301161003/tools/bin/../lib/gcc/arm-none-eabi/10.3.1/../../../../arm-none-eabi/lib/thumb/v7e-m+fp/hard\libc_nano.a(lib_a-lock.o)
                0x0000000008006d66                __retarget_lock_release_recursive
 .text.__malloc_lock
                0x0000000008006d68        0xc c:/st/stm32cubeide_1.12.0/stm32cubeide/plugins/com.st.stm32cube.ide.mcu.externaltools.gnu-tools-for-stm32.10.3-2021.10.win32_1.0.200.202301161003/tools/bin/../lib/gcc/arm-none-eabi/10.3.1/../../../../arm-none-eabi/lib/thumb/v7e-m+fp/hard\libc_nano.a(lib_a-mlock.o)
                0x0000000008006d68                __malloc_lock
 .text.__malloc_unlock
                0x0000000008006d74        0xc c:/st/stm32cubeide_1.12.0/stm32cubeide/plugins/com.st.stm32cube.ide.mcu.externaltools.gnu-tools-for-stm32.10.3-2021.10.win32_1.0.200.202301161003/tools/bin/../lib/gcc/arm-none-eabi/10.3.1/../../../../arm-none-eabi/lib/thumb/v7e-m+fp/hard\libc_nano.a(lib_a-mlock.o)
                0x0000000008006d74                __malloc_unlock
 .text.__sfputc_r
                0x0000000008006d80       0x2e c:/st/stm32cubeide_1.12.0/stm32cubeide/plugins/com.st.stm32cube.ide.mcu.externaltools.gnu-tools-for-stm32.10.3-2021.10.win32_1.0.200.202301161003/tools/bin/../lib/gcc/arm-none-eabi/10.3.1/../../../../arm-none-eabi/lib/thumb/v7e-m+fp/hard\libc_nano.a(lib_a-nano-vfprintf.o)
 .text.__sfputs_r
                0x0000000008006dae       0x24 c:/st/stm32cubeide_1.12.0/stm32cubeide/plugins/com.st.stm32cube.ide.mcu.externaltools.gnu-tools-for-stm32.10.3-2021.10.win32_1.0.200.202301161003/tools/bin/../lib/gcc/arm-none-eabi/10.3.1/../../../../arm-none-eabi/lib/thumb/v7e-m+fp/hard\libc_nano.a(lib_a-nano-vfprintf.o)
                0x0000000008006dae                __sfputs_r
 *fill*         0x0000000008006dd2        0x2 
 .text._vfprintf_r
                0x0000000008006dd4      0x260 c:/st/stm32cubeide_1.12.0/stm32cubeide/plugins/com.st.stm32cube.ide.mcu.externaltools.gnu-tools-for-stm32.10.3-2021.10.win32_1.0.200.202301161003/tools/bin/../lib/gcc/arm-none-eabi/10.3.1/../../../../arm-none-eabi/lib/thumb/v7e-m+fp/hard\libc_nano.a(lib_a-nano-vfprintf.o)
                0x0000000008006dd4                _vfprintf_r
                0x0000000008006dd4                _vfiprintf_r
 .text._printf_common
                0x0000000008007034       0xda c:/st/stm32cubeide_1.12.0/stm32cubeide/plugins/com.st.stm32cube.ide.mcu.externaltools.gnu-tools-for-stm32.10.3-2021.10.win32_1.0.200.202301161003/tools/bin/../lib/gcc/arm-none-eabi/10.3.1/../../../../arm-none-eabi/lib/thumb/v7e-m+fp/hard\libc_nano.a(lib_a-nano-vfprintf_i.o)
                0x0000000008007034                _printf_common
 *fill*         0x000000000800710e        0x2 
 .text._printf_i
                0x0000000008007110      0x24c c:/st/stm32cubeide_1.12.0/stm32cubeide/plugins/com.st.stm32cube.ide.mcu.externaltools.gnu-tools-for-stm32.10.3-2021.10.win32_1.0.200.202301161003/tools/bin/../lib/gcc/arm-none-eabi/10.3.1/../../../../arm-none-eabi/lib/thumb/v7e-m+fp/hard\libc_nano.a(lib_a-nano-vfprintf_i.o)
                0x0000000008007110                _printf_i
 .text.__sread  0x000000000800735c       0x22 c:/st/stm32cubeide_1.12.0/stm32cubeide/plugins/com.st.stm32cube.ide.mcu.externaltools.gnu-tools-for-stm32.10.3-2021.10.win32_1.0.200.202301161003/tools/bin/../lib/gcc/arm-none-eabi/10.3.1/../../../../arm-none-eabi/lib/thumb/v7e-m+fp/hard\libc_nano.a(lib_a-stdio.o)
                0x000000000800735c                __sread
 .text.__swrite
                0x000000000800737e       0x38 c:/st/stm32cubeide_1.12.0/stm32cubeide/plugins/com.st.stm32cube.ide.mcu.externaltools.gnu-tools-for-stm32.10.3-2021.10.win32_1.0.200.202301161003/tools/bin/../lib/gcc/arm-none-eabi/10.3.1/../../../../arm-none-eabi/lib/thumb/v7e-m+fp/hard\libc_nano.a(lib_a-stdio.o)
                0x000000000800737e                __swrite
 .text.__sseek  0x00000000080073b6       0x24 c:/st/stm32cubeide_1.12.0/stm32cubeide/plugins/com.st.stm32cube.ide.mcu.externaltools.gnu-tools-for-stm32.10.3-2021.10.win32_1.0.200.202301161003/tools/bin/../lib/gcc/arm-none-eabi/10.3.1/../../../../arm-none-eabi/lib/thumb/v7e-m+fp/hard\libc_nano.a(lib_a-stdio.o)
                0x00000000080073b6                __sseek
 .text.__sclose
                0x00000000080073da        0x8 c:/st/stm32cubeide_1.12.0/stm32cubeide/plugins/com.st.stm32cube.ide.mcu.externaltools.gnu-tools-for-stm32.10.3-2021.10.win32_1.0.200.202301161003/tools/bin/../lib/gcc/arm-none-eabi/10.3.1/../../../../arm-none-eabi/lib/thumb/v7e-m+fp/hard\libc_nano.a(lib_a-stdio.o)
                0x00000000080073da                __sclose
 *fill*         0x00000000080073e2        0x2 
 .text.__swbuf_r
                0x00000000080073e4       0xa4 c:/st/stm32cubeide_1.12.0/stm32cubeide/plugins/com.st.stm32cube.ide.mcu.externaltools.gnu-tools-for-stm32.10.3-2021.10.win32_1.0.200.202301161003/tools/bin/../lib/gcc/arm-none-eabi/10.3.1/../../../../arm-none-eabi/lib/thumb/v7e-m+fp/hard\libc_nano.a(lib_a-wbuf.o)
                0x00000000080073e4                __swbuf_r
 .text._write_r
                0x0000000008007488       0x24 c:/st/stm32cubeide_1.12.0/stm32cubeide/plugins/com.st.stm32cube.ide.mcu.externaltools.gnu-tools-for-stm32.10.3-2021.10.win32_1.0.200.202301161003/tools/bin/../lib/gcc/arm-none-eabi/10.3.1/../../../../arm-none-eabi/lib/thumb/v7e-m+fp/hard\libc_nano.a(lib_a-writer.o)
                0x0000000008007488                _write_r
 .text.__swsetup_r
                0x00000000080074ac       0xdc c:/st/stm32cubeide_1.12.0/stm32cubeide/plugins/com.st.stm32cube.ide.mcu.externaltools.gnu-tools-for-stm32.10.3-2021.10.win32_1.0.200.202301161003/tools/bin/../lib/gcc/arm-none-eabi/10.3.1/../../../../arm-none-eabi/lib/thumb/v7e-m+fp/hard\libc_nano.a(lib_a-wsetup.o)
                0x00000000080074ac                __swsetup_r
 .text._close_r
                0x0000000008007588       0x20 c:/st/stm32cubeide_1.12.0/stm32cubeide/plugins/com.st.stm32cube.ide.mcu.externaltools.gnu-tools-for-stm32.10.3-2021.10.win32_1.0.200.202301161003/tools/bin/../lib/gcc/arm-none-eabi/10.3.1/../../../../arm-none-eabi/lib/thumb/v7e-m+fp/hard\libc_nano.a(lib_a-closer.o)
                0x0000000008007588                _close_r
 .text.__sflush_r
                0x00000000080075a8      0x10c c:/st/stm32cubeide_1.12.0/stm32cubeide/plugins/com.st.stm32cube.ide.mcu.externaltools.gnu-tools-for-stm32.10.3-2021.10.win32_1.0.200.202301161003/tools/bin/../lib/gcc/arm-none-eabi/10.3.1/../../../../arm-none-eabi/lib/thumb/v7e-m+fp/hard\libc_nano.a(lib_a-fflush.o)
                0x00000000080075a8                __sflush_r
 .text._fflush_r
                0x00000000080076b4       0x78 c:/st/stm32cubeide_1.12.0/stm32cubeide/plugins/com.st.stm32cube.ide.mcu.externaltools.gnu-tools-for-stm32.10.3-2021.10.win32_1.0.200.202301161003/tools/bin/../lib/gcc/arm-none-eabi/10.3.1/../../../../arm-none-eabi/lib/thumb/v7e-m+fp/hard\libc_nano.a(lib_a-fflush.o)
                0x00000000080076b4                _fflush_r
 .text._lseek_r
                0x000000000800772c       0x24 c:/st/stm32cubeide_1.12.0/stm32cubeide/plugins/com.st.stm32cube.ide.mcu.externaltools.gnu-tools-for-stm32.10.3-2021.10.win32_1.0.200.202301161003/tools/bin/../lib/gcc/arm-none-eabi/10.3.1/../../../../arm-none-eabi/lib/thumb/v7e-m+fp/hard\libc_nano.a(lib_a-lseekr.o)
                0x000000000800772c                _lseek_r
 .text.__swhatbuf_r
                0x0000000008007750       0x4a c:/st/stm32cubeide_1.12.0/stm32cubeide/plugins/com.st.stm32cube.ide.mcu.externaltools.gnu-tools-for-stm32.10.3-2021.10.win32_1.0.200.202301161003/tools/bin/../lib/gcc/arm-none-eabi/10.3.1/../../../../arm-none-eabi/lib/thumb/v7e-m+fp/hard\libc_nano.a(lib_a-makebuf.o)
                0x0000000008007750                __swhatbuf_r
 *fill*         0x000000000800779a        0x2 
 .text.__smakebuf_r
                0x000000000800779c       0x80 c:/st/stm32cubeide_1.12.0/stm32cubeide/plugins/com.st.stm32cube.ide.mcu.externaltools.gnu-tools-for-stm32.10.3-2021.10.win32_1.0.200.202301161003/tools/bin/../lib/gcc/arm-none-eabi/10.3.1/../../../../arm-none-eabi/lib/thumb/v7e-m+fp/hard\libc_nano.a(lib_a-makebuf.o)
                0x000000000800779c                __smakebuf_r
 .text._read_r  0x000000000800781c       0x24 c:/st/stm32cubeide_1.12.0/stm32cubeide/plugins/com.st.stm32cube.ide.mcu.externaltools.gnu-tools-for-stm32.10.3-2021.10.win32_1.0.200.202301161003/tools/bin/../lib/gcc/arm-none-eabi/10.3.1/../../../../arm-none-eabi/lib/thumb/v7e-m+fp/hard\libc_nano.a(lib_a-readr.o)
                0x000000000800781c                _read_r
 .text._fstat_r
                0x0000000008007840       0x24 c:/st/stm32cubeide_1.12.0/stm32cubeide/plugins/com.st.stm32cube.ide.mcu.externaltools.gnu-tools-for-stm32.10.3-2021.10.win32_1.0.200.202301161003/tools/bin/../lib/gcc/arm-none-eabi/10.3.1/../../../../arm-none-eabi/lib/thumb/v7e-m+fp/hard\libc_nano.a(lib_a-fstatr.o)
                0x0000000008007840                _fstat_r
 .text._isatty_r
                0x0000000008007864       0x20 c:/st/stm32cubeide_1.12.0/stm32cubeide/plugins/com.st.stm32cube.ide.mcu.externaltools.gnu-tools-for-stm32.10.3-2021.10.win32_1.0.200.202301161003/tools/bin/../lib/gcc/arm-none-eabi/10.3.1/../../../../arm-none-eabi/lib/thumb/v7e-m+fp/hard\libc_nano.a(lib_a-isattyr.o)
                0x0000000008007864                _isatty_r
 *(.glue_7)
 .glue_7        0x0000000008007884        0x0 linker stubs
 *(.glue_7t)
 .glue_7t       0x0000000008007884        0x0 linker stubs
 *(.eh_frame)
 .eh_frame      0x0000000008007884        0x0 c:/st/stm32cubeide_1.12.0/stm32cubeide/plugins/com.st.stm32cube.ide.mcu.externaltools.gnu-tools-for-stm32.10.3-2021.10.win32_1.0.200.202301161003/tools/bin/../lib/gcc/arm-none-eabi/10.3.1/thumb/v7e-m+fp/hard/crtbegin.o
 *(.init)
 .init          0x0000000008007884        0x4 c:/st/stm32cubeide_1.12.0/stm32cubeide/plugins/com.st.stm32cube.ide.mcu.externaltools.gnu-tools-for-stm32.10.3-2021.10.win32_1.0.200.202301161003/tools/bin/../lib/gcc/arm-none-eabi/10.3.1/thumb/v7e-m+fp/hard/crti.o
                0x0000000008007884                _init
 .init          0x0000000008007888        0x8 c:/st/stm32cubeide_1.12.0/stm32cubeide/plugins/com.st.stm32cube.ide.mcu.externaltools.gnu-tools-for-stm32.10.3-2021.10.win32_1.0.200.202301161003/tools/bin/../lib/gcc/arm-none-eabi/10.3.1/thumb/v7e-m+fp/hard/crtn.o
 *(.fini)
 .fini          0x0000000008007890        0x4 c:/st/stm32cubeide_1.12.0/stm32cubeide/plugins/com.st.stm32cube.ide.mcu.externaltools.gnu-tools-for-stm32.10.3-2021.10.win32_1.0.200.202301161003/tools/bin/../lib/gcc/arm-none-eabi/10.3.1/thumb/v7e-m+fp/hard/crti.o
                0x0000000008007890                _fini
 .fini          0x0000000008007894        0x8 c:/st/stm32cubeide_1.12.0/stm32cubeide/plugins/com.st.stm32cube.ide.mcu.externaltools.gnu-tools-for-stm32.10.3-2021.10.win32_1.0.200.202301161003/tools/bin/../lib/gcc/arm-none-eabi/10.3.1/thumb/v7e-m+fp/hard/crtn.o
                0x000000000800789c                . = ALIGN (0x4)
                0x000000000800789c                _etext = .

.vfp11_veneer   0x000000000800789c        0x0
 .vfp11_veneer  0x000000000800789c        0x0 linker stubs

.v4_bx          0x000000000800789c        0x0
 .v4_bx         0x000000000800789c        0x0 linker stubs

.iplt           0x000000000800789c        0x0
 .iplt          0x000000000800789c        0x0 c:/st/stm32cubeide_1.12.0/stm32cubeide/plugins/com.st.stm32cube.ide.mcu.externaltools.gnu-tools-for-stm32.10.3-2021.10.win32_1.0.200.202301161003/tools/bin/../lib/gcc/arm-none-eabi/10.3.1/thumb/v7e-m+fp/hard/crtbegin.o

.rodata         0x000000000800789c      0x12c
                0x000000000800789c                . = ALIGN (0x4)
 *(.rodata)
 .rodata        0x000000000800789c       0x1c ./Core/Src/main.o
 .rodata        0x00000000080078b8       0x2c ./Middlewares/ST/STM32_USB_Host_Library/Core/Src/usbh_core.o
 *(.rodata*)
 .rodata.str1.1
                0x00000000080078e4        0xc ./Core/Src/main.o
 .rodata.main.str1.1
                0x00000000080078f0        0x5 ./Core/Src/main.o
 .rodata.AHBPrescTable
                0x00000000080078f5       0x10 ./Core/Src/system_stm32f4xx.o
                0x00000000080078f5                AHBPrescTable
 .rodata.APBPrescTable
                0x0000000008007905        0x8 ./Core/Src/system_stm32f4xx.o
                0x0000000008007905                APBPrescTable
 .rodata.flagBitshiftOffset.0
                0x000000000800790d        0x8 ./Drivers/STM32F4xx_HAL_Driver/Src/stm32f4xx_hal_dma.o
 .rodata.str1.1
                0x0000000008007915        0x4 ./Middlewares/ST/STM32_USB_Host_Library/Class/CDC/Src/usbh_cdc.o
 .rodata.str1.1
                0x0000000008007919        0xc ./Middlewares/ST/STM32_USB_Host_Library/Core/Src/usbh_core.o
 .rodata.vTaskStartScheduler.str1.1
                0x0000000008007925        0x5 ./Middlewares/Third_Party/FreeRTOS/Source/tasks.o
 .rodata.CSWTCH.19
                0x000000000800792a        0x4 ./USB_HOST/Target/usbh_conf.o
 *fill*         0x000000000800792e        0x2 
 .rodata._global_impure_ptr
                0x0000000008007930        0x4 c:/st/stm32cubeide_1.12.0/stm32cubeide/plugins/com.st.stm32cube.ide.mcu.externaltools.gnu-tools-for-stm32.10.3-2021.10.win32_1.0.200.202301161003/tools/bin/../lib/gcc/arm-none-eabi/10.3.1/../../../../arm-none-eabi/lib/thumb/v7e-m+fp/hard\libc_nano.a(lib_a-impure.o)
                0x0000000008007930                _global_impure_ptr
 .rodata.__sf_fake_stderr
                0x0000000008007934       0x20 c:/st/stm32cubeide_1.12.0/stm32cubeide/plugins/com.st.stm32cube.ide.mcu.externaltools.gnu-tools-for-stm32.10.3-2021.10.win32_1.0.200.202301161003/tools/bin/../lib/gcc/arm-none-eabi/10.3.1/../../../../arm-none-eabi/lib/thumb/v7e-m+fp/hard\libc_nano.a(lib_a-findfp.o)
                0x0000000008007934                __sf_fake_stderr
 .rodata.__sf_fake_stdin
                0x0000000008007954       0x20 c:/st/stm32cubeide_1.12.0/stm32cubeide/plugins/com.st.stm32cube.ide.mcu.externaltools.gnu-tools-for-stm32.10.3-2021.10.win32_1.0.200.202301161003/tools/bin/../lib/gcc/arm-none-eabi/10.3.1/../../../../arm-none-eabi/lib/thumb/v7e-m+fp/hard\libc_nano.a(lib_a-findfp.o)
                0x0000000008007954                __sf_fake_stdin
 .rodata.__sf_fake_stdout
                0x0000000008007974       0x20 c:/st/stm32cubeide_1.12.0/stm32cubeide/plugins/com.st.stm32cube.ide.mcu.externaltools.gnu-tools-for-stm32.10.3-2021.10.win32_1.0.200.202301161003/tools/bin/../lib/gcc/arm-none-eabi/10.3.1/../../../../arm-none-eabi/lib/thumb/v7e-m+fp/hard\libc_nano.a(lib_a-findfp.o)
                0x0000000008007974                __sf_fake_stdout
 .rodata._vfprintf_r.str1.1
                0x0000000008007994       0x11 c:/st/stm32cubeide_1.12.0/stm32cubeide/plugins/com.st.stm32cube.ide.mcu.externaltools.gnu-tools-for-stm32.10.3-2021.10.win32_1.0.200.202301161003/tools/bin/../lib/gcc/arm-none-eabi/10.3.1/../../../../arm-none-eabi/lib/thumb/v7e-m+fp/hard\libc_nano.a(lib_a-nano-vfprintf.o)
 .rodata._printf_i.str1.1
                0x00000000080079a5       0x22 c:/st/stm32cubeide_1.12.0/stm32cubeide/plugins/com.st.stm32cube.ide.mcu.externaltools.gnu-tools-for-stm32.10.3-2021.10.win32_1.0.200.202301161003/tools/bin/../lib/gcc/arm-none-eabi/10.3.1/../../../../arm-none-eabi/lib/thumb/v7e-m+fp/hard\libc_nano.a(lib_a-nano-vfprintf_i.o)
                0x00000000080079c8                . = ALIGN (0x4)
 *fill*         0x00000000080079c7        0x1 

.ARM.extab      0x00000000080079c8        0x0
                0x00000000080079c8                . = ALIGN (0x4)
 *(.ARM.extab* .gnu.linkonce.armextab.*)
                0x00000000080079c8                . = ALIGN (0x4)

.ARM            0x00000000080079c8        0x8
                0x00000000080079c8                . = ALIGN (0x4)
                0x00000000080079c8                __exidx_start = .
 *(.ARM.exidx*)
 .ARM.exidx     0x00000000080079c8        0x8 c:/st/stm32cubeide_1.12.0/stm32cubeide/plugins/com.st.stm32cube.ide.mcu.externaltools.gnu-tools-for-stm32.10.3-2021.10.win32_1.0.200.202301161003/tools/bin/../lib/gcc/arm-none-eabi/10.3.1/thumb/v7e-m+fp/hard\libgcc.a(_udivmoddi4.o)
                0x00000000080079d0                __exidx_end = .
                0x00000000080079d0                . = ALIGN (0x4)

.rel.dyn        0x00000000080079d0        0x0
 .rel.iplt      0x00000000080079d0        0x0 c:/st/stm32cubeide_1.12.0/stm32cubeide/plugins/com.st.stm32cube.ide.mcu.externaltools.gnu-tools-for-stm32.10.3-2021.10.win32_1.0.200.202301161003/tools/bin/../lib/gcc/arm-none-eabi/10.3.1/thumb/v7e-m+fp/hard/crtbegin.o

.preinit_array  0x00000000080079d0        0x0
                0x00000000080079d0                . = ALIGN (0x4)
                0x00000000080079d0                PROVIDE (__preinit_array_start = .)
 *(.preinit_array*)
                0x00000000080079d0                PROVIDE (__preinit_array_end = .)
                0x00000000080079d0                . = ALIGN (0x4)

.init_array     0x00000000080079d0        0x4
                0x00000000080079d0                . = ALIGN (0x4)
                0x00000000080079d0                PROVIDE (__init_array_start = .)
 *(SORT_BY_NAME(.init_array.*))
 *(.init_array*)
 .init_array    0x00000000080079d0        0x4 c:/st/stm32cubeide_1.12.0/stm32cubeide/plugins/com.st.stm32cube.ide.mcu.externaltools.gnu-tools-for-stm32.10.3-2021.10.win32_1.0.200.202301161003/tools/bin/../lib/gcc/arm-none-eabi/10.3.1/thumb/v7e-m+fp/hard/crtbegin.o
                0x00000000080079d4                PROVIDE (__init_array_end = .)
                0x00000000080079d4                . = ALIGN (0x4)

.fini_array     0x00000000080079d4        0x4
                0x00000000080079d4                . = ALIGN (0x4)
                [!provide]                        PROVIDE (__fini_array_start = .)
 *(SORT_BY_NAME(.fini_array.*))
 *(.fini_array*)
 .fini_array    0x00000000080079d4        0x4 c:/st/stm32cubeide_1.12.0/stm32cubeide/plugins/com.st.stm32cube.ide.mcu.externaltools.gnu-tools-for-stm32.10.3-2021.10.win32_1.0.200.202301161003/tools/bin/../lib/gcc/arm-none-eabi/10.3.1/thumb/v7e-m+fp/hard/crtbegin.o
                [!provide]                        PROVIDE (__fini_array_end = .)
                0x00000000080079d8                . = ALIGN (0x4)
                0x00000000080079d8                _sidata = LOADADDR (.data)

.data           0x0000000020000000       0x94 load address 0x00000000080079d8
                0x0000000020000000                . = ALIGN (0x4)
                0x0000000020000000                _sdata = .
 *(.data)
 *(.data*)
 .data.SystemCoreClock
                0x0000000020000000        0x4 ./Core/Src/system_stm32f4xx.o
                0x0000000020000000                SystemCoreClock
 .data.uwTickFreq
                0x0000000020000004        0x1 ./Drivers/STM32F4xx_HAL_Driver/Src/stm32f4xx_hal.o
                0x0000000020000004                uwTickFreq
 *fill*         0x0000000020000005        0x3 
 .data.uwTickPrio
                0x0000000020000008        0x4 ./Drivers/STM32F4xx_HAL_Driver/Src/stm32f4xx_hal.o
                0x0000000020000008                uwTickPrio
 .data.CDC_Class
                0x000000002000000c       0x20 ./Middlewares/ST/STM32_USB_Host_Library/Class/CDC/Src/usbh_cdc.o
                0x000000002000000c                CDC_Class
 .data.uxCriticalNesting
                0x000000002000002c        0x4 ./Middlewares/Third_Party/FreeRTOS/Source/portable/GCC/ARM_CM4F/port.o
 .data._impure_ptr
                0x0000000020000030        0x4 c:/st/stm32cubeide_1.12.0/stm32cubeide/plugins/com.st.stm32cube.ide.mcu.externaltools.gnu-tools-for-stm32.10.3-2021.10.win32_1.0.200.202301161003/tools/bin/../lib/gcc/arm-none-eabi/10.3.1/../../../../arm-none-eabi/lib/thumb/v7e-m+fp/hard\libc_nano.a(lib_a-impure.o)
                0x0000000020000030                _impure_ptr
 .data.impure_data
                0x0000000020000034       0x60 c:/st/stm32cubeide_1.12.0/stm32cubeide/plugins/com.st.stm32cube.ide.mcu.externaltools.gnu-tools-for-stm32.10.3-2021.10.win32_1.0.200.202301161003/tools/bin/../lib/gcc/arm-none-eabi/10.3.1/../../../../arm-none-eabi/lib/thumb/v7e-m+fp/hard\libc_nano.a(lib_a-impure.o)
 *(.RamFunc)
 *(.RamFunc*)
                0x0000000020000094                . = ALIGN (0x4)
                0x0000000020000094                _edata = .
                0x0000000008007a6c                _siccmram = LOADADDR (.ccmram)

.igot.plt       0x0000000020000094        0x0 load address 0x0000000008007a6c
 .igot.plt      0x0000000020000094        0x0 c:/st/stm32cubeide_1.12.0/stm32cubeide/plugins/com.st.stm32cube.ide.mcu.externaltools.gnu-tools-for-stm32.10.3-2021.10.win32_1.0.200.202301161003/tools/bin/../lib/gcc/arm-none-eabi/10.3.1/thumb/v7e-m+fp/hard/crtbegin.o

.ccmram         0x0000000010000000        0x0 load address 0x0000000008007a6c
                0x0000000010000000                . = ALIGN (0x4)
                0x0000000010000000                _sccmram = .
 *(.ccmram)
 *(.ccmram*)
                0x0000000010000000                . = ALIGN (0x4)
                0x0000000010000000                _eccmram = .
                0x0000000010000000                . = ALIGN (0x4)

.bss            0x0000000020000094     0xac88
                0x0000000020000094                _sbss = .
                0x0000000020000094                __bss_start__ = _sbss
 *(.bss)
 .bss           0x0000000020000094       0x1c c:/st/stm32cubeide_1.12.0/stm32cubeide/plugins/com.st.stm32cube.ide.mcu.externaltools.gnu-tools-for-stm32.10.3-2021.10.win32_1.0.200.202301161003/tools/bin/../lib/gcc/arm-none-eabi/10.3.1/thumb/v7e-m+fp/hard/crtbegin.o
 *(.bss*)
 .bss.xIdleStack
                0x00000000200000b0      0x200 ./Core/Src/freertos.o
 .bss.xIdleTaskTCBBuffer
                0x00000000200002b0       0x58 ./Core/Src/freertos.o
 .bss.audio_buffer
                0x0000000020000308     0x2000 ./Core/Src/main.o
                0x0000000020000308                audio_buffer
 .bss.defaultTaskHandle
                0x0000000020002308        0x4 ./Core/Src/main.o
                0x0000000020002308                defaultTaskHandle
 .bss.hcrc      0x000000002000230c        0x8 ./Core/Src/main.o
                0x000000002000230c                hcrc
 .bss.hdma_spi3_rx
                0x0000000020002314       0x60 ./Core/Src/main.o
                0x0000000020002314                hdma_spi3_rx
 .bss.hi2s3     0x0000000020002374       0x48 ./Core/Src/main.o
                0x0000000020002374                hi2s3
 .bss.hsdram1   0x00000000200023bc       0x34 ./Core/Src/main.o
                0x00000000200023bc                hsdram1
 .bss.htim1     0x00000000200023f0       0x48 ./Core/Src/main.o
                0x00000000200023f0                htim1
 .bss.huart1    0x0000000020002438       0x44 ./Core/Src/main.o
                0x0000000020002438                huart1
 .bss.FMC_Initialized
                0x000000002000247c        0x4 ./Core/Src/stm32f4xx_hal_msp.o
 .bss.htim6     0x0000000020002480       0x48 ./Core/Src/stm32f4xx_hal_timebase_tim.o
                0x0000000020002480                htim6
 .bss.__sbrk_heap_end
                0x00000000200024c8        0x4 ./Core/Src/sysmem.o
 .bss.uwTick    0x00000000200024cc        0x4 ./Drivers/STM32F4xx_HAL_Driver/Src/stm32f4xx_hal.o
                0x00000000200024cc                uwTick
 .bss.pxCurrentTCB
                0x00000000200024d0        0x4 ./Middlewares/Third_Party/FreeRTOS/Source/tasks.o
                0x00000000200024d0                pxCurrentTCB
 .bss.pxDelayedTaskList
                0x00000000200024d4        0x4 ./Middlewares/Third_Party/FreeRTOS/Source/tasks.o
 .bss.pxOverflowDelayedTaskList
                0x00000000200024d8        0x4 ./Middlewares/Third_Party/FreeRTOS/Source/tasks.o
 .bss.pxReadyTasksLists
                0x00000000200024dc       0x8c ./Middlewares/Third_Party/FreeRTOS/Source/tasks.o
 .bss.uxCurrentNumberOfTasks
                0x0000000020002568        0x4 ./Middlewares/Third_Party/FreeRTOS/Source/tasks.o
 .bss.uxDeletedTasksWaitingCleanUp
                0x000000002000256c        0x4 ./Middlewares/Third_Party/FreeRTOS/Source/tasks.o
 .bss.uxSchedulerSuspended
                0x0000000020002570        0x4 ./Middlewares/Third_Party/FreeRTOS/Source/tasks.o
 .bss.uxTaskNumber
                0x0000000020002574        0x4 ./Middlewares/Third_Party/FreeRTOS/Source/tasks.o
 .bss.uxTopReadyPriority
                0x0000000020002578        0x4 ./Middlewares/Third_Party/FreeRTOS/Source/tasks.o
 .bss.xDelayedTaskList1